Component: ARM Compiler 5.06 update 5 (build 528) Tool: armlink [4d35e2]

==============================================================================

Section Cross References

    startup_stm32f103xe.o(STACK) refers (Special) to heapauxi.o(.text) for __use_two_region_memory
    startup_stm32f103xe.o(HEAP) refers (Special) to heapauxi.o(.text) for __use_two_region_memory
    startup_stm32f103xe.o(RESET) refers (Special) to heapauxi.o(.text) for __use_two_region_memory
    startup_stm32f103xe.o(RESET) refers to startup_stm32f103xe.o(STACK) for __initial_sp
    startup_stm32f103xe.o(RESET) refers to startup_stm32f103xe.o(.text) for Reset_Handler
    startup_stm32f103xe.o(RESET) refers to stm32f1xx_it.o(i.NMI_Handler) for NMI_Handler
    startup_stm32f103xe.o(RESET) refers to stm32f1xx_it.o(i.HardFault_Handler) for HardFault_Handler
    startup_stm32f103xe.o(RESET) refers to stm32f1xx_it.o(i.MemManage_Handler) for MemManage_Handler
    startup_stm32f103xe.o(RESET) refers to stm32f1xx_it.o(i.BusFault_Handler) for BusFault_Handler
    startup_stm32f103xe.o(RESET) refers to stm32f1xx_it.o(i.UsageFault_Handler) for UsageFault_Handler
    startup_stm32f103xe.o(RESET) refers to port.o(.emb_text) for SVC_Handler
    startup_stm32f103xe.o(RESET) refers to stm32f1xx_it.o(i.DebugMon_Handler) for DebugMon_Handler
    startup_stm32f103xe.o(RESET) refers to cmsis_os2.o(i.SysTick_Handler) for SysTick_Handler
    startup_stm32f103xe.o(RESET) refers to stm32f1xx_it.o(i.DMA1_Channel2_IRQHandler) for DMA1_Channel2_IRQHandler
    startup_stm32f103xe.o(RESET) refers to stm32f1xx_it.o(i.DMA1_Channel3_IRQHandler) for DMA1_Channel3_IRQHandler
    startup_stm32f103xe.o(RESET) refers to stm32f1xx_it.o(i.USART3_IRQHandler) for USART3_IRQHandler
    startup_stm32f103xe.o(RESET) refers to stm32f1xx_it.o(i.TIM7_IRQHandler) for TIM7_IRQHandler
    startup_stm32f103xe.o(.text) refers (Special) to heapauxi.o(.text) for __use_two_region_memory
    startup_stm32f103xe.o(.text) refers to system_stm32f1xx.o(i.SystemInit) for SystemInit
    startup_stm32f103xe.o(.text) refers to __main.o(!!!main) for __main
    startup_stm32f103xe.o(.text) refers to startup_stm32f103xe.o(HEAP) for Heap_Mem
    startup_stm32f103xe.o(.text) refers to startup_stm32f103xe.o(STACK) for Stack_Mem
    main.o(i.HAL_TIM_PeriodElapsedCallback) refers to stm32f1xx_hal.o(i.HAL_IncTick) for HAL_IncTick
    main.o(i.SystemClock_Config) refers to rt_memclr_w.o(.text) for __aeabi_memclr4
    main.o(i.SystemClock_Config) refers to stm32f1xx_hal_rcc.o(i.HAL_RCC_OscConfig) for HAL_RCC_OscConfig
    main.o(i.SystemClock_Config) refers to main.o(i.Error_Handler) for Error_Handler
    main.o(i.SystemClock_Config) refers to stm32f1xx_hal_rcc.o(i.HAL_RCC_ClockConfig) for HAL_RCC_ClockConfig
    main.o(i.main) refers to stm32f1xx_hal.o(i.HAL_Init) for HAL_Init
    main.o(i.main) refers to main.o(i.SystemClock_Config) for SystemClock_Config
    main.o(i.main) refers to gpio.o(i.MX_GPIO_Init) for MX_GPIO_Init
    main.o(i.main) refers to dma.o(i.MX_DMA_Init) for MX_DMA_Init
    main.o(i.main) refers to tim.o(i.MX_TIM1_Init) for MX_TIM1_Init
    main.o(i.main) refers to tim.o(i.MX_TIM8_Init) for MX_TIM8_Init
    main.o(i.main) refers to tim.o(i.MX_TIM2_Init) for MX_TIM2_Init
    main.o(i.main) refers to tim.o(i.MX_TIM3_Init) for MX_TIM3_Init
    main.o(i.main) refers to tim.o(i.MX_TIM4_Init) for MX_TIM4_Init
    main.o(i.main) refers to tim.o(i.MX_TIM5_Init) for MX_TIM5_Init
    main.o(i.main) refers to i2c.o(i.MX_I2C1_Init) for MX_I2C1_Init
    main.o(i.main) refers to usart.o(i.MX_USART3_UART_Init) for MX_USART3_UART_Init
    main.o(i.main) refers to bsp_motor.o(i.Motor_PWM_Init) for Motor_PWM_Init
    main.o(i.main) refers to bsp_encoder.o(i.Encoder_Init) for Encoder_Init
    main.o(i.main) refers to cmsis_os2.o(i.osKernelInitialize) for osKernelInitialize
    main.o(i.main) refers to freertos.o(i.MX_FREERTOS_Init) for MX_FREERTOS_Init
    main.o(i.main) refers to cmsis_os2.o(i.osKernelStart) for osKernelStart
    gpio.o(i.MX_GPIO_Init) refers to stm32f1xx_hal_gpio.o(i.HAL_GPIO_WritePin) for HAL_GPIO_WritePin
    gpio.o(i.MX_GPIO_Init) refers to stm32f1xx_hal_gpio.o(i.HAL_GPIO_Init) for HAL_GPIO_Init
    freertos.o(i.EncoderTimerCallback) refers to bsp_encoder.o(i.Encoder_Update_Count) for Encoder_Update_Count
    freertos.o(i.MX_FREERTOS_Init) refers to linewalking.o(i.LineWalking_Task_Init) for LineWalking_Task_Init
    freertos.o(i.MX_FREERTOS_Init) refers to buzzer.o(i.Buzzer_Task_Init) for Buzzer_Task_Init
    freertos.o(i.MX_FREERTOS_Init) refers to blue.o(i.BLUE_Init) for BLUE_Init
    freertos.o(i.MX_FREERTOS_Init) refers to cmsis_os2.o(i.osTimerNew) for osTimerNew
    freertos.o(i.MX_FREERTOS_Init) refers to cmsis_os2.o(i.osTimerStart) for osTimerStart
    freertos.o(i.MX_FREERTOS_Init) refers to cmsis_os2.o(i.osThreadNew) for osThreadNew
    freertos.o(i.MX_FREERTOS_Init) refers to freertos.o(.constdata) for EncoderTimer_attributes
[...]
    g_lineState                              0x200000d0   Data          20  linewalking.o(.data)
    junction_counter                         0x200000e4   Data           1  linewalking.o(.data)
    button_last_state                        0x200000e6   Data           1  linewalking.o(.data)
    button_stable_state                      0x200000e7   Data           1  linewalking.o(.data)
    button_debounce_counter                  0x200000e8   Data           1  linewalking.o(.data)
    left_branch_counter                      0x200000f4   Data           1  linewalking.o(.data)
    right_branch_counter                     0x200000f5   Data           1  linewalking.o(.data)
    left_branch_detected                     0x200000f6   Data           1  linewalking.o(.data)
    right_branch_detected                    0x200000f7   Data           1  linewalking.o(.data)
    crossroad_counter                        0x200000fc   Data           1  linewalking.o(.data)
    crossroad_detected_flag                  0x200000fd   Data           1  linewalking.o(.data)
    stop_beep_flag                           0x20000115   Data           1  linewalking.o(.data)
    .data                                    0x20000116   Section        2  blue.o(.data)
    .bss                                     0x20000118   Section       84  i2c.o(.bss)
    .bss                                     0x2000016c   Section      432  tim.o(.bss)
    .bss                                     0x2000031c   Section      208  usart.o(.bss)
    .bss                                     0x200003ec   Section       72  stm32f1xx_hal_timebase_tim.o(.bss)
    .bss                                     0x20000434   Section       64  queue.o(.bss)
    .bss                                     0x20000474   Section     1220  tasks.o(.bss)
    pxReadyTasksLists                        0x20000474   Data        1120  tasks.o(.bss)
    xDelayedTaskList1                        0x200008d4   Data          20  tasks.o(.bss)
    xDelayedTaskList2                        0x200008e8   Data          20  tasks.o(.bss)
    xPendingReadyList                        0x200008fc   Data          20  tasks.o(.bss)
    xTasksWaitingTermination                 0x20000910   Data          20  tasks.o(.bss)
    xSuspendedTaskList                       0x20000924   Data          20  tasks.o(.bss)
    .bss                                     0x20000938   Section      280  timers.o(.bss)
    xActiveTimerList1                        0x20000938   Data          20  timers.o(.bss)
    xActiveTimerList2                        0x2000094c   Data          20  timers.o(.bss)
    xStaticTimerQueue                        0x20000960   Data          80  timers.o(.bss)
    ucStaticTimerQueueStorage                0x200009b0   Data         160  timers.o(.bss)
    .bss                                     0x20000a50   Section     1720  cmsis_os2.o(.bss)
    Idle_TCB                                 0x20000a50   Data          92  cmsis_os2.o(.bss)
    Idle_Stack                               0x20000aac   Data         512  cmsis_os2.o(.bss)
    Timer_TCB                                0x20000cac   Data          92  cmsis_os2.o(.bss)
    Timer_Stack                              0x20000d08   Data        1024  cmsis_os2.o(.bss)
    .bss                                     0x20001108   Section     3072  heap_4.o(.bss)
    ucHeap                                   0x20001108   Data        3072  heap_4.o(.bss)
    .bss                                     0x20001d08   Section       96  libspace.o(.bss)
    HEAP                                     0x20001d68   Section      512  startup_stm32f103xe.o(HEAP)
    Heap_Mem                                 0x20001d68   Data         512  startup_stm32f103xe.o(HEAP)
    STACK                                    0x20001f68   Section     1024  startup_stm32f103xe.o(STACK)
    Stack_Mem                                0x20001f68   Data        1024  startup_stm32f103xe.o(STACK)
    __initial_sp                             0x20002368   Data           0  startup_stm32f103xe.o(STACK)

    Global Symbols

    Symbol Name                              Value     Ov Type        Size  Object(Section)

    BuildAttributes$$THM_ISAv4$P$D$K$B$S$PE$A:L22UL41UL21$X:L11$S22US41US21$IEEE1$IW$USESV6$~STKCKD$USESV7$~SHL$OSPACE$ROPI$EBA8$UX$STANDARDLIB$REQ8$PRES8$EABIv2 0x00000000   Number         0  anon$$obj.o ABSOLUTE
    __ARM_use_no_argv                        0x00000000   Number         0  main.o ABSOLUTE
    _printf_flags                            0x00000000   Number         0  printf_stubs.o ABSOLUTE
    _printf_return_value                     0x00000000   Number         0  printf_stubs.o ABSOLUTE
    _printf_sizespec                         0x00000000   Number         0  printf_stubs.o ABSOLUTE
    _printf_widthprec                        0x00000000   Number         0  printf_stubs.o ABSOLUTE
    __ARM_exceptions_init                     - Undefined Weak Reference
    __alloca_initialize                       - Undefined Weak Reference
    __arm_preinit_                            - Undefined Weak Reference
    __cpp_initialize__aeabi_                  - Undefined Weak Reference
    __cxa_finalize                            - Undefined Weak Reference
    __rt_locale                               - Undefined Weak Reference
    __sigvec_lookup                           - Undefined Weak Reference
    _atexit_init                              - Undefined Weak Reference
    _call_atexit_fns                          - Undefined Weak Reference
    _clock_init                               - Undefined Weak Reference
    _fp_trap_init                             - Undefined Weak Reference
    _fp_trap_shutdown                         - Undefined Weak Reference
    _get_lc_collate                           - Undefined Weak Reference
    _get_lc_ctype                             - Undefined Weak Reference
    _get_lc_monetary                          - Undefined Weak Reference
    _get_lc_numeric                           - Undefined Weak Reference
    _get_lc_time                              - Undefined Weak Reference
    _getenv_init                              - Undefined Weak Reference
    _handle_redirection                       - Undefined Weak Reference
    _init_alloc                               - Undefined Weak Reference
    _init_user_alloc                          - Undefined Weak Reference
    _initio                                   - Undefined Weak Reference
    _printf_post_padding                      - Undefined Weak Reference
    _printf_pre_padding                       - Undefined Weak Reference
    _printf_truncate_signed                   - Undefined Weak Reference
    _printf_truncate_unsigned                 - Undefined Weak Reference
    _rand_init                                - Undefined Weak Reference
    _signal_finish                            - Undefined Weak Reference
    _signal_init                              - Undefined Weak Reference
    _terminate_alloc                          - Undefined Weak Reference
    _terminate_user_alloc                     - Undefined Weak Reference
    _terminateio                              - Undefined Weak Reference
    __Vectors_Size                           0x00000130   Number         0  startup_stm32f103xe.o ABSOLUTE
    __Vectors                                0x08000000   Data           4  startup_stm32f103xe.o(RESET)
    __Vectors_End                            0x08000130   Data           0  startup_stm32f103xe.o(RESET)
    __main                                   0x08000131   Thumb Code     8  __main.o(!!!main)
    __scatterload                            0x08000139   Thumb Code     0  __scatter.o(!!!scatter)
    __scatterload_rt2                        0x08000139   Thumb Code    44  __scatter.o(!!!scatter)
    __scatterload_rt2_thumb_only             0x08000139   Thumb Code     0  __scatter.o(!!!scatter)
    __scatterload_null                       0x08000147   Thumb Code     0  __scatter.o(!!!scatter)
    __scatterload_copy                       0x0800016d   Thumb Code    26  __scatter_copy.o(!!handler_copy)
    __scatterload_zeroinit                   0x08000189   Thumb Code    28  __scatter_zi.o(!!handler_zi)
    _printf_d                                0x080001a5   Thumb Code     0  _printf_d.o(.ARM.Collect$$_printf_percent$$00000009)
    _printf_percent                          0x080001a5   Thumb Code     0  _printf_percent.o(.ARM.Collect$$_printf_percent$$00000000)
    _printf_u                                0x080001ab   Thumb Code     0  _printf_u.o(.ARM.Collect$$_printf_percent$$0000000A)
    _printf_percent_end                      0x080001b1   Thumb Code     0  _printf_percent_end.o(.ARM.Collect$$_printf_percent$$00000017)
    __rt_lib_init                            0x080001b5   Thumb Code     0  libinit.o(.ARM.Collect$$libinit$$00000000)
    __rt_lib_init_alloca_1                   0x080001b7   Thumb Code     0  libinit2.o(.ARM.Collect$$libinit$$0000002E)
    __rt_lib_init_argv_1                     0x080001b7   Thumb Code     0  libinit2.o(.ARM.Collect$$libinit$$0000002C)
    __rt_lib_init_atexit_1                   0x080001b7   Thumb Code     0  libinit2.o(.ARM.Collect$$libinit$$0000001B)
    __rt_lib_init_clock_1                    0x080001b7   Thumb Code     0  libinit2.o(.ARM.Collect$$libinit$$00000021)
    __rt_lib_init_cpp_1                      0x080001b7   Thumb Code     0  libinit2.o(.ARM.Collect$$libinit$$00000032)
    __rt_lib_init_exceptions_1               0x080001b7   Thumb Code     0  libinit2.o(.ARM.Collect$$libinit$$00000030)
    __rt_lib_init_fp_1                       0x080001b7   Thumb Code     0  libinit2.o(.ARM.Collect$$libinit$$00000002)
    __rt_lib_init_fp_trap_1                  0x080001b7   Thumb Code     0  libinit2.o(.ARM.Collect$$libinit$$0000001F)
    __rt_lib_init_getenv_1                   0x080001b7   Thumb Code     0  libinit2.o(.ARM.Collect$$libinit$$00000023)
    __rt_lib_init_heap_1                     0x080001b7   Thumb Code     0  libinit2.o(.ARM.Collect$$libinit$$0000000A)
    __rt_lib_init_lc_collate_1               0x080001b7   Thumb Code     0  libinit2.o(.ARM.Collect$$libinit$$00000011)
    __rt_lib_init_lc_ctype_1                 0x080001b7   Thumb Code     0  libinit2.o(.ARM.Collect$$libinit$$00000013)
    __rt_lib_init_lc_monetary_1              0x080001b7   Thumb Code     0  libinit2.o(.ARM.Collect$$libinit$$00000015)
    __rt_lib_init_lc_numeric_1               0x080001b7   Thumb Code     0  libinit2.o(.ARM.Collect$$libinit$$00000017)
    __rt_lib_init_lc_time_1                  0x080001b7   Thumb Code     0  libinit2.o(.ARM.Collect$$libinit$$00000019)
    __rt_lib_init_preinit_1                  0x080001b7   Thumb Code     0  libinit2.o(.ARM.Collect$$libinit$$00000004)
    __rt_lib_init_rand_1                     0x080001b7   Thumb Code     0  libinit2.o(.ARM.Collect$$libinit$$0000000E)
    __rt_lib_init_return                     0x080001b7   Thumb Code     0  libinit2.o(.ARM.Collect$$libinit$$00000033)
    __rt_lib_init_signal_1                   0x080001b7   Thumb Code     0  libinit2.o(.ARM.Collect$$libinit$$0000001D)
    __rt_lib_init_stdio_1                    0x080001b7   Thumb Code     0  libinit2.o(.ARM.Collect$$libinit$$00000025)
    __rt_lib_init_user_alloc_1               0x080001b7   Thumb Code     0  libinit2.o(.ARM.Collect$$libinit$$0000000C)
    __rt_lib_shutdown                        0x080001b9   Thumb Code     0  libshutdown.o(.ARM.Collect$$libshutdown$$00000000)
    __rt_lib_shutdown_cpp_1                  0x080001bb   Thumb Code     0  libshutdown2.o(.ARM.Collect$$libshutdown$$00000002)
    __rt_lib_shutdown_fp_trap_1              0x080001bb   Thumb Code     0  libshutdown2.o(.ARM.Collect$$libshutdown$$00000007)
    __rt_lib_shutdown_heap_1                 0x080001bb   Thumb Code     0  libshutdown2.o(.ARM.Collect$$libshutdown$$0000000F)
    __rt_lib_shutdown_return                 0x080001bb   Thumb Code     0  libshutdown2.o(.ARM.Collect$$libshutdown$$00000010)
    __rt_lib_shutdown_signal_1               0x080001bb   Thumb Code     0  libshutdown2.o(.ARM.Collect$$libshutdown$$0000000A)
    __rt_lib_shutdown_stdio_1                0x080001bb   Thumb Code     0  libshutdown2.o(.ARM.Collect$$libshutdown$$00000004)
    __rt_lib_shutdown_user_alloc_1           0x080001bb   Thumb Code     0  libshutdown2.o(.ARM.Collect$$libshutdown$$0000000C)
    __rt_entry                               0x080001bd   Thumb Code     0  __rtentry.o(.ARM.Collect$$rtentry$$00000000)
    __rt_entry_presh_1                       0x080001bd   Thumb Code     0  __rtentry2.o(.ARM.Collect$$rtentry$$00000002)
    __rt_entry_sh                            0x080001bd   Thumb Code     0  __rtentry4.o(.ARM.Collect$$rtentry$$00000004)
    __rt_entry_li                            0x080001c3   Thumb Code     0  __rtentry2.o(.ARM.Collect$$rtentry$$0000000A)
    __rt_entry_postsh_1                      0x080001c3   Thumb Code     0  __rtentry2.o(.ARM.Collect$$rtentry$$00000009)
    __rt_entry_main                          0x080001c7   Thumb Code     0  __rtentry2.o(.ARM.Collect$$rtentry$$0000000D)
    __rt_entry_postli_1                      0x080001c7   Thumb Code     0  __rtentry2.o(.ARM.Collect$$rtentry$$0000000C)
    __rt_exit                                0x080001cf   Thumb Code     0  rtexit.o(.ARM.Collect$$rtexit$$00000000)
    __rt_exit_ls                             0x080001d1   Thumb Code     0  rtexit2.o(.ARM.Collect$$rtexit$$00000003)
    __rt_exit_prels_1                        0x080001d1   Thumb Code     0  rtexit2.o(.ARM.Collect$$rtexit$$00000002)
    __rt_exit_exit                           0x080001d5   Thumb Code     0  rtexit2.o(.ARM.Collect$$rtexit$$00000004)
    SVC_Handler                              0x080001dd   Thumb Code    32  port.o(.emb_text)
    __asm___6_port_c_39a90d8d__prvStartFirstTask 0x08000201   Thumb Code    28  port.o(.emb_text)
    PendSV_Handler                           0x08000221   Thumb Code    72  port.o(.emb_text)
    vPortGetIPSR                             0x0800026d   Thumb Code     6  port.o(.emb_text)
    Reset_Handler                            0x08000275   Thumb Code     8  startup_stm32f103xe.o(.text)
    ADC1_2_IRQHandler                        0x0800028f   Thumb Code     0  startup_stm32f103xe.o(.text)
    ADC3_IRQHandler                          0x0800028f   Thumb Code     0  startup_stm32f103xe.o(.text)
    CAN1_RX1_IRQHandler                      0x0800028f   Thumb Code     0  startup_stm32f103xe.o(.text)
    CAN1_SCE_IRQHandler                      0x0800028f   Thumb Code     0  startup_stm32f103xe.o(.text)
    DMA1_Channel1_IRQHandler                 0x0800028f   Thumb Code     0  startup_stm32f103xe.o(.text)
    DMA1_Channel4_IRQHandler                 0x0800028f   Thumb Code     0  startup_stm32f103xe.o(.text)
    DMA1_Channel5_IRQHandler                 0x0800028f   Thumb Code     0  startup_stm32f103xe.o(.text)
    DMA1_Channel6_IRQHandler                 0x0800028f   Thumb Code     0  startup_stm32f103xe.o(.text)
    DMA1_Channel7_IRQHandler                 0x0800028f   Thumb Code     0  startup_stm32f103xe.o(.text)
    DMA2_Channel1_IRQHandler                 0x0800028f   Thumb Code     0  startup_stm32f103xe.o(.text)
    DMA2_Channel2_IRQHandler                 0x0800028f   Thumb Code     0  startup_stm32f103xe.o(.text)
    DMA2_Channel3_IRQHandler                 0x0800028f   Thumb Code     0  startup_stm32f103xe.o(.text)
    DMA2_Channel4_5_IRQHandler               0x0800028f   Thumb Code     0  startup_stm32f103xe.o(.text)
    EXTI0_IRQHandler                         0x0800028f   Thumb Code     0  startup_stm32f103xe.o(.text)
    EXTI15_10_IRQHandler                     0x0800028f   Thumb Code     0  startup_stm32f103xe.o(.text)
    EXTI1_IRQHandler                         0x0800028f   Thumb Code     0  startup_stm32f103xe.o(.text)
    EXTI2_IRQHandler                         0x0800028f   Thumb Code     0  startup_stm32f103xe.o(.text)
    EXTI3_IRQHandler                         0x0800028f   Thumb Code     0  startup_stm32f103xe.o(.text)
    EXTI4_IRQHandler                         0x0800028f   Thumb Code     0  startup_stm32f103xe.o(.text)
    EXTI9_5_IRQHandler                       0x0800028f   Thumb Code     0  startup_stm32f103xe.o(.text)
    FLASH_IRQHandler                         0x0800028f   Thumb Code     0  startup_stm32f103xe.o(.text)
    FSMC_IRQHandler                          0x0800028f   Thumb Code     0  startup_stm32f103xe.o(.text)
    I2C1_ER_IRQHandler                       0x0800028f   Thumb Code     0  startup_stm32f103xe.o(.text)
    I2C1_EV_IRQHandler                       0x0800028f   Thumb Code     0  startup_stm32f103xe.o(.text)
    I2C2_ER_IRQHandler                       0x0800028f   Thumb Code     0  startup_stm32f103xe.o(.text)
    I2C2_EV_IRQHandler                       0x0800028f   Thumb Code     0  startup_stm32f103xe.o(.text)
    PVD_IRQHandler                           0x0800028f   Thumb Code     0  startup_stm32f103xe.o(.text)
    RCC_IRQHandler                           0x0800028f   Thumb Code     0  startup_stm32f103xe.o(.text)
    RTC_Alarm_IRQHandler                     0x0800028f   Thumb Code     0  startup_stm32f103xe.o(.text)
    RTC_IRQHandler                           0x0800028f   Thumb Code     0  startup_stm32f103xe.o(.text)
    SDIO_IRQHandler                          0x0800028f   Thumb Code     0  startup_stm32f103xe.o(.text)
    SPI1_IRQHandler                          0x0800028f   Thumb Code     0  startup_stm32f103xe.o(.text)
    SPI2_IRQHandler                          0x0800028f   Thumb Code     0  startup_stm32f103xe.o(.text)
    SPI3_IRQHandler                          0x0800028f   Thumb Code     0  startup_stm32f103xe.o(.text)
    TAMPER_IRQHandler                        0x0800028f   Thumb Code     0  startup_stm32f103xe.o(.text)
    TIM1_BRK_IRQHandler                      0x0800028f   Thumb Code     0  startup_stm32f103xe.o(.text)
    TIM1_CC_IRQHandler                       0x0800028f   Thumb Code     0  startup_stm32f103xe.o(.text)
    TIM1_TRG_COM_IRQHandler                  0x0800028f   Thumb Code     0  startup_stm32f103xe.o(.text)
    TIM1_UP_IRQHandler                       0x0800028f   Thumb Code     0  startup_stm32f103xe.o(.text)
    TIM2_IRQHandler                          0x0800028f   Thumb Code     0  startup_stm32f103xe.o(.text)
    TIM3_IRQHandler                          0x0800028f   Thumb Code     0  startup_stm32f103xe.o(.text)
    TIM4_IRQHandler                          0x0800028f   Thumb Code     0  startup_stm32f103xe.o(.text)
    TIM5_IRQHandler                          0x0800028f   Thumb Code     0  startup_stm32f103xe.o(.text)
    TIM6_IRQHandler                          0x0800028f   Thumb Code     0  startup_stm32f103xe.o(.text)
    TIM8_BRK_IRQHandler                      0x0800028f   Thumb Code     0  startup_stm32f103xe.o(.text)
    TIM8_CC_IRQHandler                       0x0800028f   Thumb Code     0  startup_stm32f103xe.o(.text)
    TIM8_TRG_COM_IRQHandler                  0x0800028f   Thumb Code     0  startup_stm32f103xe.o(.text)
    TIM8_UP_IRQHandler                       0x0800028f   Thumb Code     0  startup_stm32f103xe.o(.text)
    UART4_IRQHandler                         0x0800028f   Thumb Code     0  startup_stm32f103xe.o(.text)
    UART5_IRQHandler                         0x0800028f   Thumb Code     0  startup_stm32f103xe.o(.text)
    USART1_IRQHandler                        0x0800028f   Thumb Code     0  startup_stm32f103xe.o(.text)
    USART2_IRQHandler                        0x0800028f   Thumb Code     0  startup_stm32f103xe.o(.text)
    USBWakeUp_IRQHandler                     0x0800028f   Thumb Code     0  startup_stm32f103xe.o(.text)
    USB_HP_CAN1_TX_IRQHandler                0x0800028f   Thumb Code     0  startup_stm32f103xe.o(.text)
    USB_LP_CAN1_RX0_IRQHandler               0x0800028f   Thumb Code     0  startup_stm32f103xe.o(.text)
    WWDG_IRQHandler                          0x0800028f   Thumb Code     0  startup_stm32f103xe.o(.text)
    __user_initial_stackheap                 0x08000291   Thumb Code     0  startup_stm32f103xe.o(.text)
    __2sprintf                               0x080002b5   Thumb Code    34  noretval__2sprintf.o(.text)
    _printf_int_dec                          0x080002dd   Thumb Code   104  _printf_dec.o(.text)
    __printf                                 0x08000355   Thumb Code   184  __printf_ss.o(.text)
    __aeabi_memcpy                           0x0800040d   Thumb Code     0  rt_memcpy_v6.o(.text)
    __rt_memcpy                              0x0800040d   Thumb Code   138  rt_memcpy_v6.o(.text)
    _memcpy_lastbytes                        0x08000473   Thumb Code     0  rt_memcpy_v6.o(.text)
    __aeabi_memcpy4                          0x08000497   Thumb Code     0  rt_memcpy_w.o(.text)
    __aeabi_memcpy8                          0x08000497   Thumb Code     0  rt_memcpy_w.o(.text)
    __rt_memcpy_w                            0x08000497   Thumb Code   100  rt_memcpy_w.o(.text)
    _memcpy_lastbytes_aligned                0x080004df   Thumb Code     0  rt_memcpy_w.o(.text)
    __aeabi_memset                           0x080004fb   Thumb Code    16  aeabi_memset.o(.text)
    __aeabi_memclr4                          0x0800050b   Thumb Code     0  rt_memclr_w.o(.text)
    __aeabi_memclr8                          0x0800050b   Thumb Code     0  rt_memclr_w.o(.text)
    __rt_memclr_w                            0x0800050b   Thumb Code    78  rt_memclr_w.o(.text)
    _memset_w                                0x0800050f   Thumb Code     0  rt_memclr_w.o(.text)
    __use_two_region_memory                  0x08000559   Thumb Code     2  heapauxi.o(.text)
    __rt_heap_escrow$2region                 0x0800055b   Thumb Code     2  heapauxi.o(.text)
    __rt_heap_expand$2region                 0x0800055d   Thumb Code     2  heapauxi.o(.text)
    _printf_int_common                       0x0800055f   Thumb Code   178  _printf_intcommon.o(.text)
    _printf_char_common                      0x0800061b   Thumb Code    32  _printf_char_common.o(.text)
    _sputc                                   0x08000641   Thumb Code    10  _sputc.o(.text)
    __aeabi_memclr                           0x0800064b   Thumb Code     0  rt_memclr.o(.text)
    __rt_memclr                              0x0800064b   Thumb Code    68  rt_memclr.o(.text)
    _memset                                  0x0800064f   Thumb Code     0  rt_memclr.o(.text)
    __user_setup_stackheap                   0x0800068f   Thumb Code    74  sys_stackheap_outer.o(.text)
    exit                                     0x080006d9   Thumb Code    18  exit.o(.text)
    __user_libspace                          0x080006ed   Thumb Code     8  libspace.o(.text)
    __user_perproc_libspace                  0x080006ed   Thumb Code     0  libspace.o(.text)
    __user_perthread_libspace                0x080006ed   Thumb Code     0  libspace.o(.text)
    _sys_exit                                0x080006f5   Thumb Code     8  sys_exit.o(.text)
    __I$use$semihosting                      0x08000701   Thumb Code     0  use_no_semi.o(.text)
    __use_no_semihosting_swi                 0x08000701   Thumb Code     2  use_no_semi.o(.text)
    __semihosting_library_function           0x08000703   Thumb Code     0  indicate_semi.o(.text)
    BLUE_Init                                0x08000705   Thumb Code    14  blue.o(i.BLUE_Init)
    BLUE_Process                             0x0800071d   Thumb Code   100  blue.o(i.BLUE_Process)
    BLUE_RxCpltCallback                      0x08000799   Thumb Code    38  blue.o(i.BLUE_RxCpltCallback)
    BusFault_Handler                         0x080007d1   Thumb Code     4  stm32f1xx_it.o(i.BusFault_Handler)
    Buzzer_Init                              0x080007d5   Thumb Code    16  buzzer.o(i.Buzzer_Init)
    Buzzer_LongBeep                          0x080007e9   Thumb Code    30  buzzer.o(i.Buzzer_LongBeep)
    Buzzer_SetState                          0x08000815   Thumb Code    26  buzzer.o(i.Buzzer_SetState)
    Buzzer_ShortBeep                         0x08000835   Thumb Code    30  buzzer.o(i.Buzzer_ShortBeep)
    Buzzer_Task_Init                         0x08000861   Thumb Code    28  buzzer.o(i.Buzzer_Task_Init)
    DMA1_Channel2_IRQHandler                 0x08000885   Thumb Code    10  stm32f1xx_it.o(i.DMA1_Channel2_IRQHandler)
    DMA1_Channel3_IRQHandler                 0x08000895   Thumb Code    10  stm32f1xx_it.o(i.DMA1_Channel3_IRQHandler)
    DebugMon_Handler                         0x080008d1   Thumb Code     2  stm32f1xx_it.o(i.DebugMon_Handler)
    EncoderTimerCallback                     0x080008d3   Thumb Code    10  freertos.o(i.EncoderTimerCallback)
    Encoder_Init                             0x080008dd   Thumb Code    64  bsp_encoder.o(i.Encoder_Init)
    Encoder_Read_CNT                         0x0800092d   Thumb Code   140  bsp_encoder.o(i.Encoder_Read_CNT)
    Encoder_Update_Count                     0x080009c9   Thumb Code    68  bsp_encoder.o(i.Encoder_Update_Count)
    Error_Handler                            0x08000a1d   Thumb Code     6  main.o(i.Error_Handler)
    ExecuteMotion                            0x08000a25   Thumb Code   326  linewalking.o(i.ExecuteMotion)
    GetLineWalking                           0x08000b85   Thumb Code    52  linewalking.o(i.GetLineWalking)
    HAL_DMA_Abort                            0x08000bbd   Thumb Code    86  stm32f1xx_hal_dma.o(i.HAL_DMA_Abort)
    HAL_DMA_Abort_IT                         0x08000c15   Thumb Code   414  stm32f1xx_hal_dma.o(i.HAL_DMA_Abort_IT)
    HAL_DMA_IRQHandler                       0x08000dbd   Thumb Code   910  stm32f1xx_hal_dma.o(i.HAL_DMA_IRQHandler)
    HAL_DMA_Init                             0x08001155   Thumb Code   132  stm32f1xx_hal_dma.o(i.HAL_DMA_Init)
    HAL_DMA_Start_IT                         0x080011e1   Thumb Code   156  stm32f1xx_hal_dma.o(i.HAL_DMA_Start_IT)
    HAL_Delay                                0x0800127d   Thumb Code    36  stm32f1xx_hal.o(i.HAL_Delay)
    HAL_GPIO_Init                            0x080012a5   Thumb Code   792  stm32f1xx_hal_gpio.o(i.HAL_GPIO_Init)
    HAL_GPIO_ReadPin                         0x080015e5   Thumb Code    16  stm32f1xx_hal_gpio.o(i.HAL_GPIO_ReadPin)
    HAL_GPIO_WritePin                        0x080015f5   Thumb Code    12  stm32f1xx_hal_gpio.o(i.HAL_GPIO_WritePin)
    HAL_GetTick                              0x08001601   Thumb Code     6  stm32f1xx_hal.o(i.HAL_GetTick)
    HAL_I2C_Init                             0x0800160d   Thumb Code   446  stm32f1xx_hal_i2c.o(i.HAL_I2C_Init)
    HAL_I2C_Master_Transmit                  0x080017dd   Thumb Code   360  stm32f1xx_hal_i2c.o(i.HAL_I2C_Master_Transmit)
    HAL_I2C_MspInit                          0x0800194d   Thumb Code   124  i2c.o(i.HAL_I2C_MspInit)
    HAL_IncTick                              0x080019d9   Thumb Code    16  stm32f1xx_hal.o(i.HAL_IncTick)
    HAL_Init                                 0x080019f1   Thumb Code    34  stm32f1xx_hal.o(i.HAL_Init)
    HAL_InitTick                             0x08001a19   Thumb Code   158  stm32f1xx_hal_timebase_tim.o(i.HAL_InitTick)
    HAL_MspInit                              0x08001acd   Thumb Code    86  stm32f1xx_hal_msp.o(i.HAL_MspInit)
    HAL_NVIC_EnableIRQ                       0x08001b2d   Thumb Code    32  stm32f1xx_hal_cortex.o(i.HAL_NVIC_EnableIRQ)
    HAL_NVIC_SetPriority                     0x08001b4d   Thumb Code   124  stm32f1xx_hal_cortex.o(i.HAL_NVIC_SetPriority)
    HAL_NVIC_SetPriorityGrouping             0x08001bc9   Thumb Code    32  stm32f1xx_hal_cortex.o(i.HAL_NVIC_SetPriorityGrouping)
    HAL_RCC_ClockConfig                      0x08001bf1   Thumb Code   376  stm32f1xx_hal_rcc.o(i.HAL_RCC_ClockConfig)
    HAL_RCC_GetClockConfig                   0x08001d7d   Thumb Code    58  stm32f1xx_hal_rcc.o(i.HAL_RCC_GetClockConfig)
    HAL_RCC_GetHCLKFreq                      0x08001dc1   Thumb Code     6  stm32f1xx_hal_rcc.o(i.HAL_RCC_GetHCLKFreq)
    HAL_RCC_GetPCLK1Freq                     0x08001dcd   Thumb Code    22  stm32f1xx_hal_rcc.o(i.HAL_RCC_GetPCLK1Freq)
    HAL_RCC_GetPCLK2Freq                     0x08001ded   Thumb Code    22  stm32f1xx_hal_rcc.o(i.HAL_RCC_GetPCLK2Freq)
    HAL_RCC_GetSysClockFreq                  0x08001e0d   Thumb Code    92  stm32f1xx_hal_rcc.o(i.HAL_RCC_GetSysClockFreq)
    HAL_RCC_OscConfig                        0x08001e7d   Thumb Code  1114  stm32f1xx_hal_rcc.o(i.HAL_RCC_OscConfig)
    HAL_TIMEx_BreakCallback                  0x080022e1   Thumb Code     2  stm32f1xx_hal_tim_ex.o(i.HAL_TIMEx_BreakCallback)
    HAL_TIMEx_CommutCallback                 0x080022e3   Thumb Code     2  stm32f1xx_hal_tim_ex.o(i.HAL_TIMEx_CommutCallback)
    HAL_TIMEx_ConfigBreakDeadTime            0x080022e5   Thumb Code   116  stm32f1xx_hal_tim_ex.o(i.HAL_TIMEx_ConfigBreakDeadTime)
    HAL_TIMEx_MasterConfigSynchronization    0x08002359   Thumb Code   134  stm32f1xx_hal_tim_ex.o(i.HAL_TIMEx_MasterConfigSynchronization)
    HAL_TIM_Base_Init                        0x080023f5   Thumb Code   102  stm32f1xx_hal_tim.o(i.HAL_TIM_Base_Init)
    HAL_TIM_Base_MspInit                     0x0800245d   Thumb Code    76  tim.o(i.HAL_TIM_Base_MspInit)
    HAL_TIM_Base_Start_IT                    0x080024b5   Thumb Code   122  stm32f1xx_hal_tim.o(i.HAL_TIM_Base_Start_IT)
    HAL_TIM_ConfigClockSource                0x08002545   Thumb Code   268  stm32f1xx_hal_tim.o(i.HAL_TIM_ConfigClockSource)
    HAL_TIM_Encoder_Init                     0x08002651   Thumb Code   196  stm32f1xx_hal_tim.o(i.HAL_TIM_Encoder_Init)
    HAL_TIM_Encoder_MspInit                  0x08002715   Thumb Code   412  tim.o(i.HAL_TIM_Encoder_MspInit)
    HAL_TIM_Encoder_Start                    0x080028cd   Thumb Code   204  stm32f1xx_hal_tim.o(i.HAL_TIM_Encoder_Start)
    HAL_TIM_IC_CaptureCallback               0x08002999   Thumb Code     2  stm32f1xx_hal_tim.o(i.HAL_TIM_IC_CaptureCallback)
    HAL_TIM_IRQHandler                       0x0800299b   Thumb Code   364  stm32f1xx_hal_tim.o(i.HAL_TIM_IRQHandler)
    HAL_TIM_MspPostInit                      0x08002b09   Thumb Code   134  tim.o(i.HAL_TIM_MspPostInit)
    HAL_TIM_OC_DelayElapsedCallback          0x08002ba5   Thumb Code     2  stm32f1xx_hal_tim.o(i.HAL_TIM_OC_DelayElapsedCallback)
    HAL_TIM_PWM_ConfigChannel                0x08002ba7   Thumb Code   260  stm32f1xx_hal_tim.o(i.HAL_TIM_PWM_ConfigChannel)
    HAL_TIM_PWM_Init                         0x08002cab   Thumb Code   102  stm32f1xx_hal_tim.o(i.HAL_TIM_PWM_Init)
    HAL_TIM_PWM_MspInit                      0x08002d11   Thumb Code     2  stm32f1xx_hal_tim.o(i.HAL_TIM_PWM_MspInit)
    HAL_TIM_PWM_PulseFinishedCallback        0x08002d13   Thumb Code     2  stm32f1xx_hal_tim.o(i.HAL_TIM_PWM_PulseFinishedCallback)
    HAL_TIM_PWM_Start                        0x08002d15   Thumb Code   222  stm32f1xx_hal_tim.o(i.HAL_TIM_PWM_Start)
    HAL_TIM_PeriodElapsedCallback            0x08002e09   Thumb Code    18  main.o(i.HAL_TIM_PeriodElapsedCallback)
    HAL_TIM_TriggerCallback                  0x08002e21   Thumb Code     2  stm32f1xx_hal_tim.o(i.HAL_TIM_TriggerCallback)
    HAL_UARTEx_RxEventCallback               0x08002e23   Thumb Code     2  stm32f1xx_hal_uart.o(i.HAL_UARTEx_RxEventCallback)
    HAL_UART_ErrorCallback                   0x08002e25   Thumb Code     2  stm32f1xx_hal_uart.o(i.HAL_UART_ErrorCallback)
    HAL_UART_IRQHandler                      0x08002e29   Thumb Code   736  stm32f1xx_hal_uart.o(i.HAL_UART_IRQHandler)
    HAL_UART_Init                            0x0800310d   Thumb Code   118  stm32f1xx_hal_uart.o(i.HAL_UART_Init)
    HAL_UART_MspInit                         0x08003185   Thumb Code   262  usart.o(i.HAL_UART_MspInit)
    HAL_UART_Receive_DMA                     0x080032a9   Thumb Code    44  stm32f1xx_hal_uart.o(i.HAL_UART_Receive_DMA)
    HAL_UART_RxCpltCallback                  0x080032d5   Thumb Code    12  stm32f1xx_it.o(i.HAL_UART_RxCpltCallback)
    HAL_UART_RxHalfCpltCallback              0x080032e1   Thumb Code     2  stm32f1xx_hal_uart.o(i.HAL_UART_RxHalfCpltCallback)
    HAL_UART_TxCpltCallback                  0x080032e3   Thumb Code     2  stm32f1xx_hal_uart.o(i.HAL_UART_TxCpltCallback)
    HardFault_Handler                        0x08003359   Thumb Code     4  stm32f1xx_it.o(i.HardFault_Handler)
    LCD_Backlight                            0x080036e1   Thumb Code    18  liquidcrystal_i2c.o(i.LCD_Backlight)
    LCD_Begin                                0x080036f3   Thumb Code   166  liquidcrystal_i2c.o(i.LCD_Begin)
    LCD_Clear                                0x08003799   Thumb Code    20  liquidcrystal_i2c.o(i.LCD_Clear)
    LCD_Command                              0x080037ad   Thumb Code    18  liquidcrystal_i2c.o(i.LCD_Command)
    LCD_Display                              0x080037bf   Thumb Code    26  liquidcrystal_i2c.o(i.LCD_Display)
    LCD_Home                                 0x080037d9   Thumb Code    20  liquidcrystal_i2c.o(i.LCD_Home)
    LCD_Init                                 0x080037ed   Thumb Code    32  liquidcrystal_i2c.o(i.LCD_Init)
    LCD_Print                                0x0800380d   Thumb Code    26  liquidcrystal_i2c.o(i.LCD_Print)
    LCD_SetCursor                            0x08003829   Thumb Code    48  liquidcrystal_i2c.o(i.LCD_SetCursor)
    LCD_Write                                0x0800385d   Thumb Code    18  liquidcrystal_i2c.o(i.LCD_Write)
    LineWalking_Task_Init                    0x08003871   Thumb Code    42  linewalking.o(i.LineWalking_Task_Init)
    MX_DMA_Init                              0x080038ad   Thumb Code    64  dma.o(i.MX_DMA_Init)
    MX_FREERTOS_Init                         0x080038f1   Thumb Code    84  freertos.o(i.MX_FREERTOS_Init)
    MX_GPIO_Init                             0x08003975   Thumb Code   200  gpio.o(i.MX_GPIO_Init)
    MX_I2C1_Init                             0x08003a49   Thumb Code    48  i2c.o(i.MX_I2C1_Init)
    MX_TIM1_Init                             0x08003a85   Thumb Code   254  tim.o(i.MX_TIM1_Init)
    MX_TIM2_Init                             0x08003b8d   Thumb Code   122  tim.o(i.MX_TIM2_Init)
    MX_TIM3_Init                             0x08003c0d   Thumb Code   120  tim.o(i.MX_TIM3_Init)
    MX_TIM4_Init                             0x08003c8d   Thumb Code   120  tim.o(i.MX_TIM4_Init)
    MX_TIM5_Init                             0x08003d0d   Thumb Code   120  tim.o(i.MX_TIM5_Init)
    MX_TIM8_Init                             0x08003d8d   Thumb Code   254  tim.o(i.MX_TIM8_Init)
    MX_USART3_UART_Init                      0x08003e95   Thumb Code    46  usart.o(i.MX_USART3_UART_Init)
    MemManage_Handler                        0x08003ecd   Thumb Code     4  stm32f1xx_it.o(i.MemManage_Handler)
    Motor_PWM_Init                           0x08003ef1   Thumb Code   106  bsp_motor.o(i.Motor_PWM_Init)
    Motor_Set_Pwm                            0x08003f69   Thumb Code   198  bsp_motor.o(i.Motor_Set_Pwm)
    NMI_Handler                              0x08004039   Thumb Code     4  stm32f1xx_it.o(i.NMI_Handler)
    ProcessLineWalking                       0x0800403d   Thumb Code   424  linewalking.o(i.ProcessLineWalking)
    ResetAllState                            0x080042b9   Thumb Code    86  linewalking.o(i.ResetAllState)
    StartBuzzerTask                          0x08004341   Thumb Code   152  buzzer.o(i.StartBuzzerTask)
    StartDefaultTask                         0x080043f5   Thumb Code   144  freertos.o(i.StartDefaultTask)
    StartLineWalkingTask                     0x080044c5   Thumb Code    46  linewalking.o(i.StartLineWalkingTask)
    StartTask02                              0x080044f3   Thumb Code    10  freertos.o(i.StartTask02)
    StartTask03                              0x080044fd   Thumb Code    10  freertos.o(i.StartTask03)
    SysTick_Handler                          0x08004507   Thumb Code    22  cmsis_os2.o(i.SysTick_Handler)
    SystemClock_Config                       0x0800451d   Thumb Code   102  main.o(i.SystemClock_Config)
    SystemInit                               0x08004583   Thumb Code     2  system_stm32f1xx.o(i.SystemInit)
    TIM7_IRQHandler                          0x08004585   Thumb Code    10  stm32f1xx_it.o(i.TIM7_IRQHandler)
    TIM_Base_SetConfig                       0x08004595   Thumb Code   150  stm32f1xx_hal_tim.o(i.TIM_Base_SetConfig)
    TIM_CCxChannelCmd                        0x08004641   Thumb Code    34  stm32f1xx_hal_tim.o(i.TIM_CCxChannelCmd)
    TIM_ETR_SetConfig                        0x08004663   Thumb Code    22  stm32f1xx_hal_tim.o(i.TIM_ETR_SetConfig)
    TIM_OC2_SetConfig                        0x080046fd   Thumb Code   114  stm32f1xx_hal_tim.o(i.TIM_OC2_SetConfig)
    UART_Start_Receive_DMA                   0x08004c91   Thumb Code   186  stm32f1xx_hal_uart.o(i.UART_Start_Receive_DMA)
    USART3_IRQHandler                        0x08004db9   Thumb Code    10  stm32f1xx_it.o(i.USART3_IRQHandler)
    UsageFault_Handler                       0x08004dc9   Thumb Code     4  stm32f1xx_it.o(i.UsageFault_Handler)
    main                                     0x08004eb7   Thumb Code    72  main.o(i.main)
    osDelay                                  0x08004eff   Thumb Code    30  cmsis_os2.o(i.osDelay)
    osKernelInitialize                       0x08004f1d   Thumb Code    38  cmsis_os2.o(i.osKernelInitialize)
    osKernelStart                            0x08004f49   Thumb Code    82  cmsis_os2.o(i.osKernelStart)
    osThreadNew                              0x08004fa9   Thumb Code   184  cmsis_os2.o(i.osThreadNew)
    osTimerNew                               0x08005061   Thumb Code   182  cmsis_os2.o(i.osTimerNew)
    osTimerStart                             0x0800511d   Thumb Code    60  cmsis_os2.o(i.osTimerStart)
    pvPortMalloc                             0x08005bd9   Thumb Code   306  heap_4.o(i.pvPortMalloc)
    pvTimerGetTimerID                        0x08005d25   Thumb Code    44  timers.o(i.pvTimerGetTimerID)
    pxPortInitialiseStack                    0x08005d51   Thumb Code    30  port.o(i.pxPortInitialiseStack)
    uxListRemove                             0x08005d75   Thumb Code    40  list.o(i.uxListRemove)
    vApplicationGetIdleTaskMemory            0x08005d9d   Thumb Code    14  cmsis_os2.o(i.vApplicationGetIdleTaskMemory)
    vApplicationGetTimerTaskMemory           0x08005db5   Thumb Code    16  cmsis_os2.o(i.vApplicationGetTimerTaskMemory)
    vListInitialise                          0x08005dcd   Thumb Code    26  list.o(i.vListInitialise)
    vListInitialiseItem                      0x08005de7   Thumb Code     6  list.o(i.vListInitialiseItem)
    vListInsert                              0x08005ded   Thumb Code    52  list.o(i.vListInsert)
    vListInsertEnd                           0x08005e21   Thumb Code    24  list.o(i.vListInsertEnd)
    vPortEnterCritical                       0x08005e39   Thumb Code    76  port.o(i.vPortEnterCritical)
    vPortExitCritical                        0x08005e8d   Thumb Code    56  port.o(i.vPortExitCritical)
    vPortFree                                0x08005ec9   Thumb Code   150  heap_4.o(i.vPortFree)
    vPortSetupTimerInterrupt                 0x08005f6d   Thumb Code    36  port.o(i.vPortSetupTimerInterrupt)
    vPortValidateInterruptPriority           0x08005f95   Thumb Code   106  port.o(i.vPortValidateInterruptPriority)
    vQueueAddToRegistry                      0x0800600d   Thumb Code    38  queue.o(i.vQueueAddToRegistry)
    vQueueWaitForMessageRestricted           0x08006039   Thumb Code    74  queue.o(i.vQueueWaitForMessageRestricted)
    vTaskDelay                               0x08006085   Thumb Code    82  tasks.o(i.vTaskDelay)
    vTaskDelayUntil                          0x080060e1   Thumb Code   200  tasks.o(i.vTaskDelayUntil)
    vTaskInternalSetTimeOutState             0x080061b5   Thumb Code    14  tasks.o(i.vTaskInternalSetTimeOutState)
    vTaskMissedYield                         0x080061cd   Thumb Code     8  tasks.o(i.vTaskMissedYield)
    vTaskPlaceOnEventList                    0x080061d9   Thumb Code    52  tasks.o(i.vTaskPlaceOnEventList)
    vTaskPlaceOnEventListRestricted          0x08006211   Thumb Code    60  tasks.o(i.vTaskPlaceOnEventListRestricted)
    vTaskStartScheduler                      0x08006251   Thumb Code   156  tasks.o(i.vTaskStartScheduler)
    vTaskSuspendAll                          0x08006309   Thumb Code    12  tasks.o(i.vTaskSuspendAll)
    vTaskSwitchContext                       0x08006319   Thumb Code   122  tasks.o(i.vTaskSwitchContext)
    xPortStartScheduler                      0x080063a9   Thumb Code   228  port.o(i.xPortStartScheduler)
    xPortSysTickHandler                      0x080064a1   Thumb Code    46  port.o(i.xPortSysTickHandler)
    xQueueGenericCreateStatic                0x080064d5   Thumb Code   224  queue.o(i.xQueueGenericCreateStatic)
    xQueueGenericReset                       0x080065b5   Thumb Code   146  queue.o(i.xQueueGenericReset)
    xQueueGenericSend                        0x0800664d   Thumb Code   420  queue.o(i.xQueueGenericSend)
    xQueueGenericSendFromISR                 0x080067f5   Thumb Code   252  queue.o(i.xQueueGenericSendFromISR)
    xQueueReceive                            0x080068f1   Thumb Code   356  queue.o(i.xQueueReceive)
    xTaskCheckForTimeOut                     0x08006a59   Thumb Code   132  tasks.o(i.xTaskCheckForTimeOut)
    xTaskCreate                              0x08006ae5   Thumb Code   100  tasks.o(i.xTaskCreate)
    xTaskCreateStatic                        0x08006b49   Thumb Code   186  tasks.o(i.xTaskCreateStatic)
    xTaskGetSchedulerState                   0x08006c05   Thumb Code    24  tasks.o(i.xTaskGetSchedulerState)
    xTaskGetTickCount                        0x08006c25   Thumb Code     6  tasks.o(i.xTaskGetTickCount)
    xTaskIncrementTick                       0x08006c31   Thumb Code   280  tasks.o(i.xTaskIncrementTick)
    xTaskPriorityDisinherit                  0x08006d75   Thumb Code   152  tasks.o(i.xTaskPriorityDisinherit)
    xTaskRemoveFromEventList                 0x08006e19   Thumb Code   126  tasks.o(i.xTaskRemoveFromEventList)
    xTaskResumeAll                           0x08006eb1   Thumb Code   222  tasks.o(i.xTaskResumeAll)
    xTimerCreate                             0x08006fb5   Thumb Code    54  timers.o(i.xTimerCreate)
    xTimerCreateStatic                       0x08006feb   Thumb Code   114  timers.o(i.xTimerCreateStatic)
    xTimerCreateTimerTask                    0x0800705d   Thumb Code   100  timers.o(i.xTimerCreateTimerTask)
    xTimerGenericCommand                     0x080070d5   Thumb Code   128  timers.o(i.xTimerGenericCommand)
    defaultTask_attributes                   0x08007158   Data          36  freertos.o(.constdata)
    LineWalking_Tas_attributes               0x0800717c   Data          36  freertos.o(.constdata)
    BUZZER_TASK_attributes                   0x080071a0   Data          36  freertos.o(.constdata)
    EncoderTimer_attributes                  0x080071c4   Data          16  freertos.o(.constdata)
    AHBPrescTable                            0x080071e6   Data          16  system_stm32f1xx.o(.constdata)
    APBPrescTable                            0x080071f6   Data           8  system_stm32f1xx.o(.constdata)
    Region$$Table$$Base                      0x080072ac   Number         0  anon$$obj.o(Region$$Table)
    Region$$Table$$Limit                     0x080072cc   Number         0  anon$$obj.o(Region$$Table)
    lcd                                      0x20000000   Data           8  freertos.o(.data)
    defaultTaskHandle                        0x20000008   Data           4  freertos.o(.data)
    LineWalking_TasHandle                    0x2000000c   Data           4  freertos.o(.data)
    BUZZER_TASKHandle                        0x20000010   Data           4  freertos.o(.data)
    EncoderTimerHandle                       0x20000014   Data           4  freertos.o(.data)
    uwTick                                   0x20000018   Data           4  stm32f1xx_hal.o(.data)
    uwTickPrio                               0x2000001c   Data           4  stm32f1xx_hal.o(.data)
    uwTickFreq                               0x20000020   Data           1  stm32f1xx_hal.o(.data)
    SystemCoreClock                          0x20000024   Data           4  system_stm32f1xx.o(.data)
    motor_enable                             0x20000028   Data           1  bsp_motor.o(.data)
    g_Encoder_M1_Now                         0x2000002c   Data           4  bsp_encoder.o(.data)
    g_Encoder_M2_Now                         0x20000030   Data           4  bsp_encoder.o(.data)
    g_Encoder_M3_Now                         0x20000034   Data           4  bsp_encoder.o(.data)
    g_Encoder_M4_Now                         0x20000038   Data           4  bsp_encoder.o(.data)
    g_buzzer_left_branch_trigger             0x20000048   Data           1  buzzer.o(.data)
    g_buzzer_right_branch_trigger            0x20000049   Data           1  buzzer.o(.data)
    g_buzzer_crossroad_trigger               0x2000004a   Data           1  buzzer.o(.data)
    g_buzzer_stop_trigger                    0x2000004b   Data           1  buzzer.o(.data)
    pxCurrentTCB                             0x2000004c   Data           4  tasks.o(.data)
    LineWalkingTaskHandle                    0x200000cc   Data           4  linewalking.o(.data)
    g_systemState                            0x200000e5   Data           1  linewalking.o(.data)
    left_branch_count                        0x200000ec   Data           4  linewalking.o(.data)
    right_branch_count                       0x200000f0   Data           4  linewalking.o(.data)
    crossroad_count                          0x200000f8   Data           4  linewalking.o(.data)
    all                                      0x20000100   Data           4  linewalking.o(.data)
    button_press_time                        0x20000104   Data           4  linewalking.o(.data)
    debug_counter                            0x20000108   Data           4  linewalking.o(.data)
    g_startup_blind_run                      0x2000010c   Data           1  linewalking.o(.data)
    g_blind_run_start_time                   0x20000110   Data           4  linewalking.o(.data)
    g_reached_end                            0x20000114   Data           1  linewalking.o(.data)
    blue_rx_data                             0x20000116   Data           1  blue.o(.data)
    blue_data_received                       0x20000117   Data           1  blue.o(.data)
    hi2c1                                    0x20000118   Data          84  i2c.o(.bss)
    htim1                                    0x2000016c   Data          72  tim.o(.bss)
    htim2                                    0x200001b4   Data          72  tim.o(.bss)
    htim3                                    0x200001fc   Data          72  tim.o(.bss)
    htim4                                    0x20000244   Data          72  tim.o(.bss)
    htim5                                    0x2000028c   Data          72  tim.o(.bss)
    htim8                                    0x200002d4   Data          72  tim.o(.bss)
    huart3                                   0x2000031c   Data          72  usart.o(.bss)
    hdma_usart3_rx                           0x20000364   Data          68  usart.o(.bss)
    hdma_usart3_tx                           0x200003a8   Data          68  usart.o(.bss)
    htim7                                    0x200003ec   Data          72  stm32f1xx_hal_timebase_tim.o(.bss)
    xQueueRegistry                           0x20000434   Data          64  queue.o(.bss)
    __libspace_start                         0x20001d08   Data          96  libspace.o(.bss)
    __temporary_stack_top$libspace           0x20001d68   Data           0  libspace.o(.bss)



==============================================================================

Memory Map of the image

  Image Entry point : 0x08000131

  Load Region LR_IROM1 (Base: 0x08000000, Size: 0x000073e4, Max: 0x00040000, ABSOLUTE)

    Execution Region ER_IROM1 (Exec base: 0x08000000, Load base: 0x08000000, Size: 0x000072cc, Max: 0x00040000, ABSOLUTE)

    Exec Addr    Load Addr    Size         Type   Attr      Idx    E Section Name        Object

    0x08000000   0x08000000   0x00000130   Data   RO            3    RESET               startup_stm32f103xe.o
    0x08000130   0x08000130   0x00000008   Code   RO         6084  * !!!main             c_w.l(__main.o)
    0x08000138   0x08000138   0x00000034   Code   RO         6252    !!!scatter          c_w.l(__scatter.o)
    0x0800016c   0x0800016c   0x0000001a   Code   RO         6254    !!handler_copy      c_w.l(__scatter_copy.o)
    0x08000186   0x08000186   0x00000002   PAD
    0x08000188   0x08000188   0x0000001c   Code   RO         6256    !!handler_zi        c_w.l(__scatter_zi.o)
    0x080001a4   0x080001a4   0x00000000   Code   RO         6071    .ARM.Collect$$_printf_percent$$00000000  c_w.l(_printf_percent.o)
    0x080001a4   0x080001a4   0x00000006   Code   RO         6069    .ARM.Collect$$_printf_percent$$00000009  c_w.l(_printf_d.o)
    0x080001aa   0x080001aa   0x00000006   Code   RO         6070    .ARM.Collect$$_printf_percent$$0000000A  c_w.l(_printf_u.o)
    0x080001b0   0x080001b0   0x00000004   Code   RO         6093    .ARM.Collect$$_printf_percent$$00000017  c_w.l(_printf_percent_end.o)
    0x080001b4   0x080001b4   0x00000002   Code   RO         6122    .ARM.Collect$$libinit$$00000000  c_w.l(libinit.o)
    0x080001b6   0x080001b6   0x00000000   Code   RO         6129    .ARM.Collect$$libinit$$00000002  c_w.l(libinit2.o)
    0x080001b6   0x080001b6   0x00000000   Code   RO         6131    .ARM.Collect$$libinit$$00000004  c_w.l(libinit2.o)
    0x080001b6   0x080001b6   0x00000000   Code   RO         6134    .ARM.Collect$$libinit$$0000000A  c_w.l(libinit2.o)
    0x080001b6   0x080001b6   0x00000000   Code   RO         6136    .ARM.Collect$$libinit$$0000000C  c_w.l(libinit2.o)
    0x080001b6   0x080001b6   0x00000000   Code   RO         6138    .ARM.Collect$$libinit$$0000000E  c_w.l(libinit2.o)
    0x080001b6   0x080001b6   0x00000000   Code   RO         6141    .ARM.Collect$$libinit$$00000011  c_w.l(libinit2.o)
    0x080001b6   0x080001b6   0x00000000   Code   RO         6143    .ARM.Collect$$libinit$$00000013  c_w.l(libinit2.o)
    0x080001b6   0x080001b6   0x00000000   Code   RO         6145    .ARM.Collect$$libinit$$00000015  c_w.l(libinit2.o)
    0x080001b6   0x080001b6   0x00000000   Code   RO         6147    .ARM.Collect$$libinit$$00000017  c_w.l(libinit2.o)
    0x080001b6   0x080001b6   0x00000000   Code   RO         6149    .ARM.Collect$$libinit$$00000019  c_w.l(libinit2.o)
    0x080001b6   0x080001b6   0x00000000   Code   RO         6151    .ARM.Collect$$libinit$$0000001B  c_w.l(libinit2.o)
    0x080001b6   0x080001b6   0x00000000   Code   RO         6153    .ARM.Collect$$libinit$$0000001D  c_w.l(libinit2.o)
    0x080001b6   0x080001b6   0x00000000   Code   RO         6155    .ARM.Collect$$libinit$$0000001F  c_w.l(libinit2.o)
    0x080001b6   0x080001b6   0x00000000   Code   RO         6157    .ARM.Collect$$libinit$$00000021  c_w.l(libinit2.o)
    0x080001b6   0x080001b6   0x00000000   Code   RO         6159    .ARM.Collect$$libinit$$00000023  c_w.l(libinit2.o)
    0x080001b6   0x080001b6   0x00000000   Code   RO         6161    .ARM.Collect$$libinit$$00000025  c_w.l(libinit2.o)
    0x080001b6   0x080001b6   0x00000000   Code   RO         6165    .ARM.Collect$$libinit$$0000002C  c_w.l(libinit2.o)
    0x080001b6   0x080001b6   0x00000000   Code   RO         6167    .ARM.Collect$$libinit$$0000002E  c_w.l(libinit2.o)
    0x080001b6   0x080001b6   0x00000000   Code   RO         6169    .ARM.Collect$$libinit$$00000030  c_w.l(libinit2.o)
    0x080001b6   0x080001b6   0x00000000   Code   RO         6171    .ARM.Collect$$libinit$$00000032  c_w.l(libinit2.o)
    0x080001b6   0x080001b6   0x00000002   Code   RO         6172    .ARM.Collect$$libinit$$00000033  c_w.l(libinit2.o)
    0x080001b8   0x080001b8   0x00000002   Code   RO         6192    .ARM.Collect$$libshutdown$$00000000  c_w.l(libshutdown.o)
    0x080001ba   0x080001ba   0x00000000   Code   RO         6205    .ARM.Collect$$libshutdown$$00000002  c_w.l(libshutdown2.o)
    0x080001ba   0x080001ba   0x00000000   Code   RO         6207    .ARM.Collect$$libshutdown$$00000004  c_w.l(libshutdown2.o)
    0x080001ba   0x080001ba   0x00000000   Code   RO         6210    .ARM.Collect$$libshutdown$$00000007  c_w.l(libshutdown2.o)
    0x080001ba   0x080001ba   0x00000000   Code   RO         6213    .ARM.Collect$$libshutdown$$0000000A  c_w.l(libshutdown2.o)
    0x080001ba   0x080001ba   0x00000000   Code   RO         6215    .ARM.Collect$$libshutdown$$0000000C  c_w.l(libshutdown2.o)
    0x080001ba   0x080001ba   0x00000000   Code   RO         6218    .ARM.Collect$$libshutdown$$0000000F  c_w.l(libshutdown2.o)
    0x080001ba   0x080001ba   0x00000002   Code   RO         6219    .ARM.Collect$$libshutdown$$00000010  c_w.l(libshutdown2.o)
    0x080001bc   0x080001bc   0x00000000   Code   RO         6086    .ARM.Collect$$rtentry$$00000000  c_w.l(__rtentry.o)
    0x080001bc   0x080001bc   0x00000000   Code   RO         6097    .ARM.Collect$$rtentry$$00000002  c_w.l(__rtentry2.o)
    0x080001bc   0x080001bc   0x00000006   Code   RO         6109    .ARM.Collect$$rtentry$$00000004  c_w.l(__rtentry4.o)
    0x080001c2   0x080001c2   0x00000000   Code   RO         6099    .ARM.Collect$$rtentry$$00000009  c_w.l(__rtentry2.o)
    0x080001c2   0x080001c2   0x00000004   Code   RO         6100    .ARM.Collect$$rtentry$$0000000A  c_w.l(__rtentry2.o)
    0x080001c6   0x080001c6   0x00000000   Code   RO         6102    .ARM.Collect$$rtentry$$0000000C  c_w.l(__rtentry2.o)
    0x080001c6   0x080001c6   0x00000008   Code   RO         6103    .ARM.Collect$$rtentry$$0000000D  c_w.l(__rtentry2.o)
    0x080001ce   0x080001ce   0x00000002   Code   RO         6126    .ARM.Collect$$rtexit$$00000000  c_w.l(rtexit.o)
    0x080001d0   0x080001d0   0x00000000   Code   RO         6174    .ARM.Collect$$rtexit$$00000002  c_w.l(rtexit2.o)
    0x080001d0   0x080001d0   0x00000004   Code   RO         6175    .ARM.Collect$$rtexit$$00000003  c_w.l(rtexit2.o)
    0x080001d4   0x080001d4   0x00000006   Code   RO         6176    .ARM.Collect$$rtexit$$00000004  c_w.l(rtexit2.o)
    0x080001da   0x080001da   0x00000002   PAD
    0x080001dc   0x080001dc   0x00000096   Code   RO         5803    .emb_text           port.o
    0x08000272   0x08000272   0x00000002   PAD
    0x08000274   0x08000274   0x00000040   Code   RO            4    .text               startup_stm32f103xe.o
    0x080002b4   0x080002b4   0x00000028   Code   RO         6043    .text               c_w.l(noretval__2sprintf.o)
    0x080002dc   0x080002dc   0x00000078   Code   RO         6047    .text               c_w.l(_printf_dec.o)
    0x08000354   0x08000354   0x000000b8   Code   RO         6052    .text               c_w.l(__printf_ss.o)
    0x0800040c   0x0800040c   0x0000008a   Code   RO         6072    .text               c_w.l(rt_memcpy_v6.o)
    0x08000496   0x08000496   0x00000064   Code   RO         6074    .text               c_w.l(rt_memcpy_w.o)
    0x080004fa   0x080004fa   0x00000010   Code   RO         6078    .text               c_w.l(aeabi_memset.o)
    0x0800050a   0x0800050a   0x0000004e   Code   RO         6080    .text               c_w.l(rt_memclr_w.o)
    0x08000558   0x08000558   0x00000006   Code   RO         6082    .text               c_w.l(heapauxi.o)
    0x0800055e   0x0800055e   0x000000b2   Code   RO         6087    .text               c_w.l(_printf_intcommon.o)
    0x08000610   0x08000610   0x00000030   Code   RO         6089    .text               c_w.l(_printf_char_common.o)
    0x08000640   0x08000640   0x0000000a   Code   RO         6091    .text               c_w.l(_sputc.o)
    0x0800064a   0x0800064a   0x00000044   Code   RO         6094    .text               c_w.l(rt_memclr.o)
    0x0800068e   0x0800068e   0x0000004a   Code   RO         6113    .text               c_w.l(sys_stackheap_outer.o)
    0x080006d8   0x080006d8   0x00000012   Code   RO         6115    .text               c_w.l(exit.o)
    0x080006ea   0x080006ea   0x00000002   PAD
    0x080006ec   0x080006ec   0x00000008   Code   RO         6123    .text               c_w.l(libspace.o)
    0x080006f4   0x080006f4   0x0000000c   Code   RO         6184    .text               c_w.l(sys_exit.o)
    0x08000700   0x08000700   0x00000002   Code   RO         6195    .text               c_w.l(use_no_semi.o)
    0x08000702   0x08000702   0x00000000   Code   RO         6197    .text               c_w.l(indicate_semi.o)
    0x08000702   0x08000702   0x00000002   PAD
    0x08000704   0x08000704   0x00000018   Code   RO         5992    i.BLUE_Init         blue.o
    0x0800071c   0x0800071c   0x0000007c   Code   RO         5993    i.BLUE_Process      blue.o
    0x08000798   0x08000798   0x00000038   Code   RO         5994    i.BLUE_RxCpltCallback  blue.o
    0x080007d0   0x080007d0   0x00000004   Code   RO          509    i.BusFault_Handler  stm32f1xx_it.o
    0x080007d4   0x080007d4   0x00000014   Code   RO         4012    i.Buzzer_Init       buzzer.o
    0x080007e8   0x080007e8   0x0000002c   Code   RO         4013    i.Buzzer_LongBeep   buzzer.o
    0x08000814   0x08000814   0x00000020   Code   RO         4014    i.Buzzer_SetState   buzzer.o
    0x08000834   0x08000834   0x0000002c   Code   RO         4015    i.Buzzer_ShortBeep  buzzer.o
    0x08000860   0x08000860   0x00000024   Code   RO         4016    i.Buzzer_Task_Init  buzzer.o
    0x08000884   0x08000884   0x00000010   Code   RO          510    i.DMA1_Channel2_IRQHandler  stm32f1xx_it.o
    0x08000894   0x08000894   0x00000010   Code   RO          511    i.DMA1_Channel3_IRQHandler  stm32f1xx_it.o
    0x080008a4   0x080008a4   0x0000002c   Code   RO         2065    i.DMA_SetConfig     stm32f1xx_hal_dma.o
    0x080008d0   0x080008d0   0x00000002   Code   RO          512    i.DebugMon_Handler  stm32f1xx_it.o
    0x080008d2   0x080008d2   0x0000000a   Code   RO          232    i.EncoderTimerCallback  freertos.o
    0x080008dc   0x080008dc   0x00000050   Code   RO         3630    i.Encoder_Init      bsp_encoder.o
    0x0800092c   0x0800092c   0x0000009c   Code   RO         3631    i.Encoder_Read_CNT  bsp_encoder.o
    0x080009c8   0x080009c8   0x00000054   Code   RO         3632    i.Encoder_Update_Count  bsp_encoder.o
    0x08000a1c   0x08000a1c   0x00000006   Code   RO           13    i.Error_Handler     main.o
    0x08000a22   0x08000a22   0x00000002   PAD
    0x08000a24   0x08000a24   0x00000160   Code   RO         5883    i.ExecuteMotion     linewalking.o
    0x08000b84   0x08000b84   0x00000038   Code   RO         5886    i.GetLineWalking    linewalking.o
    0x08000bbc   0x08000bbc   0x00000056   Code   RO         2066    i.HAL_DMA_Abort     stm32f1xx_hal_dma.o
    0x08000c12   0x08000c12   0x00000002   PAD
    0x08000c14   0x08000c14   0x000001a8   Code   RO         2067    i.HAL_DMA_Abort_IT  stm32f1xx_hal_dma.o
    0x08000dbc   0x08000dbc   0x00000398   Code   RO         2071    i.HAL_DMA_IRQHandler  stm32f1xx_hal_dma.o
    0x08001154   0x08001154   0x0000008c   Code   RO         2072    i.HAL_DMA_Init      stm32f1xx_hal_dma.o
    0x080011e0   0x080011e0   0x0000009c   Code   RO         2076    i.HAL_DMA_Start_IT  stm32f1xx_hal_dma.o
    0x0800127c   0x0800127c   0x00000028   Code   RO         1687    i.HAL_Delay         stm32f1xx_hal.o
    0x080012a4   0x080012a4   0x00000340   Code   RO         2002    i.HAL_GPIO_Init     stm32f1xx_hal_gpio.o
    0x080015e4   0x080015e4   0x00000010   Code   RO         2004    i.HAL_GPIO_ReadPin  stm32f1xx_hal_gpio.o
    0x080015f4   0x080015f4   0x0000000c   Code   RO         2006    i.HAL_GPIO_WritePin  stm32f1xx_hal_gpio.o
    0x08001600   0x08001600   0x0000000c   Code   RO         1691    i.HAL_GetTick       stm32f1xx_hal.o
    0x0800160c   0x0800160c   0x000001d0   Code   RO         2699    i.HAL_I2C_Init      stm32f1xx_hal_i2c.o
    0x080017dc   0x080017dc   0x00000170   Code   RO         2712    i.HAL_I2C_Master_Transmit  stm32f1xx_hal_i2c.o
    0x0800194c   0x0800194c   0x0000008c   Code   RO          336    i.HAL_I2C_MspInit   i2c.o
    0x080019d8   0x080019d8   0x00000018   Code   RO         1697    i.HAL_IncTick       stm32f1xx_hal.o
    0x080019f0   0x080019f0   0x00000028   Code   RO         1698    i.HAL_Init          stm32f1xx_hal.o
    0x08001a18   0x08001a18   0x000000b4   Code   RO          621    i.HAL_InitTick      stm32f1xx_hal_timebase_tim.o
    0x08001acc   0x08001acc   0x00000060   Code   RO          597    i.HAL_MspInit       stm32f1xx_hal_msp.o
    0x08001b2c   0x08001b2c   0x00000020   Code   RO         2162    i.HAL_NVIC_EnableIRQ  stm32f1xx_hal_cortex.o
    0x08001b4c   0x08001b4c   0x0000007c   Code   RO         2168    i.HAL_NVIC_SetPriority  stm32f1xx_hal_cortex.o
    0x08001bc8   0x08001bc8   0x00000028   Code   RO         2169    i.HAL_NVIC_SetPriorityGrouping  stm32f1xx_hal_cortex.o
    0x08001bf0   0x08001bf0   0x0000018c   Code   RO         1855    i.HAL_RCC_ClockConfig  stm32f1xx_hal_rcc.o
    0x08001d7c   0x08001d7c   0x00000044   Code   RO         1859    i.HAL_RCC_GetClockConfig  stm32f1xx_hal_rcc.o
    0x08001dc0   0x08001dc0   0x0000000c   Code   RO         1860    i.HAL_RCC_GetHCLKFreq  stm32f1xx_hal_rcc.o
    0x08001dcc   0x08001dcc   0x00000020   Code   RO         1862    i.HAL_RCC_GetPCLK1Freq  stm32f1xx_hal_rcc.o
    0x08001dec   0x08001dec   0x00000020   Code   RO         1863    i.HAL_RCC_GetPCLK2Freq  stm32f1xx_hal_rcc.o
    0x08001e0c   0x08001e0c   0x00000070   Code   RO         1864    i.HAL_RCC_GetSysClockFreq  stm32f1xx_hal_rcc.o
    0x08001e7c   0x08001e7c   0x00000464   Code   RO         1867    i.HAL_RCC_OscConfig  stm32f1xx_hal_rcc.o
    0x080022e0   0x080022e0   0x00000002   Code   RO         1413    i.HAL_TIMEx_BreakCallback  stm32f1xx_hal_tim_ex.o
    0x080022e2   0x080022e2   0x00000002   Code   RO         1414    i.HAL_TIMEx_CommutCallback  stm32f1xx_hal_tim_ex.o
    0x080022e4   0x080022e4   0x00000074   Code   RO         1416    i.HAL_TIMEx_ConfigBreakDeadTime  stm32f1xx_hal_tim_ex.o
    0x08002358   0x08002358   0x0000009c   Code   RO         1432    i.HAL_TIMEx_MasterConfigSynchronization  stm32f1xx_hal_tim_ex.o
    0x080023f4   0x080023f4   0x00000066   Code   RO          698    i.HAL_TIM_Base_Init  stm32f1xx_hal_tim.o
    0x0800245a   0x0800245a   0x00000002   PAD
    0x0800245c   0x0800245c   0x00000058   Code   RO          378    i.HAL_TIM_Base_MspInit  tim.o
    0x080024b4   0x080024b4   0x00000090   Code   RO          703    i.HAL_TIM_Base_Start_IT  stm32f1xx_hal_tim.o
    0x08002544   0x08002544   0x0000010c   Code   RO          707    i.HAL_TIM_ConfigClockSource  stm32f1xx_hal_tim.o
    0x08002650   0x08002650   0x000000c4   Code   RO          719    i.HAL_TIM_Encoder_Init  stm32f1xx_hal_tim.o
    0x08002714   0x08002714   0x000001b8   Code   RO          380    i.HAL_TIM_Encoder_MspInit  tim.o
    0x080028cc   0x080028cc   0x000000cc   Code   RO          722    i.HAL_TIM_Encoder_Start  stm32f1xx_hal_tim.o
    0x08002998   0x08002998   0x00000002   Code   RO          732    i.HAL_TIM_IC_CaptureCallback  stm32f1xx_hal_tim.o
    0x0800299a   0x0800299a   0x0000016c   Code   RO          746    i.HAL_TIM_IRQHandler  stm32f1xx_hal_tim.o
    0x08002b06   0x08002b06   0x00000002   PAD
    0x08002b08   0x08002b08   0x0000009c   Code   RO          381    i.HAL_TIM_MspPostInit  tim.o
    0x08002ba4   0x08002ba4   0x00000002   Code   RO          749    i.HAL_TIM_OC_DelayElapsedCallback  stm32f1xx_hal_tim.o
    0x08002ba6   0x08002ba6   0x00000104   Code   RO          770    i.HAL_TIM_PWM_ConfigChannel  stm32f1xx_hal_tim.o
    0x08002caa   0x08002caa   0x00000066   Code   RO          773    i.HAL_TIM_PWM_Init  stm32f1xx_hal_tim.o
    0x08002d10   0x08002d10   0x00000002   Code   RO          775    i.HAL_TIM_PWM_MspInit  stm32f1xx_hal_tim.o
    0x08002d12   0x08002d12   0x00000002   Code   RO          776    i.HAL_TIM_PWM_PulseFinishedCallback  stm32f1xx_hal_tim.o
    0x08002d14   0x08002d14   0x000000f4   Code   RO          778    i.HAL_TIM_PWM_Start  stm32f1xx_hal_tim.o
    0x08002e08   0x08002e08   0x00000018   Code   RO           14    i.HAL_TIM_PeriodElapsedCallback  main.o
    0x08002e20   0x08002e20   0x00000002   Code   RO          789    i.HAL_TIM_TriggerCallback  stm32f1xx_hal_tim.o
    0x08002e22   0x08002e22   0x00000002   Code   RO         3177    i.HAL_UARTEx_RxEventCallback  stm32f1xx_hal_uart.o
    0x08002e24   0x08002e24   0x00000002   Code   RO         3191    i.HAL_UART_ErrorCallback  stm32f1xx_hal_uart.o
    0x08002e26   0x08002e26   0x00000002   PAD
    0x08002e28   0x08002e28   0x000002e4   Code   RO         3194    i.HAL_UART_IRQHandler  stm32f1xx_hal_uart.o
    0x0800310c   0x0800310c   0x00000076   Code   RO         3195    i.HAL_UART_Init     stm32f1xx_hal_uart.o
    0x08003182   0x08003182   0x00000002   PAD
    0x08003184   0x08003184   0x00000124   Code   RO          468    i.HAL_UART_MspInit  usart.o
    0x080032a8   0x080032a8   0x0000002c   Code   RO         3199    i.HAL_UART_Receive_DMA  stm32f1xx_hal_uart.o
    0x080032d4   0x080032d4   0x0000000c   Code   RO          513    i.HAL_UART_RxCpltCallback  stm32f1xx_it.o
    0x080032e0   0x080032e0   0x00000002   Code   RO         3202    i.HAL_UART_RxHalfCpltCallback  stm32f1xx_hal_uart.o
    0x080032e2   0x080032e2   0x00000002   Code   RO         3206    i.HAL_UART_TxCpltCallback  stm32f1xx_hal_uart.o
    0x080032e4   0x080032e4   0x00000074   Code   RO         5889    i.HandleStartButton  linewalking.o
    0x08003358   0x08003358   0x00000004   Code   RO          514    i.HardFault_Handler  stm32f1xx_it.o
    0x0800335c   0x0800335c   0x0000003e   Code   RO         2743    i.I2C_IsAcknowledgeFailed  stm32f1xx_hal_i2c.o
    0x0800339a   0x0800339a   0x00000002   PAD
    0x0800339c   0x0800339c   0x000000c0   Code   RO         2747    i.I2C_MasterRequestWrite  stm32f1xx_hal_i2c.o
    0x0800345c   0x0800345c   0x00000066   Code   RO         2763    i.I2C_WaitOnBTFFlagUntilTimeout  stm32f1xx_hal_i2c.o
    0x080034c2   0x080034c2   0x000000be   Code   RO         2764    i.I2C_WaitOnFlagUntilTimeout  stm32f1xx_hal_i2c.o
    0x08003580   0x08003580   0x000000fa   Code   RO         2765    i.I2C_WaitOnMasterAddressFlagUntilTimeout  stm32f1xx_hal_i2c.o
    0x0800367a   0x0800367a   0x00000066   Code   RO         2769    i.I2C_WaitOnTXEFlagUntilTimeout  stm32f1xx_hal_i2c.o
    0x080036e0   0x080036e0   0x00000012   Code   RO         3687    i.LCD_Backlight     liquidcrystal_i2c.o
    0x080036f2   0x080036f2   0x000000a6   Code   RO         3688    i.LCD_Begin         liquidcrystal_i2c.o
    0x08003798   0x08003798   0x00000014   Code   RO         3690    i.LCD_Clear         liquidcrystal_i2c.o
    0x080037ac   0x080037ac   0x00000012   Code   RO         3691    i.LCD_Command       liquidcrystal_i2c.o
    0x080037be   0x080037be   0x0000001a   Code   RO         3694    i.LCD_Display       liquidcrystal_i2c.o
    0x080037d8   0x080037d8   0x00000014   Code   RO         3695    i.LCD_Home          liquidcrystal_i2c.o
    0x080037ec   0x080037ec   0x00000020   Code   RO         3696    i.LCD_Init          liquidcrystal_i2c.o
    0x0800380c   0x0800380c   0x0000001a   Code   RO         3703    i.LCD_Print         liquidcrystal_i2c.o
    0x08003826   0x08003826   0x00000002   PAD
    0x08003828   0x08003828   0x00000034   Code   RO         3709    i.LCD_SetCursor     liquidcrystal_i2c.o
    0x0800385c   0x0800385c   0x00000012   Code   RO         3710    i.LCD_Write         liquidcrystal_i2c.o
    0x0800386e   0x0800386e   0x00000002   PAD
    0x08003870   0x08003870   0x0000003c   Code   RO         5890    i.LineWalking_Task_Init  linewalking.o
    0x080038ac   0x080038ac   0x00000044   Code   RO          311    i.MX_DMA_Init       dma.o
    0x080038f0   0x080038f0   0x00000084   Code   RO          233    i.MX_FREERTOS_Init  freertos.o
    0x08003974   0x08003974   0x000000d4   Code   RO          208    i.MX_GPIO_Init      gpio.o
    0x08003a48   0x08003a48   0x0000003c   Code   RO          337    i.MX_I2C1_Init      i2c.o
    0x08003a84   0x08003a84   0x00000108   Code   RO          382    i.MX_TIM1_Init      tim.o
    0x08003b8c   0x08003b8c   0x00000080   Code   RO          383    i.MX_TIM2_Init      tim.o
    0x08003c0c   0x08003c0c   0x00000080   Code   RO          384    i.MX_TIM3_Init      tim.o
    0x08003c8c   0x08003c8c   0x00000080   Code   RO          385    i.MX_TIM4_Init      tim.o
    0x08003d0c   0x08003d0c   0x00000080   Code   RO          386    i.MX_TIM5_Init      tim.o
    0x08003d8c   0x08003d8c   0x00000108   Code   RO          387    i.MX_TIM8_Init      tim.o
    0x08003e94   0x08003e94   0x00000038   Code   RO          469    i.MX_USART3_UART_Init  usart.o
    0x08003ecc   0x08003ecc   0x00000004   Code   RO          515    i.MemManage_Handler  stm32f1xx_it.o
    0x08003ed0   0x08003ed0   0x0000001e   Code   RO         3576    i.Motor_Ignore_Dead_Zone  bsp_motor.o
    0x08003eee   0x08003eee   0x00000002   PAD
    0x08003ef0   0x08003ef0   0x00000078   Code   RO         3577    i.Motor_PWM_Init    bsp_motor.o
    0x08003f68   0x08003f68   0x000000d0   Code   RO         3578    i.Motor_Set_Pwm     bsp_motor.o
    0x08004038   0x08004038   0x00000004   Code   RO          516    i.NMI_Handler       stm32f1xx_it.o
    0x0800403c   0x0800403c   0x000001ec   Code   RO         5891    i.ProcessLineWalking  linewalking.o
    0x08004228   0x08004228   0x00000028   Code   RO         1868    i.RCC_Delay         stm32f1xx_hal_rcc.o
    0x08004250   0x08004250   0x00000068   Code   RO         5892    i.ReadStartButton   linewalking.o
    0x080042b8   0x080042b8   0x00000088   Code   RO         5893    i.ResetAllState     linewalking.o
    0x08004340   0x08004340   0x000000b4   Code   RO         4017    i.StartBuzzerTask   buzzer.o
    0x080043f4   0x080043f4   0x000000d0   Code   RO          234    i.StartDefaultTask  freertos.o
    0x080044c4   0x080044c4   0x0000002e   Code   RO         5896    i.StartLineWalkingTask  linewalking.o
    0x080044f2   0x080044f2   0x0000000a   Code   RO          235    i.StartTask02       freertos.o
    0x080044fc   0x080044fc   0x0000000a   Code   RO          236    i.StartTask03       freertos.o
    0x08004506   0x08004506   0x00000016   Code   RO         5218    i.SysTick_Handler   cmsis_os2.o
    0x0800451c   0x0800451c   0x00000066   Code   RO           15    i.SystemClock_Config  main.o
    0x08004582   0x08004582   0x00000002   Code   RO         3539    i.SystemInit        system_stm32f1xx.o
    0x08004584   0x08004584   0x00000010   Code   RO          517    i.TIM7_IRQHandler   stm32f1xx_it.o
    0x08004594   0x08004594   0x000000ac   Code   RO          791    i.TIM_Base_SetConfig  stm32f1xx_hal_tim.o
    0x08004640   0x08004640   0x00000022   Code   RO          792    i.TIM_CCxChannelCmd  stm32f1xx_hal_tim.o
    0x08004662   0x08004662   0x00000016   Code   RO          802    i.TIM_ETR_SetConfig  stm32f1xx_hal_tim.o
    0x08004678   0x08004678   0x00000012   Code   RO          803    i.TIM_ITRx_SetConfig  stm32f1xx_hal_tim.o
    0x0800468a   0x0800468a   0x00000002   PAD
    0x0800468c   0x0800468c   0x00000070   Code   RO          804    i.TIM_OC1_SetConfig  stm32f1xx_hal_tim.o
    0x080046fc   0x080046fc   0x0000007c   Code   RO          805    i.TIM_OC2_SetConfig  stm32f1xx_hal_tim.o
    0x08004778   0x08004778   0x00000078   Code   RO          806    i.TIM_OC3_SetConfig  stm32f1xx_hal_tim.o
    0x080047f0   0x080047f0   0x00000054   Code   RO          807    i.TIM_OC4_SetConfig  stm32f1xx_hal_tim.o
    0x08004844   0x08004844   0x00000026   Code   RO          809    i.TIM_TI1_ConfigInputStage  stm32f1xx_hal_tim.o
    0x0800486a   0x0800486a   0x00000028   Code   RO          811    i.TIM_TI2_ConfigInputStage  stm32f1xx_hal_tim.o
    0x08004892   0x08004892   0x00000016   Code   RO         5219    i.TimerCallback     cmsis_os2.o
    0x080048a8   0x080048a8   0x00000014   Code   RO         3208    i.UART_DMAAbortOnError  stm32f1xx_hal_uart.o
    0x080048bc   0x080048bc   0x00000050   Code   RO         3209    i.UART_DMAError     stm32f1xx_hal_uart.o
    0x0800490c   0x0800490c   0x000000b4   Code   RO         3210    i.UART_DMAReceiveCplt  stm32f1xx_hal_uart.o
    0x080049c0   0x080049c0   0x00000024   Code   RO         3212    i.UART_DMARxHalfCplt  stm32f1xx_hal_uart.o
    0x080049e4   0x080049e4   0x0000006c   Code   RO         3218    i.UART_EndRxTransfer  stm32f1xx_hal_uart.o
    0x08004a50   0x08004a50   0x00000020   Code   RO         3219    i.UART_EndTransmit_IT  stm32f1xx_hal_uart.o
    0x08004a70   0x08004a70   0x00000026   Code   RO         3220    i.UART_EndTxTransfer  stm32f1xx_hal_uart.o
    0x08004a96   0x08004a96   0x000000fc   Code   RO         3221    i.UART_Receive_IT   stm32f1xx_hal_uart.o
    0x08004b92   0x08004b92   0x00000002   PAD
    0x08004b94   0x08004b94   0x000000fc   Code   RO         3222    i.UART_SetConfig    stm32f1xx_hal_uart.o
    0x08004c90   0x08004c90   0x000000c8   Code   RO         3223    i.UART_Start_Receive_DMA  stm32f1xx_hal_uart.o
    0x08004d58   0x08004d58   0x00000060   Code   RO         3225    i.UART_Transmit_IT  stm32f1xx_hal_uart.o
    0x08004db8   0x08004db8   0x00000010   Code   RO          518    i.USART3_IRQHandler  stm32f1xx_it.o
    0x08004dc8   0x08004dc8   0x00000004   Code   RO          519    i.UsageFault_Handler  stm32f1xx_it.o
    0x08004dcc   0x08004dcc   0x00000018   Code   RO         3711    i._Z10write4bitsP17LiquidCrystal_I2Ch  liquidcrystal_i2c.o
    0x08004de4   0x08004de4   0x00000028   Code   RO         3712    i._Z11pulseEnableP17LiquidCrystal_I2Ch  liquidcrystal_i2c.o
    0x08004e0c   0x08004e0c   0x00000028   Code   RO         3713    i._Z13expanderWriteP17LiquidCrystal_I2Ch  liquidcrystal_i2c.o
    0x08004e34   0x08004e34   0x0000002c   Code   RO         3714    i._Z4sendP17LiquidCrystal_I2Chh  liquidcrystal_i2c.o
    0x08004e60   0x08004e60   0x00000016   Code   RO         3715    i._Z9init_privP17LiquidCrystal_I2C  liquidcrystal_i2c.o
    0x08004e76   0x08004e76   0x00000002   PAD
    0x08004e78   0x08004e78   0x00000010   Code   RO         2175    i.__NVIC_GetPriorityGrouping  stm32f1xx_hal_cortex.o
    0x08004e88   0x08004e88   0x00000028   Code   RO         2176    i.__NVIC_SetPriority  stm32f1xx_hal_cortex.o
    0x08004eb0   0x08004eb0   0x00000006   Code   RO         5220    i.__get_IPSR        cmsis_os2.o
    0x08004eb6   0x08004eb6   0x00000048   Code   RO           16    i.main              main.o
    0x08004efe   0x08004efe   0x0000001e   Code   RO         5221    i.osDelay           cmsis_os2.o
    0x08004f1c   0x08004f1c   0x0000002c   Code   RO         5235    i.osKernelInitialize  cmsis_os2.o
    0x08004f48   0x08004f48   0x00000060   Code   RO         5238    i.osKernelStart     cmsis_os2.o
    0x08004fa8   0x08004fa8   0x000000b8   Code   RO         5280    i.osThreadNew       cmsis_os2.o
    0x08005060   0x08005060   0x000000bc   Code   RO         5289    i.osTimerNew        cmsis_os2.o
    0x0800511c   0x0800511c   0x0000003c   Code   RO         5290    i.osTimerStart      cmsis_os2.o
    0x08005158   0x08005158   0x0000007c   Code   RO         4655    i.prvAddCurrentTaskToDelayedList  tasks.o
    0x080051d4   0x080051d4   0x000000b8   Code   RO         4656    i.prvAddNewTaskToReadyList  tasks.o
    0x0800528c   0x0800528c   0x00000074   Code   RO         5031    i.prvCheckForValidListAndQueue  timers.o
    0x08005300   0x08005300   0x00000048   Code   RO         4657    i.prvCheckTasksWaitingTermination  tasks.o
    0x08005348   0x08005348   0x0000002a   Code   RO         4242    i.prvCopyDataFromQueue  queue.o
    0x08005372   0x08005372   0x0000007e   Code   RO         4243    i.prvCopyDataToQueue  queue.o
    0x080053f0   0x080053f0   0x00000050   Code   RO         4658    i.prvDeleteTCB      tasks.o
    0x08005440   0x08005440   0x00000028   Code   RO         5032    i.prvGetNextExpireTime  timers.o
    0x08005468   0x08005468   0x0000007c   Code   RO         5748    i.prvHeapInit       heap_4.o
    0x080054e4   0x080054e4   0x00000028   Code   RO         4659    i.prvIdleTask       tasks.o
    0x0800550c   0x0800550c   0x0000002a   Code   RO         4246    i.prvInitialiseNewQueue  queue.o
    0x08005536   0x08005536   0x000000be   Code   RO         4660    i.prvInitialiseNewTask  tasks.o
    0x080055f4   0x080055f4   0x0000005a   Code   RO         5033    i.prvInitialiseNewTimer  timers.o
    0x0800564e   0x0800564e   0x00000002   PAD
    0x08005650   0x08005650   0x00000068   Code   RO         4661    i.prvInitialiseTaskLists  tasks.o
    0x080056b8   0x080056b8   0x00000068   Code   RO         5749    i.prvInsertBlockIntoFreeList  heap_4.o
    0x08005720   0x08005720   0x00000058   Code   RO         5034    i.prvInsertTimerInActiveList  timers.o
    0x08005778   0x08005778   0x0000001a   Code   RO         4247    i.prvIsQueueEmpty   queue.o
    0x08005792   0x08005792   0x0000001e   Code   RO         4248    i.prvIsQueueFull    queue.o
    0x080057b0   0x080057b0   0x00000074   Code   RO         5035    i.prvProcessExpiredTimer  timers.o
    0x08005824   0x08005824   0x00000164   Code   RO         5036    i.prvProcessReceivedCommands  timers.o
    0x08005988   0x08005988   0x00000074   Code   RO         5037    i.prvProcessTimerOrBlockTask  timers.o
    0x080059fc   0x080059fc   0x00000034   Code   RO         4663    i.prvResetNextTaskUnblockTime  tasks.o
    0x08005a30   0x08005a30   0x0000002c   Code   RO         5038    i.prvSampleTimeNow  timers.o
    0x08005a5c   0x08005a5c   0x000000a4   Code   RO         5039    i.prvSwitchTimerLists  timers.o
    0x08005b00   0x08005b00   0x00000040   Code   RO         5804    i.prvTaskExitError  port.o
    0x08005b40   0x08005b40   0x0000001a   Code   RO         5040    i.prvTimerTask      timers.o
    0x08005b5a   0x08005b5a   0x0000007e   Code   RO         4249    i.prvUnlockQueue    queue.o
    0x08005bd8   0x08005bd8   0x0000014c   Code   RO         5750    i.pvPortMalloc      heap_4.o
    0x08005d24   0x08005d24   0x0000002c   Code   RO         5041    i.pvTimerGetTimerID  timers.o
    0x08005d50   0x08005d50   0x00000024   Code   RO         5805    i.pxPortInitialiseStack  port.o
    0x08005d74   0x08005d74   0x00000028   Code   RO         4202    i.uxListRemove      list.o
    0x08005d9c   0x08005d9c   0x00000018   Code   RO         5292    i.vApplicationGetIdleTaskMemory  cmsis_os2.o
    0x08005db4   0x08005db4   0x00000018   Code   RO         5293    i.vApplicationGetTimerTaskMemory  cmsis_os2.o
    0x08005dcc   0x08005dcc   0x0000001a   Code   RO         4203    i.vListInitialise   list.o
    0x08005de6   0x08005de6   0x00000006   Code   RO         4204    i.vListInitialiseItem  list.o
    0x08005dec   0x08005dec   0x00000034   Code   RO         4205    i.vListInsert       list.o
    0x08005e20   0x08005e20   0x00000018   Code   RO         4206    i.vListInsertEnd    list.o
    0x08005e38   0x08005e38   0x00000054   Code   RO         5807    i.vPortEnterCritical  port.o
    0x08005e8c   0x08005e8c   0x0000003c   Code   RO         5808    i.vPortExitCritical  port.o
    0x08005ec8   0x08005ec8   0x000000a4   Code   RO         5751    i.vPortFree         heap_4.o
    0x08005f6c   0x08005f6c   0x00000028   Code   RO         5809    i.vPortSetupTimerInterrupt  port.o
    0x08005f94   0x08005f94   0x00000078   Code   RO         5810    i.vPortValidateInterruptPriority  port.o
    0x0800600c   0x0800600c   0x0000002c   Code   RO         4255    i.vQueueAddToRegistry  queue.o
    0x08006038   0x08006038   0x0000004a   Code   RO         4259    i.vQueueWaitForMessageRestricted  queue.o
    0x08006082   0x08006082   0x00000002   PAD
    0x08006084   0x08006084   0x0000005c   Code   RO         4676    i.vTaskDelay        tasks.o
    0x080060e0   0x080060e0   0x000000d4   Code   RO         4677    i.vTaskDelayUntil   tasks.o
    0x080061b4   0x080061b4   0x00000018   Code   RO         4681    i.vTaskInternalSetTimeOutState  tasks.o
    0x080061cc   0x080061cc   0x0000000c   Code   RO         4682    i.vTaskMissedYield  tasks.o
    0x080061d8   0x080061d8   0x00000038   Code   RO         4684    i.vTaskPlaceOnEventList  tasks.o
    0x08006210   0x08006210   0x00000040   Code   RO         4685    i.vTaskPlaceOnEventListRestricted  tasks.o
    0x08006250   0x08006250   0x000000b8   Code   RO         4693    i.vTaskStartScheduler  tasks.o
    0x08006308   0x08006308   0x00000010   Code   RO         4695    i.vTaskSuspendAll   tasks.o
    0x08006318   0x08006318   0x00000090   Code   RO         4696    i.vTaskSwitchContext  tasks.o
    0x080063a8   0x080063a8   0x000000f8   Code   RO         5811    i.xPortStartScheduler  port.o
    0x080064a0   0x080064a0   0x00000034   Code   RO         5812    i.xPortSysTickHandler  port.o
    0x080064d4   0x080064d4   0x000000e0   Code   RO         4265    i.xQueueGenericCreateStatic  queue.o
    0x080065b4   0x080065b4   0x00000098   Code   RO         4266    i.xQueueGenericReset  queue.o
    0x0800664c   0x0800664c   0x000001a8   Code   RO         4267    i.xQueueGenericSend  queue.o
    0x080067f4   0x080067f4   0x000000fc   Code   RO         4268    i.xQueueGenericSendFromISR  queue.o
    0x080068f0   0x080068f0   0x00000168   Code   RO         4277    i.xQueueReceive     queue.o
    0x08006a58   0x08006a58   0x0000008c   Code   RO         4698    i.xTaskCheckForTimeOut  tasks.o
    0x08006ae4   0x08006ae4   0x00000064   Code   RO         4699    i.xTaskCreate       tasks.o
    0x08006b48   0x08006b48   0x000000ba   Code   RO         4700    i.xTaskCreateStatic  tasks.o
    0x08006c02   0x08006c02   0x00000002   PAD
    0x08006c04   0x08006c04   0x00000020   Code   RO         4704    i.xTaskGetSchedulerState  tasks.o
    0x08006c24   0x08006c24   0x0000000c   Code   RO         4705    i.xTaskGetTickCount  tasks.o
    0x08006c30   0x08006c30   0x00000144   Code   RO         4707    i.xTaskIncrementTick  tasks.o
    0x08006d74   0x08006d74   0x000000a4   Code   RO         4710    i.xTaskPriorityDisinherit  tasks.o
    0x08006e18   0x08006e18   0x00000098   Code   RO         4712    i.xTaskRemoveFromEventList  tasks.o
    0x08006eb0   0x08006eb0   0x00000104   Code   RO         4713    i.xTaskResumeAll    tasks.o
    0x08006fb4   0x08006fb4   0x00000036   Code   RO         5047    i.xTimerCreate      timers.o
    0x08006fea   0x08006fea   0x00000072   Code   RO         5048    i.xTimerCreateStatic  timers.o
    0x0800705c   0x0800705c   0x00000078   Code   RO         5049    i.xTimerCreateTimerTask  timers.o
    0x080070d4   0x080070d4   0x00000084   Code   RO         5050    i.xTimerGenericCommand  timers.o
    0x08007158   0x08007158   0x0000007c   Data   RO          237    .constdata          freertos.o
    0x080071d4   0x080071d4   0x00000012   Data   RO         1869    .constdata          stm32f1xx_hal_rcc.o
    0x080071e6   0x080071e6   0x00000018   Data   RO         3540    .constdata          system_stm32f1xx.o
    0x080071fe   0x080071fe   0x00000002   PAD
    0x08007200   0x08007200   0x00000010   Data   RO         3746    .constdata          liquidcrystal_i2c.o
    0x08007210   0x08007210   0x00000024   Data   RO         4018    .constdata          buzzer.o
    0x08007234   0x08007234   0x00000024   Data   RO         5897    .constdata          linewalking.o
    0x08007258   0x08007258   0x00000038   Data   RO          238    .conststring        freertos.o
    0x08007290   0x08007290   0x0000000b   Data   RO         4019    .conststring        buzzer.o
    0x0800729b   0x0800729b   0x00000001   PAD
    0x0800729c   0x0800729c   0x00000010   Data   RO         5898    .conststring        linewalking.o
    0x080072ac   0x080072ac   0x00000020   Data   RO         6250    Region$$Table       anon$$obj.o


    Execution Region RW_IRAM1 (Exec base: 0x20000000, Load base: 0x080072cc, Size: 0x00002368, Max: 0x0000c000, ABSOLUTE)

    Exec Addr    Load Addr    Size         Type   Attr      Idx    E Section Name        Object

    0x20000000   0x080072cc   0x00000018   Data   RW          239    .data               freertos.o
    0x20000018   0x080072e4   0x00000009   Data   RW         1705    .data               stm32f1xx_hal.o
    0x20000021   0x080072ed   0x00000003   PAD
    0x20000024   0x080072f0   0x00000004   Data   RW         3541    .data               system_stm32f1xx.o
    0x20000028   0x080072f4   0x00000001   Data   RW         3580    .data               bsp_motor.o
    0x20000029   0x080072f5   0x00000003   PAD
    0x2000002c   0x080072f8   0x00000010   Data   RW         3633    .data               bsp_encoder.o
    0x2000003c   0x08007308   0x00000010   Data   RW         4020    .data               buzzer.o
    0x2000004c   0x08007318   0x0000003c   Data   RW         4716    .data               tasks.o
    0x20000088   0x08007354   0x00000014   Data   RW         5058    .data               timers.o
    0x2000009c   0x08007368   0x00000004   Data   RW         5295    .data               cmsis_os2.o
    0x200000a0   0x0800736c   0x00000020   Data   RW         5757    .data               heap_4.o
    0x200000c0   0x0800738c   0x0000000c   Data   RW         5813    .data               port.o
    0x200000cc   0x08007398   0x0000004a   Data   RW         5899    .data               linewalking.o
    0x20000116   0x080073e2   0x00000002   Data   RW         5996    .data               blue.o
    0x20000118        -       0x00000054   Zero   RW          338    .bss                i2c.o
    0x2000016c        -       0x000001b0   Zero   RW          388    .bss                tim.o
    0x2000031c        -       0x000000d0   Zero   RW          470    .bss                usart.o
    0x200003ec        -       0x00000048   Zero   RW          624    .bss                stm32f1xx_hal_timebase_tim.o
    0x20000434        -       0x00000040   Zero   RW         4281    .bss                queue.o
    0x20000474        -       0x000004c4   Zero   RW         4715    .bss                tasks.o
    0x20000938        -       0x00000118   Zero   RW         5057    .bss                timers.o
    0x20000a50        -       0x000006b8   Zero   RW         5294    .bss                cmsis_os2.o
    0x20001108        -       0x00000c00   Zero   RW         5756    .bss                heap_4.o
    0x20001d08        -       0x00000060   Zero   RW         6124    .bss                c_w.l(libspace.o)
    0x20001d68        -       0x00000200   Zero   RW            2    HEAP                startup_stm32f103xe.o
    0x20001f68        -       0x00000400   Zero   RW            1    STACK               startup_stm32f103xe.o


==============================================================================

Image component sizes


      Code (inc. data)   RO Data    RW Data    ZI Data      Debug   Object Name

       204         52          0          2          0       1898   blue.o
       320         48          0         16          0       1811   bsp_encoder.o
       358         24          0          1          0       1796   bsp_motor.o
       356         74         47         16          0       4016   buzzer.o
       700         44          0          4       1720      60175   cmsis_os2.o
        68          4          0          0          0        678   dma.o
         0          0          0          0          0      21892   event_groups.o
       370        112        180         24          0       4737   freertos.o
       212         12          0          0          0        899   gpio.o
       724         74          0         32       3072       4543   heap_4.o
       200         28          0          0         84       1529   i2c.o
      1362        212         52         74          0       7515   linewalking.o
       566         10         16          0          0      13878   liquidcrystal_i2c.o
       148          0          0          0          0       3198   list.o
       204          6          0          0          0     506400   main.o
       854         78          0         12          0      10485   port.o
      1922         20          0          0         64      16436   queue.o
        64         26        304          0       1536        776   startup_stm32f103xe.o
       116         24          0          9          0       5606   stm32f1xx_hal.o
       252         22          0          0          0      28454   stm32f1xx_hal_cortex.o
      1770         28          0          0          0       5038   stm32f1xx_hal_dma.o
       860         40          0          0          0       3191   stm32f1xx_hal_gpio.o
      1730         32          0          0          0       7753   stm32f1xx_hal_i2c.o
        96         10          0          0          0        826   stm32f1xx_hal_msp.o
      1816        108         18          0          0       6269   stm32f1xx_hal_rcc.o
      2658        102          0          0          0      16903   stm32f1xx_hal_tim.o
       276         22          0          0          0       3049   stm32f1xx_hal_tim_ex.o
       180         22          0          0         72       1355   stm32f1xx_hal_timebase_tim.o
      2204         22          0          0          0      12772   stm32f1xx_hal_uart.o
        98         24          0          0          0       5053   stm32f1xx_it.o
         0          0          0          0          0        384   stream_buffer.o
         2          0         24          4          0       1011   system_stm32f1xx.o
      3020        358          0         60       1220      26828   tasks.o
      1724        112          0          0        432       6551   tim.o
      1620        124          0         20        280      35735   timers.o
       348         40          0          0        208       1752   usart.o

    ----------------------------------------------------------------------
     27436       1914        676        280       8688     831192   Object Totals
         0          0         32          0          0          0   (incl. Generated)
        34          0          3          6          0          0   (incl. Padding)

    ----------------------------------------------------------------------

      Code (inc. data)   RO Data    RW Data    ZI Data      Debug   Library Member Name

         8          0          0          0          0         68   __main.o
       184          0          0          0          0         84   __printf_ss.o
         0          0          0          0          0          0   __rtentry.o
        12          0          0          0          0          0   __rtentry2.o
         6          0          0          0          0          0   __rtentry4.o
        52          8          0          0          0          0   __scatter.o
        26          0          0          0          0          0   __scatter_copy.o
        28          0          0          0          0          0   __scatter_zi.o
        48          6          0          0          0         96   _printf_char_common.o
         6          0          0          0          0          0   _printf_d.o
       120         16          0          0          0         92   _printf_dec.o
       178          0          0          0          0         88   _printf_intcommon.o
         0          0          0          0          0          0   _printf_percent.o
         4          0          0          0          0          0   _printf_percent_end.o
         6          0          0          0          0          0   _printf_u.o
        10          0          0          0          0         68   _sputc.o
        16          0          0          0          0         68   aeabi_memset.o
        18          0          0          0          0         80   exit.o
         6          0          0          0          0        152   heapauxi.o
         0          0          0          0          0          0   indicate_semi.o
         2          0          0          0          0          0   libinit.o
         2          0          0          0          0          0   libinit2.o
         2          0          0          0          0          0   libshutdown.o
         2          0          0          0          0          0   libshutdown2.o
         8          4          0          0         96         68   libspace.o
        40          6          0          0          0         84   noretval__2sprintf.o
        68          0          0          0          0         68   rt_memclr.o
        78          0          0          0          0         80   rt_memclr_w.o
       138          0          0          0          0         68   rt_memcpy_v6.o
       100          0          0          0          0         80   rt_memcpy_w.o
         2          0          0          0          0          0   rtexit.o
        10          0          0          0          0          0   rtexit2.o
        12          4          0          0          0         68   sys_exit.o
        74          0          0          0          0         80   sys_stackheap_outer.o
         2          0          0          0          0         68   use_no_semi.o

    ----------------------------------------------------------------------
      1276         44          0          0         96       1460   Library Totals
         8          0          0          0          0          0   (incl. Padding)

    ----------------------------------------------------------------------

      Code (inc. data)   RO Data    RW Data    ZI Data      Debug   Library Name

      1268         44          0          0         96       1460   c_w.l

    ----------------------------------------------------------------------
      1276         44          0          0         96       1460   Library Totals

    ----------------------------------------------------------------------

==============================================================================


      Code (inc. data)   RO Data    RW Data    ZI Data      Debug   

     28712       1958        676        280       8784     819752   Grand Totals
     28712       1958        676        280       8784     819752   ELF Image Totals
     28712       1958        676        280          0          0   ROM Totals

==============================================================================

    Total RO  Size (Code + RO Data)                29388 (  28.70kB)
    Total RW  Size (RW Data + ZI Data)              9064 (   8.85kB)
    Total ROM Size (Code + RO Data + RW Data)      29668 (  28.97kB)

==============================================================================

