Component: ARM Compiler 5.06 update 7 (build 960) Tool: armlink [4d3601]

==============================================================================

Section Cross References

    startup_stm32f103xe.o(STACK) refers (Special) to heapauxi.o(.text) for __use_two_region_memory
    startup_stm32f103xe.o(HEAP) refers (Special) to heapauxi.o(.text) for __use_two_region_memory
    startup_stm32f103xe.o(RESET) refers (Special) to heapauxi.o(.text) for __use_two_region_memory
    startup_stm32f103xe.o(RESET) refers to startup_stm32f103xe.o(STACK) for __initial_sp
    startup_stm32f103xe.o(RESET) refers to startup_stm32f103xe.o(.text) for Reset_Handler
    startup_stm32f103xe.o(RESET) refers to stm32f1xx_it.o(i.NMI_Handler) for NMI_Handler
    startup_stm32f103xe.o(RESET) refers to stm32f1xx_it.o(i.HardFault_Handler) for HardFault_Handler
    startup_stm32f103xe.o(RESET) refers to stm32f1xx_it.o(i.MemManage_Handler) for MemManage_Handler
    startup_stm32f103xe.o(RESET) refers to stm32f1xx_it.o(i.BusFault_Handler) for BusFault_Handler
    startup_stm32f103xe.o(RESET) refers to stm32f1xx_it.o(i.UsageFault_Handler) for UsageFault_Handler
    startup_stm32f103xe.o(RESET) refers to port.o(.emb_text) for SVC_Handler
    startup_stm32f103xe.o(RESET) refers to stm32f1xx_it.o(i.DebugMon_Handler) for DebugMon_Handler
    startup_stm32f103xe.o(RESET) refers to cmsis_os2.o(i.SysTick_Handler) for SysTick_Handler
    startup_stm32f103xe.o(RESET) refers to stm32f1xx_it.o(i.TIM7_IRQHandler) for TIM7_IRQHandler
    startup_stm32f103xe.o(.text) refers (Special) to heapauxi.o(.text) for __use_two_region_memory
    startup_stm32f103xe.o(.text) refers to system_stm32f1xx.o(i.SystemInit) for SystemInit
    startup_stm32f103xe.o(.text) refers to __main.o(!!!main) for __main
    startup_stm32f103xe.o(.text) refers to startup_stm32f103xe.o(HEAP) for Heap_Mem
    startup_stm32f103xe.o(.text) refers to startup_stm32f103xe.o(STACK) for Stack_Mem
    main.o(i.HAL_TIM_PeriodElapsedCallback) refers to stm32f1xx_hal.o(i.HAL_IncTick) for HAL_IncTick
    main.o(i.SystemClock_Config) refers to rt_memclr_w.o(.text) for __aeabi_memclr4
    main.o(i.SystemClock_Config) refers to stm32f1xx_hal_rcc.o(i.HAL_RCC_OscConfig) for HAL_RCC_OscConfig
    main.o(i.SystemClock_Config) refers to stm32f1xx_hal_rcc.o(i.HAL_RCC_ClockConfig) for HAL_RCC_ClockConfig
    main.o(i.main) refers to stm32f1xx_hal.o(i.HAL_Init) for HAL_Init
    main.o(i.main) refers to main.o(i.SystemClock_Config) for SystemClock_Config
    main.o(i.main) refers to gpio.o(i.MX_GPIO_Init) for MX_GPIO_Init
    main.o(i.main) refers to tim.o(i.MX_TIM1_Init) for MX_TIM1_Init
    main.o(i.main) refers to tim.o(i.MX_TIM8_Init) for MX_TIM8_Init
    main.o(i.main) refers to tim.o(i.MX_TIM2_Init) for MX_TIM2_Init
    main.o(i.main) refers to tim.o(i.MX_TIM3_Init) for MX_TIM3_Init
    main.o(i.main) refers to tim.o(i.MX_TIM4_Init) for MX_TIM4_Init
    main.o(i.main) refers to tim.o(i.MX_TIM5_Init) for MX_TIM5_Init
    main.o(i.main) refers to i2c.o(i.MX_I2C1_Init) for MX_I2C1_Init
    main.o(i.main) refers to bsp_motor.o(i.Motor_PWM_Init) for Motor_PWM_Init
    main.o(i.main) refers to bsp_encoder.o(i.Encoder_Init) for Encoder_Init
    main.o(i.main) refers to cmsis_os2.o(i.osKernelInitialize) for osKernelInitialize
    main.o(i.main) refers to freertos.o(i.MX_FREERTOS_Init) for MX_FREERTOS_Init
    main.o(i.main) refers to cmsis_os2.o(i.osKernelStart) for osKernelStart
    gpio.o(i.MX_GPIO_Init) refers to stm32f1xx_hal_gpio.o(i.HAL_GPIO_WritePin) for HAL_GPIO_WritePin
    gpio.o(i.MX_GPIO_Init) refers to stm32f1xx_hal_gpio.o(i.HAL_GPIO_Init) for HAL_GPIO_Init
    freertos.o(i.EncoderTimerCallback) refers to bsp_encoder.o(i.Encoder_Update_Count) for Encoder_Update_Count
    freertos.o(i.MX_FREERTOS_Init) refers to linewalking.o(i.LineWalking_Task_Init) for LineWalking_Task_Init
    freertos.o(i.MX_FREERTOS_Init) refers to buzzer.o(i.Buzzer_Task_Init) for Buzzer_Task_Init
    freertos.o(i.MX_FREERTOS_Init) refers to cmsis_os2.o(i.osTimerNew) for osTimerNew
    freertos.o(i.MX_FREERTOS_Init) refers to cmsis_os2.o(i.osTimerStart) for osTimerStart
    freertos.o(i.MX_FREERTOS_Init) refers to cmsis_os2.o(i.osThreadNew) for osThreadNew
    freertos.o(i.MX_FREERTOS_Init) refers to freertos.o(.constdata) for .constdata
    freertos.o(i.MX_FREERTOS_Init) refers to freertos.o(i.EncoderTimerCallback) for EncoderTimerCallback
    freertos.o(i.MX_FREERTOS_Init) refers to freertos.o(.data) for .data
    freertos.o(i.MX_FREERTOS_Init) refers to freertos.o(i.StartDefaultTask) for StartDefaultTask
    freertos.o(i.MX_FREERTOS_Init) refers to freertos.o(i.StartTask02) for StartTask02
    freertos.o(i.MX_FREERTOS_Init) refers to freertos.o(i.StartTask03) for StartTask03
    freertos.o(i.StartDefaultTask) refers to _printf_percent.o(.ARM.Collect$$_printf_percent$$00000000) for _printf_percent
    freertos.o(i.StartDefaultTask) refers to _printf_d.o(.ARM.Collect$$_printf_percent$$00000009) for _printf_d
[...]
    i.vQueueWaitForMessageRestricted         0x08003c78   Section        0  queue.o(i.vQueueWaitForMessageRestricted)
    i.vTaskDelay                             0x08003cbc   Section        0  tasks.o(i.vTaskDelay)
    i.vTaskDelayUntil                        0x08003d08   Section        0  tasks.o(i.vTaskDelayUntil)
    i.vTaskInternalSetTimeOutState           0x08003d94   Section        0  tasks.o(i.vTaskInternalSetTimeOutState)
    i.vTaskMissedYield                       0x08003da4   Section        0  tasks.o(i.vTaskMissedYield)
    i.vTaskPlaceOnEventList                  0x08003db0   Section        0  tasks.o(i.vTaskPlaceOnEventList)
    i.vTaskPlaceOnEventListRestricted        0x08003de0   Section        0  tasks.o(i.vTaskPlaceOnEventListRestricted)
    i.vTaskStartScheduler                    0x08003e18   Section        0  tasks.o(i.vTaskStartScheduler)
    i.vTaskSuspendAll                        0x08003ea0   Section        0  tasks.o(i.vTaskSuspendAll)
    i.vTaskSwitchContext                     0x08003eb0   Section        0  tasks.o(i.vTaskSwitchContext)
    i.xPortStartScheduler                    0x08003f14   Section        0  port.o(i.xPortStartScheduler)
    i.xPortSysTickHandler                    0x08003fbc   Section        0  port.o(i.xPortSysTickHandler)
    i.xQueueGenericCreateStatic              0x08003fe8   Section        0  queue.o(i.xQueueGenericCreateStatic)
    i.xQueueGenericReset                     0x08004050   Section        0  queue.o(i.xQueueGenericReset)
    i.xQueueGenericSend                      0x080040d8   Section        0  queue.o(i.xQueueGenericSend)
    i.xQueueGenericSendFromISR               0x08004238   Section        0  queue.o(i.xQueueGenericSendFromISR)
    i.xQueueReceive                          0x080042f8   Section        0  queue.o(i.xQueueReceive)
    i.xTaskCheckForTimeOut                   0x08004430   Section        0  tasks.o(i.xTaskCheckForTimeOut)
    i.xTaskCreate                            0x080044a4   Section        0  tasks.o(i.xTaskCreate)
    i.xTaskCreateStatic                      0x080044fe   Section        0  tasks.o(i.xTaskCreateStatic)
    i.xTaskGetSchedulerState                 0x08004554   Section        0  tasks.o(i.xTaskGetSchedulerState)
    i.xTaskGetTickCount                      0x08004570   Section        0  tasks.o(i.xTaskGetTickCount)
    i.xTaskIncrementTick                     0x0800457c   Section        0  tasks.o(i.xTaskIncrementTick)
    i.xTaskPriorityDisinherit                0x08004644   Section        0  tasks.o(i.xTaskPriorityDisinherit)
    i.xTaskRemoveFromEventList               0x080046c4   Section        0  tasks.o(i.xTaskRemoveFromEventList)
    i.xTaskResumeAll                         0x08004734   Section        0  tasks.o(i.xTaskResumeAll)
    i.xTimerCreate                           0x080047f8   Section        0  timers.o(i.xTimerCreate)
    i.xTimerCreateStatic                     0x0800482c   Section        0  timers.o(i.xTimerCreateStatic)
    i.xTimerCreateTimerTask                  0x0800485c   Section        0  timers.o(i.xTimerCreateTimerTask)
    i.xTimerGenericCommand                   0x080048bc   Section        0  timers.o(i.xTimerGenericCommand)
    .constdata                               0x08004924   Section      124  freertos.o(.constdata)
    .constdata                               0x080049a0   Section       18  stm32f1xx_hal_rcc.o(.constdata)
    aPredivFactorTable                       0x080049a0   Data           2  stm32f1xx_hal_rcc.o(.constdata)
    aPLLMULFactorTable                       0x080049a2   Data          16  stm32f1xx_hal_rcc.o(.constdata)
    .constdata                               0x080049b2   Section       16  system_stm32f1xx.o(.constdata)
    .constdata                               0x080049c2   Section        8  system_stm32f1xx.o(.constdata)
    .constdata                               0x080049cc   Section       16  liquidcrystal_i2c.o(.constdata)
    .constdata                               0x080049dc   Section       36  buzzer.o(.constdata)
    .constdata                               0x08004a00   Section       36  linewalking.o(.constdata)
    .conststring                             0x08004a24   Section       56  freertos.o(.conststring)
    .conststring                             0x08004a5c   Section       11  buzzer.o(.conststring)
    .conststring                             0x08004a68   Section       16  linewalking.o(.conststring)
    .data                                    0x20000000   Section       24  freertos.o(.data)
    .data                                    0x20000018   Section       12  stm32f1xx_hal.o(.data)
    .data                                    0x20000024   Section        4  system_stm32f1xx.o(.data)
    .data                                    0x20000028   Section        1  bsp_motor.o(.data)
    .data                                    0x2000002c   Section       16  bsp_encoder.o(.data)
    .data                                    0x2000003c   Section       16  buzzer.o(.data)
    g_buzzerMode                             0x2000003c   Data           1  buzzer.o(.data)
    g_buzzerDuration                         0x20000044   Data           4  buzzer.o(.data)
    g_buzzerStartTime                        0x20000048   Data           4  buzzer.o(.data)
    .data                                    0x2000004c   Section       60  tasks.o(.data)
    uxDeletedTasksWaitingCleanUp             0x20000050   Data           4  tasks.o(.data)
    uxCurrentNumberOfTasks                   0x20000054   Data           4  tasks.o(.data)
    xTickCount                               0x20000058   Data           4  tasks.o(.data)
    uxTopReadyPriority                       0x2000005c   Data           4  tasks.o(.data)
    xSchedulerRunning                        0x20000060   Data           4  tasks.o(.data)
    xPendedTicks                             0x20000064   Data           4  tasks.o(.data)
    xYieldPending                            0x20000068   Data           4  tasks.o(.data)
    xNumOfOverflows                          0x2000006c   Data           4  tasks.o(.data)
    uxTaskNumber                             0x20000070   Data           4  tasks.o(.data)
    xNextTaskUnblockTime                     0x20000074   Data           4  tasks.o(.data)
    xIdleTaskHandle                          0x20000078   Data           4  tasks.o(.data)
    uxSchedulerSuspended                     0x2000007c   Data           4  tasks.o(.data)
    pxDelayedTaskList                        0x20000080   Data           4  tasks.o(.data)
    pxOverflowDelayedTaskList                0x20000084   Data           4  tasks.o(.data)
    .data                                    0x20000088   Section       20  timers.o(.data)
    xTimerQueue                              0x20000088   Data           4  timers.o(.data)
    xTimerTaskHandle                         0x2000008c   Data           4  timers.o(.data)
    xLastTime                                0x20000090   Data           4  timers.o(.data)
    pxCurrentTimerList                       0x20000094   Data           4  timers.o(.data)
    pxOverflowTimerList                      0x20000098   Data           4  timers.o(.data)
    .data                                    0x2000009c   Section        4  cmsis_os2.o(.data)
    KernelState                              0x2000009c   Data           4  cmsis_os2.o(.data)
    .data                                    0x200000a0   Section       32  heap_4.o(.data)
    pxEnd                                    0x200000a0   Data           4  heap_4.o(.data)
    xFreeBytesRemaining                      0x200000a4   Data           4  heap_4.o(.data)
    xMinimumEverFreeBytesRemaining           0x200000a8   Data           4  heap_4.o(.data)
    xNumberOfSuccessfulAllocations           0x200000ac   Data           4  heap_4.o(.data)
    xNumberOfSuccessfulFrees                 0x200000b0   Data           4  heap_4.o(.data)
    xBlockAllocatedBit                       0x200000b4   Data           4  heap_4.o(.data)
    xStart                                   0x200000b8   Data           8  heap_4.o(.data)
    .data                                    0x200000c0   Section       12  port.o(.data)
    ucMaxSysCallPriority                     0x200000c0   Data           1  port.o(.data)
    uxCriticalNesting                        0x200000c4   Data           4  port.o(.data)
    ulMaxPRIGROUPValue                       0x200000c8   Data           4  port.o(.data)
    .data                                    0x200000cc   Section       40  linewalking.o(.data)
    junction_counter                         0x200000cc   Data           1  linewalking.o(.data)
    g_systemState                            0x200000cd   Data           1  linewalking.o(.data)
    button_last_state                        0x200000ce   Data           1  linewalking.o(.data)
    button_stable_state                      0x200000cf   Data           1  linewalking.o(.data)
    button_debounce_counter                  0x200000d0   Data           1  linewalking.o(.data)
    left_branch_counter                      0x200000d1   Data           1  linewalking.o(.data)
    right_branch_counter                     0x200000d2   Data           1  linewalking.o(.data)
    left_branch_detected                     0x200000d3   Data           1  linewalking.o(.data)
    right_branch_detected                    0x200000d4   Data           1  linewalking.o(.data)
    crossroad_counter                        0x200000d5   Data           1  linewalking.o(.data)
    crossroad_detected_flag                  0x200000d6   Data           1  linewalking.o(.data)
    stop_beep_flag                           0x200000d7   Data           1  linewalking.o(.data)
    button_press_time                        0x200000e8   Data           4  linewalking.o(.data)
    .bss                                     0x200000f4   Section       84  i2c.o(.bss)
    .bss                                     0x20000148   Section      432  tim.o(.bss)
    .bss                                     0x200002f8   Section       72  stm32f1xx_hal_timebase_tim.o(.bss)
    .bss                                     0x20000340   Section       64  queue.o(.bss)
    .bss                                     0x20000380   Section     1220  tasks.o(.bss)
    pxReadyTasksLists                        0x20000380   Data        1120  tasks.o(.bss)
    xDelayedTaskList1                        0x200007e0   Data          20  tasks.o(.bss)
    xDelayedTaskList2                        0x200007f4   Data          20  tasks.o(.bss)
    xPendingReadyList                        0x20000808   Data          20  tasks.o(.bss)
    xTasksWaitingTermination                 0x2000081c   Data          20  tasks.o(.bss)
    xSuspendedTaskList                       0x20000830   Data          20  tasks.o(.bss)
    .bss                                     0x20000844   Section      280  timers.o(.bss)
    xStaticTimerQueue                        0x20000844   Data          80  timers.o(.bss)
    ucStaticTimerQueueStorage                0x20000894   Data         160  timers.o(.bss)
    xActiveTimerList1                        0x20000934   Data          20  timers.o(.bss)
    xActiveTimerList2                        0x20000948   Data          20  timers.o(.bss)
    .bss                                     0x2000095c   Section     1720  cmsis_os2.o(.bss)
    Idle_TCB                                 0x2000095c   Data          92  cmsis_os2.o(.bss)
    Idle_Stack                               0x200009b8   Data         512  cmsis_os2.o(.bss)
    Timer_TCB                                0x20000bb8   Data          92  cmsis_os2.o(.bss)
    Timer_Stack                              0x20000c14   Data        1024  cmsis_os2.o(.bss)
    .bss                                     0x20001014   Section     3072  heap_4.o(.bss)
    ucHeap                                   0x20001014   Data        3072  heap_4.o(.bss)
    .bss                                     0x20001c14   Section       96  libspace.o(.bss)
    HEAP                                     0x20001c78   Section      512  startup_stm32f103xe.o(HEAP)
    Heap_Mem                                 0x20001c78   Data         512  startup_stm32f103xe.o(HEAP)
    STACK                                    0x20001e78   Section     1024  startup_stm32f103xe.o(STACK)
    Stack_Mem                                0x20001e78   Data        1024  startup_stm32f103xe.o(STACK)
    __initial_sp                             0x20002278   Data           0  startup_stm32f103xe.o(STACK)

    Global Symbols

    Symbol Name                              Value     Ov Type        Size  Object(Section)

    BuildAttributes$$THM_ISAv4$P$D$K$B$S$PE$A:L22UL41UL21$X:L11$S22US41US21$IEEE1$IW$USESV6$~STKCKD$USESV7$~SHL$OSPACE$ROPI$EBA8$UX$STANDARDLIB$REQ8$PRES8$EABIv2 0x00000000   Number         0  anon$$obj.o ABSOLUTE
    __ARM_use_no_argv                        0x00000000   Number         0  main.o ABSOLUTE
    _printf_flags                            0x00000000   Number         0  printf_stubs.o ABSOLUTE
    _printf_return_value                     0x00000000   Number         0  printf_stubs.o ABSOLUTE
    _printf_sizespec                         0x00000000   Number         0  printf_stubs.o ABSOLUTE
    _printf_widthprec                        0x00000000   Number         0  printf_stubs.o ABSOLUTE
    __ARM_exceptions_init                     - Undefined Weak Reference
    __alloca_initialize                       - Undefined Weak Reference
    __arm_fini_                               - Undefined Weak Reference
    __arm_preinit_                            - Undefined Weak Reference
    __cpp_initialize__aeabi_                  - Undefined Weak Reference
    __cxa_finalize                            - Undefined Weak Reference
    __rt_locale                               - Undefined Weak Reference
    __sigvec_lookup                           - Undefined Weak Reference
    _atexit_init                              - Undefined Weak Reference
    _call_atexit_fns                          - Undefined Weak Reference
    _clock_init                               - Undefined Weak Reference
    _fp_trap_init                             - Undefined Weak Reference
    _fp_trap_shutdown                         - Undefined Weak Reference
    _get_lc_collate                           - Undefined Weak Reference
    _get_lc_ctype                             - Undefined Weak Reference
    _get_lc_monetary                          - Undefined Weak Reference
    _get_lc_numeric                           - Undefined Weak Reference
    _get_lc_time                              - Undefined Weak Reference
    _getenv_init                              - Undefined Weak Reference
    _handle_redirection                       - Undefined Weak Reference
    _init_alloc                               - Undefined Weak Reference
    _init_user_alloc                          - Undefined Weak Reference
    _initio                                   - Undefined Weak Reference
    _printf_post_padding                      - Undefined Weak Reference
    _printf_pre_padding                       - Undefined Weak Reference
    _printf_truncate_signed                   - Undefined Weak Reference
    _printf_truncate_unsigned                 - Undefined Weak Reference
    _rand_init                                - Undefined Weak Reference
    _signal_finish                            - Undefined Weak Reference
    _signal_init                              - Undefined Weak Reference
    _terminate_alloc                          - Undefined Weak Reference
    _terminate_user_alloc                     - Undefined Weak Reference
    _terminateio                              - Undefined Weak Reference
    __Vectors_Size                           0x00000130   Number         0  startup_stm32f103xe.o ABSOLUTE
    __Vectors                                0x08000000   Data           4  startup_stm32f103xe.o(RESET)
    __Vectors_End                            0x08000130   Data           0  startup_stm32f103xe.o(RESET)
    __main                                   0x08000131   Thumb Code     8  __main.o(!!!main)
    __scatterload                            0x08000139   Thumb Code     0  __scatter.o(!!!scatter)
    __scatterload_rt2                        0x08000139   Thumb Code    44  __scatter.o(!!!scatter)
    __scatterload_rt2_thumb_only             0x08000139   Thumb Code     0  __scatter.o(!!!scatter)
    __scatterload_null                       0x08000147   Thumb Code     0  __scatter.o(!!!scatter)
    __scatterload_copy                       0x0800016d   Thumb Code    26  __scatter_copy.o(!!handler_copy)
    __scatterload_zeroinit                   0x08000189   Thumb Code    28  __scatter_zi.o(!!handler_zi)
    _printf_d                                0x080001a5   Thumb Code     0  _printf_d.o(.ARM.Collect$$_printf_percent$$00000009)
    _printf_percent                          0x080001a5   Thumb Code     0  _printf_percent.o(.ARM.Collect$$_printf_percent$$00000000)
    _printf_u                                0x080001ab   Thumb Code     0  _printf_u.o(.ARM.Collect$$_printf_percent$$0000000A)
    _printf_percent_end                      0x080001b1   Thumb Code     0  _printf_percent_end.o(.ARM.Collect$$_printf_percent$$00000017)
    __rt_lib_init                            0x080001b5   Thumb Code     0  libinit.o(.ARM.Collect$$libinit$$00000000)
    __rt_lib_init_alloca_1                   0x080001b7   Thumb Code     0  libinit2.o(.ARM.Collect$$libinit$$0000002E)
    __rt_lib_init_argv_1                     0x080001b7   Thumb Code     0  libinit2.o(.ARM.Collect$$libinit$$0000002C)
    __rt_lib_init_atexit_1                   0x080001b7   Thumb Code     0  libinit2.o(.ARM.Collect$$libinit$$0000001B)
    __rt_lib_init_clock_1                    0x080001b7   Thumb Code     0  libinit2.o(.ARM.Collect$$libinit$$00000021)
    __rt_lib_init_cpp_1                      0x080001b7   Thumb Code     0  libinit2.o(.ARM.Collect$$libinit$$00000032)
    __rt_lib_init_exceptions_1               0x080001b7   Thumb Code     0  libinit2.o(.ARM.Collect$$libinit$$00000030)
    __rt_lib_init_fp_1                       0x080001b7   Thumb Code     0  libinit2.o(.ARM.Collect$$libinit$$00000002)
    __rt_lib_init_fp_trap_1                  0x080001b7   Thumb Code     0  libinit2.o(.ARM.Collect$$libinit$$0000001F)
    __rt_lib_init_getenv_1                   0x080001b7   Thumb Code     0  libinit2.o(.ARM.Collect$$libinit$$00000023)
    __rt_lib_init_heap_1                     0x080001b7   Thumb Code     0  libinit2.o(.ARM.Collect$$libinit$$0000000A)
    __rt_lib_init_lc_collate_1               0x080001b7   Thumb Code     0  libinit2.o(.ARM.Collect$$libinit$$00000011)
    __rt_lib_init_lc_ctype_1                 0x080001b7   Thumb Code     0  libinit2.o(.ARM.Collect$$libinit$$00000013)
    __rt_lib_init_lc_monetary_1              0x080001b7   Thumb Code     0  libinit2.o(.ARM.Collect$$libinit$$00000015)
    __rt_lib_init_lc_numeric_1               0x080001b7   Thumb Code     0  libinit2.o(.ARM.Collect$$libinit$$00000017)
    __rt_lib_init_lc_time_1                  0x080001b7   Thumb Code     0  libinit2.o(.ARM.Collect$$libinit$$00000019)
    __rt_lib_init_preinit_1                  0x080001b7   Thumb Code     0  libinit2.o(.ARM.Collect$$libinit$$00000004)
    __rt_lib_init_rand_1                     0x080001b7   Thumb Code     0  libinit2.o(.ARM.Collect$$libinit$$0000000E)
    __rt_lib_init_return                     0x080001b7   Thumb Code     0  libinit2.o(.ARM.Collect$$libinit$$00000033)
    __rt_lib_init_signal_1                   0x080001b7   Thumb Code     0  libinit2.o(.ARM.Collect$$libinit$$0000001D)
    __rt_lib_init_stdio_1                    0x080001b7   Thumb Code     0  libinit2.o(.ARM.Collect$$libinit$$00000025)
    __rt_lib_init_user_alloc_1               0x080001b7   Thumb Code     0  libinit2.o(.ARM.Collect$$libinit$$0000000C)
    __rt_lib_shutdown                        0x080001b9   Thumb Code     0  libshutdown.o(.ARM.Collect$$libshutdown$$00000000)
    __rt_lib_shutdown_cpp_1                  0x080001bb   Thumb Code     0  libshutdown2.o(.ARM.Collect$$libshutdown$$00000004)
    __rt_lib_shutdown_fini_1                 0x080001bb   Thumb Code     0  libshutdown2.o(.ARM.Collect$$libshutdown$$00000002)
    __rt_lib_shutdown_fp_trap_1              0x080001bb   Thumb Code     0  libshutdown2.o(.ARM.Collect$$libshutdown$$00000009)
    __rt_lib_shutdown_heap_1                 0x080001bb   Thumb Code     0  libshutdown2.o(.ARM.Collect$$libshutdown$$00000011)
    __rt_lib_shutdown_return                 0x080001bb   Thumb Code     0  libshutdown2.o(.ARM.Collect$$libshutdown$$00000012)
    __rt_lib_shutdown_signal_1               0x080001bb   Thumb Code     0  libshutdown2.o(.ARM.Collect$$libshutdown$$0000000C)
    __rt_lib_shutdown_stdio_1                0x080001bb   Thumb Code     0  libshutdown2.o(.ARM.Collect$$libshutdown$$00000006)
    __rt_lib_shutdown_user_alloc_1           0x080001bb   Thumb Code     0  libshutdown2.o(.ARM.Collect$$libshutdown$$0000000E)
    __rt_entry                               0x080001bd   Thumb Code     0  __rtentry.o(.ARM.Collect$$rtentry$$00000000)
    __rt_entry_presh_1                       0x080001bd   Thumb Code     0  __rtentry2.o(.ARM.Collect$$rtentry$$00000002)
    __rt_entry_sh                            0x080001bd   Thumb Code     0  __rtentry4.o(.ARM.Collect$$rtentry$$00000004)
    __rt_entry_li                            0x080001c3   Thumb Code     0  __rtentry2.o(.ARM.Collect$$rtentry$$0000000A)
    __rt_entry_postsh_1                      0x080001c3   Thumb Code     0  __rtentry2.o(.ARM.Collect$$rtentry$$00000009)
    __rt_entry_main                          0x080001c7   Thumb Code     0  __rtentry2.o(.ARM.Collect$$rtentry$$0000000D)
    __rt_entry_postli_1                      0x080001c7   Thumb Code     0  __rtentry2.o(.ARM.Collect$$rtentry$$0000000C)
    __rt_exit                                0x080001cf   Thumb Code     0  rtexit.o(.ARM.Collect$$rtexit$$00000000)
    __rt_exit_ls                             0x080001d1   Thumb Code     0  rtexit2.o(.ARM.Collect$$rtexit$$00000003)
    __rt_exit_prels_1                        0x080001d1   Thumb Code     0  rtexit2.o(.ARM.Collect$$rtexit$$00000002)
    __rt_exit_exit                           0x080001d5   Thumb Code     0  rtexit2.o(.ARM.Collect$$rtexit$$00000004)
    SVC_Handler                              0x080001dd   Thumb Code    32  port.o(.emb_text)
    __asm___6_port_c_39a90d8d__prvStartFirstTask 0x08000201   Thumb Code    28  port.o(.emb_text)
    PendSV_Handler                           0x08000221   Thumb Code    72  port.o(.emb_text)
    vPortGetIPSR                             0x0800026d   Thumb Code     6  port.o(.emb_text)
    Reset_Handler                            0x08000275   Thumb Code     8  startup_stm32f103xe.o(.text)
    ADC1_2_IRQHandler                        0x0800028f   Thumb Code     0  startup_stm32f103xe.o(.text)
    ADC3_IRQHandler                          0x0800028f   Thumb Code     0  startup_stm32f103xe.o(.text)
    CAN1_RX1_IRQHandler                      0x0800028f   Thumb Code     0  startup_stm32f103xe.o(.text)
    CAN1_SCE_IRQHandler                      0x0800028f   Thumb Code     0  startup_stm32f103xe.o(.text)
    DMA1_Channel1_IRQHandler                 0x0800028f   Thumb Code     0  startup_stm32f103xe.o(.text)
    DMA1_Channel2_IRQHandler                 0x0800028f   Thumb Code     0  startup_stm32f103xe.o(.text)
    DMA1_Channel3_IRQHandler                 0x0800028f   Thumb Code     0  startup_stm32f103xe.o(.text)
    DMA1_Channel4_IRQHandler                 0x0800028f   Thumb Code     0  startup_stm32f103xe.o(.text)
    DMA1_Channel5_IRQHandler                 0x0800028f   Thumb Code     0  startup_stm32f103xe.o(.text)
    DMA1_Channel6_IRQHandler                 0x0800028f   Thumb Code     0  startup_stm32f103xe.o(.text)
    DMA1_Channel7_IRQHandler                 0x0800028f   Thumb Code     0  startup_stm32f103xe.o(.text)
    DMA2_Channel1_IRQHandler                 0x0800028f   Thumb Code     0  startup_stm32f103xe.o(.text)
    DMA2_Channel2_IRQHandler                 0x0800028f   Thumb Code     0  startup_stm32f103xe.o(.text)
    DMA2_Channel3_IRQHandler                 0x0800028f   Thumb Code     0  startup_stm32f103xe.o(.text)
    DMA2_Channel4_5_IRQHandler               0x0800028f   Thumb Code     0  startup_stm32f103xe.o(.text)
    EXTI0_IRQHandler                         0x0800028f   Thumb Code     0  startup_stm32f103xe.o(.text)
    EXTI15_10_IRQHandler                     0x0800028f   Thumb Code     0  startup_stm32f103xe.o(.text)
    EXTI1_IRQHandler                         0x0800028f   Thumb Code     0  startup_stm32f103xe.o(.text)
    EXTI2_IRQHandler                         0x0800028f   Thumb Code     0  startup_stm32f103xe.o(.text)
    EXTI3_IRQHandler                         0x0800028f   Thumb Code     0  startup_stm32f103xe.o(.text)
    EXTI4_IRQHandler                         0x0800028f   Thumb Code     0  startup_stm32f103xe.o(.text)
    EXTI9_5_IRQHandler                       0x0800028f   Thumb Code     0  startup_stm32f103xe.o(.text)
    FLASH_IRQHandler                         0x0800028f   Thumb Code     0  startup_stm32f103xe.o(.text)
    FSMC_IRQHandler                          0x0800028f   Thumb Code     0  startup_stm32f103xe.o(.text)
    I2C1_ER_IRQHandler                       0x0800028f   Thumb Code     0  startup_stm32f103xe.o(.text)
    I2C1_EV_IRQHandler                       0x0800028f   Thumb Code     0  startup_stm32f103xe.o(.text)
    I2C2_ER_IRQHandler                       0x0800028f   Thumb Code     0  startup_stm32f103xe.o(.text)
    I2C2_EV_IRQHandler                       0x0800028f   Thumb Code     0  startup_stm32f103xe.o(.text)
    PVD_IRQHandler                           0x0800028f   Thumb Code     0  startup_stm32f103xe.o(.text)
    RCC_IRQHandler                           0x0800028f   Thumb Code     0  startup_stm32f103xe.o(.text)
    RTC_Alarm_IRQHandler                     0x0800028f   Thumb Code     0  startup_stm32f103xe.o(.text)
    RTC_IRQHandler                           0x0800028f   Thumb Code     0  startup_stm32f103xe.o(.text)
    SDIO_IRQHandler                          0x0800028f   Thumb Code     0  startup_stm32f103xe.o(.text)
    SPI1_IRQHandler                          0x0800028f   Thumb Code     0  startup_stm32f103xe.o(.text)
    SPI2_IRQHandler                          0x0800028f   Thumb Code     0  startup_stm32f103xe.o(.text)
    SPI3_IRQHandler                          0x0800028f   Thumb Code     0  startup_stm32f103xe.o(.text)
    TAMPER_IRQHandler                        0x0800028f   Thumb Code     0  startup_stm32f103xe.o(.text)
    TIM1_BRK_IRQHandler                      0x0800028f   Thumb Code     0  startup_stm32f103xe.o(.text)
    TIM1_CC_IRQHandler                       0x0800028f   Thumb Code     0  startup_stm32f103xe.o(.text)
    TIM1_TRG_COM_IRQHandler                  0x0800028f   Thumb Code     0  startup_stm32f103xe.o(.text)
    TIM1_UP_IRQHandler                       0x0800028f   Thumb Code     0  startup_stm32f103xe.o(.text)
    TIM2_IRQHandler                          0x0800028f   Thumb Code     0  startup_stm32f103xe.o(.text)
    TIM3_IRQHandler                          0x0800028f   Thumb Code     0  startup_stm32f103xe.o(.text)
    TIM4_IRQHandler                          0x0800028f   Thumb Code     0  startup_stm32f103xe.o(.text)
    TIM5_IRQHandler                          0x0800028f   Thumb Code     0  startup_stm32f103xe.o(.text)
    TIM6_IRQHandler                          0x0800028f   Thumb Code     0  startup_stm32f103xe.o(.text)
    TIM8_BRK_IRQHandler                      0x0800028f   Thumb Code     0  startup_stm32f103xe.o(.text)
    TIM8_CC_IRQHandler                       0x0800028f   Thumb Code     0  startup_stm32f103xe.o(.text)
    TIM8_TRG_COM_IRQHandler                  0x0800028f   Thumb Code     0  startup_stm32f103xe.o(.text)
    TIM8_UP_IRQHandler                       0x0800028f   Thumb Code     0  startup_stm32f103xe.o(.text)
    UART4_IRQHandler                         0x0800028f   Thumb Code     0  startup_stm32f103xe.o(.text)
    UART5_IRQHandler                         0x0800028f   Thumb Code     0  startup_stm32f103xe.o(.text)
    USART1_IRQHandler                        0x0800028f   Thumb Code     0  startup_stm32f103xe.o(.text)
    USART2_IRQHandler                        0x0800028f   Thumb Code     0  startup_stm32f103xe.o(.text)
    USART3_IRQHandler                        0x0800028f   Thumb Code     0  startup_stm32f103xe.o(.text)
    USBWakeUp_IRQHandler                     0x0800028f   Thumb Code     0  startup_stm32f103xe.o(.text)
    USB_HP_CAN1_TX_IRQHandler                0x0800028f   Thumb Code     0  startup_stm32f103xe.o(.text)
    USB_LP_CAN1_RX0_IRQHandler               0x0800028f   Thumb Code     0  startup_stm32f103xe.o(.text)
    WWDG_IRQHandler                          0x0800028f   Thumb Code     0  startup_stm32f103xe.o(.text)
    __user_initial_stackheap                 0x08000291   Thumb Code     0  startup_stm32f103xe.o(.text)
    __2sprintf                               0x080002b5   Thumb Code    34  noretval__2sprintf.o(.text)
    _printf_int_dec                          0x080002dd   Thumb Code   104  _printf_dec.o(.text)
    __printf                                 0x08000355   Thumb Code   184  __printf_ss.o(.text)
    __aeabi_memcpy                           0x0800040d   Thumb Code     0  rt_memcpy_v6.o(.text)
    __rt_memcpy                              0x0800040d   Thumb Code   138  rt_memcpy_v6.o(.text)
    _memcpy_lastbytes                        0x08000473   Thumb Code     0  rt_memcpy_v6.o(.text)
    __aeabi_memcpy4                          0x08000497   Thumb Code     0  rt_memcpy_w.o(.text)
    __aeabi_memcpy8                          0x08000497   Thumb Code     0  rt_memcpy_w.o(.text)
    __rt_memcpy_w                            0x08000497   Thumb Code   100  rt_memcpy_w.o(.text)
    _memcpy_lastbytes_aligned                0x080004df   Thumb Code     0  rt_memcpy_w.o(.text)
    __aeabi_memset                           0x080004fb   Thumb Code    16  aeabi_memset.o(.text)
    __aeabi_memclr4                          0x0800050b   Thumb Code     0  rt_memclr_w.o(.text)
    __aeabi_memclr8                          0x0800050b   Thumb Code     0  rt_memclr_w.o(.text)
    __rt_memclr_w                            0x0800050b   Thumb Code    78  rt_memclr_w.o(.text)
    _memset_w                                0x0800050f   Thumb Code     0  rt_memclr_w.o(.text)
    __use_two_region_memory                  0x08000559   Thumb Code     2  heapauxi.o(.text)
    __rt_heap_escrow$2region                 0x0800055b   Thumb Code     2  heapauxi.o(.text)
    __rt_heap_expand$2region                 0x0800055d   Thumb Code     2  heapauxi.o(.text)
    _printf_int_common                       0x0800055f   Thumb Code   178  _printf_intcommon.o(.text)
    _printf_char_common                      0x0800061b   Thumb Code    32  _printf_char_common.o(.text)
    _sputc                                   0x08000641   Thumb Code    10  _sputc.o(.text)
    __aeabi_memclr                           0x0800064b   Thumb Code     0  rt_memclr.o(.text)
    __rt_memclr                              0x0800064b   Thumb Code    68  rt_memclr.o(.text)
    _memset                                  0x0800064f   Thumb Code     0  rt_memclr.o(.text)
    __user_setup_stackheap                   0x0800068f   Thumb Code    74  sys_stackheap_outer.o(.text)
    exit                                     0x080006d9   Thumb Code    18  exit.o(.text)
    __user_libspace                          0x080006ed   Thumb Code     8  libspace.o(.text)
    __user_perproc_libspace                  0x080006ed   Thumb Code     0  libspace.o(.text)
    __user_perthread_libspace                0x080006ed   Thumb Code     0  libspace.o(.text)
    _sys_exit                                0x080006f5   Thumb Code     8  sys_exit.o(.text)
    __I$use$semihosting                      0x08000701   Thumb Code     0  use_no_semi.o(.text)
    __use_no_semihosting_swi                 0x08000701   Thumb Code     2  use_no_semi.o(.text)
    BusFault_Handler                         0x08000703   Thumb Code     2  stm32f1xx_it.o(i.BusFault_Handler)
    __semihosting_library_function           0x08000703   Thumb Code     0  indicate_semi.o(.text)
    Buzzer_Init                              0x08000705   Thumb Code    12  buzzer.o(i.Buzzer_Init)
    Buzzer_LongBeep                          0x08000715   Thumb Code    26  buzzer.o(i.Buzzer_LongBeep)
    Buzzer_SetState                          0x08000735   Thumb Code    18  buzzer.o(i.Buzzer_SetState)
    Buzzer_ShortBeep                         0x0800074d   Thumb Code    28  buzzer.o(i.Buzzer_ShortBeep)
    Buzzer_Task_Init                         0x0800076d   Thumb Code    28  buzzer.o(i.Buzzer_Task_Init)
    DebugMon_Handler                         0x08000791   Thumb Code     2  stm32f1xx_it.o(i.DebugMon_Handler)
    EncoderTimerCallback                     0x08000793   Thumb Code     4  freertos.o(i.EncoderTimerCallback)
    Encoder_Init                             0x08000799   Thumb Code    66  bsp_encoder.o(i.Encoder_Init)
    Encoder_Read_CNT                         0x080007ed   Thumb Code    50  bsp_encoder.o(i.Encoder_Read_CNT)
    Encoder_Update_Count                     0x08000831   Thumb Code    54  bsp_encoder.o(i.Encoder_Update_Count)
    Error_Handler                            0x0800086d   Thumb Code     4  main.o(i.Error_Handler)
    ExecuteMotion                            0x08000871   Thumb Code   184  linewalking.o(i.ExecuteMotion)
    GetLineWalking                           0x08000931   Thumb Code    50  linewalking.o(i.GetLineWalking)
    HAL_Delay                                0x08000969   Thumb Code    32  stm32f1xx_hal.o(i.HAL_Delay)
    HAL_GPIO_Init                            0x0800098d   Thumb Code   462  stm32f1xx_hal_gpio.o(i.HAL_GPIO_Init)
    HAL_GPIO_ReadPin                         0x08000b85   Thumb Code    10  stm32f1xx_hal_gpio.o(i.HAL_GPIO_ReadPin)
    HAL_GPIO_WritePin                        0x08000b8f   Thumb Code    10  stm32f1xx_hal_gpio.o(i.HAL_GPIO_WritePin)
    HAL_GetTick                              0x08000b99   Thumb Code     6  stm32f1xx_hal.o(i.HAL_GetTick)
    HAL_I2C_Init                             0x08000ba5   Thumb Code   376  stm32f1xx_hal_i2c.o(i.HAL_I2C_Init)
    HAL_I2C_Master_Transmit                  0x08000d2d   Thumb Code   290  stm32f1xx_hal_i2c.o(i.HAL_I2C_Master_Transmit)
    HAL_I2C_MspInit                          0x08000e59   Thumb Code    96  i2c.o(i.HAL_I2C_MspInit)
    HAL_IncTick                              0x08000ec9   Thumb Code    12  stm32f1xx_hal.o(i.HAL_IncTick)
    HAL_Init                                 0x08000ed9   Thumb Code    32  stm32f1xx_hal.o(i.HAL_Init)
    HAL_InitTick                             0x08000efd   Thumb Code   132  stm32f1xx_hal_timebase_tim.o(i.HAL_InitTick)
    HAL_MspInit                              0x08000f95   Thumb Code    62  stm32f1xx_hal_msp.o(i.HAL_MspInit)
    HAL_NVIC_EnableIRQ                       0x08000fdd   Thumb Code    26  stm32f1xx_hal_cortex.o(i.HAL_NVIC_EnableIRQ)
    HAL_NVIC_SetPriority                     0x08000ff9   Thumb Code    60  stm32f1xx_hal_cortex.o(i.HAL_NVIC_SetPriority)
    HAL_NVIC_SetPriorityGrouping             0x08001039   Thumb Code    26  stm32f1xx_hal_cortex.o(i.HAL_NVIC_SetPriorityGrouping)
    HAL_RCC_ClockConfig                      0x0800105d   Thumb Code   280  stm32f1xx_hal_rcc.o(i.HAL_RCC_ClockConfig)
    HAL_RCC_GetClockConfig                   0x08001189   Thumb Code    54  stm32f1xx_hal_rcc.o(i.HAL_RCC_GetClockConfig)
    HAL_RCC_GetPCLK1Freq                     0x080011c9   Thumb Code    20  stm32f1xx_hal_rcc.o(i.HAL_RCC_GetPCLK1Freq)
    HAL_RCC_GetSysClockFreq                  0x080011e9   Thumb Code    58  stm32f1xx_hal_rcc.o(i.HAL_RCC_GetSysClockFreq)
    HAL_RCC_OscConfig                        0x08001235   Thumb Code   778  stm32f1xx_hal_rcc.o(i.HAL_RCC_OscConfig)
    HAL_TIMEx_BreakCallback                  0x08001555   Thumb Code     2  stm32f1xx_hal_tim_ex.o(i.HAL_TIMEx_BreakCallback)
    HAL_TIMEx_CommutCallback                 0x08001557   Thumb Code     2  stm32f1xx_hal_tim_ex.o(i.HAL_TIMEx_CommutCallback)
    HAL_TIMEx_ConfigBreakDeadTime            0x08001559   Thumb Code    84  stm32f1xx_hal_tim_ex.o(i.HAL_TIMEx_ConfigBreakDeadTime)
    HAL_TIMEx_MasterConfigSynchronization    0x080015ad   Thumb Code   104  stm32f1xx_hal_tim_ex.o(i.HAL_TIMEx_MasterConfigSynchronization)
    HAL_TIM_Base_Init                        0x08001629   Thumb Code    90  stm32f1xx_hal_tim.o(i.HAL_TIM_Base_Init)
    HAL_TIM_Base_MspInit                     0x08001685   Thumb Code    52  tim.o(i.HAL_TIM_Base_MspInit)
    HAL_TIM_Base_Start_IT                    0x080016c5   Thumb Code    88  stm32f1xx_hal_tim.o(i.HAL_TIM_Base_Start_IT)
    HAL_TIM_ConfigClockSource                0x08001731   Thumb Code   220  stm32f1xx_hal_tim.o(i.HAL_TIM_ConfigClockSource)
    HAL_TIM_Encoder_Init                     0x0800180d   Thumb Code   164  stm32f1xx_hal_tim.o(i.HAL_TIM_Encoder_Init)
    HAL_TIM_Encoder_MspInit                  0x080018b1   Thumb Code   270  tim.o(i.HAL_TIM_Encoder_MspInit)
    HAL_TIM_Encoder_Start                    0x080019dd   Thumb Code   142  stm32f1xx_hal_tim.o(i.HAL_TIM_Encoder_Start)
    HAL_TIM_IC_CaptureCallback               0x08001a6b   Thumb Code     2  stm32f1xx_hal_tim.o(i.HAL_TIM_IC_CaptureCallback)
    HAL_TIM_IRQHandler                       0x08001a6d   Thumb Code   304  stm32f1xx_hal_tim.o(i.HAL_TIM_IRQHandler)
    HAL_TIM_MspPostInit                      0x08001b9d   Thumb Code   102  tim.o(i.HAL_TIM_MspPostInit)
    HAL_TIM_OC_DelayElapsedCallback          0x08001c19   Thumb Code     2  stm32f1xx_hal_tim.o(i.HAL_TIM_OC_DelayElapsedCallback)
    HAL_TIM_PWM_ConfigChannel                0x08001c1b   Thumb Code   204  stm32f1xx_hal_tim.o(i.HAL_TIM_PWM_ConfigChannel)
    HAL_TIM_PWM_Init                         0x08001ce7   Thumb Code    90  stm32f1xx_hal_tim.o(i.HAL_TIM_PWM_Init)
    HAL_TIM_PWM_MspInit                      0x08001d41   Thumb Code     2  stm32f1xx_hal_tim.o(i.HAL_TIM_PWM_MspInit)
    HAL_TIM_PWM_PulseFinishedCallback        0x08001d43   Thumb Code     2  stm32f1xx_hal_tim.o(i.HAL_TIM_PWM_PulseFinishedCallback)
    HAL_TIM_PWM_Start                        0x08001d45   Thumb Code   160  stm32f1xx_hal_tim.o(i.HAL_TIM_PWM_Start)
    HAL_TIM_PeriodElapsedCallback            0x08001df9   Thumb Code    14  main.o(i.HAL_TIM_PeriodElapsedCallback)
    HAL_TIM_TriggerCallback                  0x08001e0d   Thumb Code     2  stm32f1xx_hal_tim.o(i.HAL_TIM_TriggerCallback)
    HardFault_Handler                        0x08001e0f   Thumb Code     2  stm32f1xx_it.o(i.HardFault_Handler)
    LCD_Backlight                            0x080020d7   Thumb Code    10  liquidcrystal_i2c.o(i.LCD_Backlight)
    LCD_Begin                                0x080020e1   Thumb Code   154  liquidcrystal_i2c.o(i.LCD_Begin)
    LCD_Clear                                0x0800217b   Thumb Code    18  liquidcrystal_i2c.o(i.LCD_Clear)
    LCD_Command                              0x0800218d   Thumb Code     6  liquidcrystal_i2c.o(i.LCD_Command)
    LCD_Display                              0x08002193   Thumb Code    16  liquidcrystal_i2c.o(i.LCD_Display)
    LCD_Home                                 0x080021a3   Thumb Code    18  liquidcrystal_i2c.o(i.LCD_Home)
    LCD_Init                                 0x080021b5   Thumb Code    22  liquidcrystal_i2c.o(i.LCD_Init)
    LCD_Print                                0x080021cb   Thumb Code    24  liquidcrystal_i2c.o(i.LCD_Print)
    LCD_SetCursor                            0x080021e5   Thumb Code    38  liquidcrystal_i2c.o(i.LCD_SetCursor)
    LCD_Write                                0x08002211   Thumb Code     6  liquidcrystal_i2c.o(i.LCD_Write)
    LineWalking_Task_Init                    0x08002219   Thumb Code    40  linewalking.o(i.LineWalking_Task_Init)
    MX_FREERTOS_Init                         0x0800224d   Thumb Code    76  freertos.o(i.MX_FREERTOS_Init)
    MX_GPIO_Init                             0x080022b1   Thumb Code   150  gpio.o(i.MX_GPIO_Init)
    MX_I2C1_Init                             0x08002355   Thumb Code    50  i2c.o(i.MX_I2C1_Init)
    MX_TIM1_Init                             0x08002395   Thumb Code   242  tim.o(i.MX_TIM1_Init)
    MX_TIM2_Init                             0x08002491   Thumb Code   102  tim.o(i.MX_TIM2_Init)
    MX_TIM3_Init                             0x080024fd   Thumb Code   100  tim.o(i.MX_TIM3_Init)
    MX_TIM4_Init                             0x08002569   Thumb Code   100  tim.o(i.MX_TIM4_Init)
    MX_TIM5_Init                             0x080025d5   Thumb Code   100  tim.o(i.MX_TIM5_Init)
    MX_TIM8_Init                             0x08002641   Thumb Code   242  tim.o(i.MX_TIM8_Init)
    MemManage_Handler                        0x0800273d   Thumb Code     2  stm32f1xx_it.o(i.MemManage_Handler)
    Motor_PWM_Init                           0x08002741   Thumb Code    98  bsp_motor.o(i.Motor_PWM_Init)
    Motor_Set_Pwm                            0x080027b1   Thumb Code   128  bsp_motor.o(i.Motor_Set_Pwm)
    NMI_Handler                              0x08002839   Thumb Code     2  stm32f1xx_it.o(i.NMI_Handler)
    ProcessLineWalking                       0x0800283d   Thumb Code   242  linewalking.o(i.ProcessLineWalking)
    ResetAllState                            0x08002985   Thumb Code    66  linewalking.o(i.ResetAllState)
    StartBuzzerTask                          0x080029cd   Thumb Code   106  buzzer.o(i.StartBuzzerTask)
    StartDefaultTask                         0x08002a3d   Thumb Code   134  freertos.o(i.StartDefaultTask)
    StartLineWalkingTask                     0x08002b05   Thumb Code   100  linewalking.o(i.StartLineWalkingTask)
    StartTask02                              0x08002b6d   Thumb Code     8  freertos.o(i.StartTask02)
    StartTask03                              0x08002b75   Thumb Code     8  freertos.o(i.StartTask03)
    SysTick_Handler                          0x08002b7d   Thumb Code    26  cmsis_os2.o(i.SysTick_Handler)
    SystemClock_Config                       0x08002b97   Thumb Code    94  main.o(i.SystemClock_Config)
    SystemInit                               0x08002bf5   Thumb Code     2  system_stm32f1xx.o(i.SystemInit)
    TIM7_IRQHandler                          0x08002bf9   Thumb Code     6  stm32f1xx_it.o(i.TIM7_IRQHandler)
    TIM_Base_SetConfig                       0x08002c05   Thumb Code   134  stm32f1xx_hal_tim.o(i.TIM_Base_SetConfig)
    TIM_CCxChannelCmd                        0x08002ca1   Thumb Code    26  stm32f1xx_hal_tim.o(i.TIM_CCxChannelCmd)
    TIM_ETR_SetConfig                        0x08002cbb   Thumb Code    20  stm32f1xx_hal_tim.o(i.TIM_ETR_SetConfig)
    TIM_OC2_SetConfig                        0x08002d41   Thumb Code    98  stm32f1xx_hal_tim.o(i.TIM_OC2_SetConfig)
    UsageFault_Handler                       0x08002ec3   Thumb Code     2  stm32f1xx_it.o(i.UsageFault_Handler)
    main                                     0x08002f5f   Thumb Code    62  main.o(i.main)
    osDelay                                  0x08002f9d   Thumb Code    26  cmsis_os2.o(i.osDelay)
    osKernelInitialize                       0x08002fb9   Thumb Code    32  cmsis_os2.o(i.osKernelInitialize)
    osKernelStart                            0x08002fdd   Thumb Code    48  cmsis_os2.o(i.osKernelStart)
    osThreadNew                              0x08003015   Thumb Code   138  cmsis_os2.o(i.osThreadNew)
    osTimerNew                               0x080030a1   Thumb Code   116  cmsis_os2.o(i.osTimerNew)
    osTimerStart                             0x08003119   Thumb Code    50  cmsis_os2.o(i.osTimerStart)
    pvPortMalloc                             0x08003931   Thumb Code   216  heap_4.o(i.pvPortMalloc)
    pvTimerGetTimerID                        0x08003a0d   Thumb Code    36  timers.o(i.pvTimerGetTimerID)
    pxPortInitialiseStack                    0x08003a31   Thumb Code    32  port.o(i.pxPortInitialiseStack)
    uxListRemove                             0x08003a55   Thumb Code    38  list.o(i.uxListRemove)
    vApplicationGetIdleTaskMemory            0x08003a7d   Thumb Code    16  cmsis_os2.o(i.vApplicationGetIdleTaskMemory)
    vApplicationGetTimerTaskMemory           0x08003a91   Thumb Code    18  cmsis_os2.o(i.vApplicationGetTimerTaskMemory)
    vListInitialise                          0x08003aa9   Thumb Code    22  list.o(i.vListInitialise)
    vListInitialiseItem                      0x08003abf   Thumb Code     6  list.o(i.vListInitialiseItem)
    vListInsert                              0x08003ac5   Thumb Code    48  list.o(i.vListInsert)
    vListInsertEnd                           0x08003af5   Thumb Code    24  list.o(i.vListInsertEnd)
    vPortEnterCritical                       0x08003b0d   Thumb Code    54  port.o(i.vPortEnterCritical)
    vPortExitCritical                        0x08003b4d   Thumb Code    34  port.o(i.vPortExitCritical)
    vPortFree                                0x08003b75   Thumb Code    94  heap_4.o(i.vPortFree)
    vPortSetupTimerInterrupt                 0x08003bd9   Thumb Code    32  port.o(i.vPortSetupTimerInterrupt)
    vPortValidateInterruptPriority           0x08003bfd   Thumb Code    74  port.o(i.vPortValidateInterruptPriority)
    vQueueAddToRegistry                      0x08003c51   Thumb Code    34  queue.o(i.vQueueAddToRegistry)
    vQueueWaitForMessageRestricted           0x08003c79   Thumb Code    68  queue.o(i.vQueueWaitForMessageRestricted)
    vTaskDelay                               0x08003cbd   Thumb Code    66  tasks.o(i.vTaskDelay)
    vTaskDelayUntil                          0x08003d09   Thumb Code   132  tasks.o(i.vTaskDelayUntil)
    vTaskInternalSetTimeOutState             0x08003d95   Thumb Code    12  tasks.o(i.vTaskInternalSetTimeOutState)
    vTaskMissedYield                         0x08003da5   Thumb Code     8  tasks.o(i.vTaskMissedYield)
    vTaskPlaceOnEventList                    0x08003db1   Thumb Code    44  tasks.o(i.vTaskPlaceOnEventList)
    vTaskPlaceOnEventListRestricted          0x08003de1   Thumb Code    52  tasks.o(i.vTaskPlaceOnEventListRestricted)
    vTaskStartScheduler                      0x08003e19   Thumb Code   118  tasks.o(i.vTaskStartScheduler)
    vTaskSuspendAll                          0x08003ea1   Thumb Code    10  tasks.o(i.vTaskSuspendAll)
    vTaskSwitchContext                       0x08003eb1   Thumb Code    90  tasks.o(i.vTaskSwitchContext)
    xPortStartScheduler                      0x08003f15   Thumb Code   154  port.o(i.xPortStartScheduler)
    xPortSysTickHandler                      0x08003fbd   Thumb Code    38  port.o(i.xPortSysTickHandler)
    xQueueGenericCreateStatic                0x08003fe9   Thumb Code   102  queue.o(i.xQueueGenericCreateStatic)
    xQueueGenericReset                       0x08004051   Thumb Code   132  queue.o(i.xQueueGenericReset)
    xQueueGenericSend                        0x080040d9   Thumb Code   346  queue.o(i.xQueueGenericSend)
    xQueueGenericSendFromISR                 0x08004239   Thumb Code   190  queue.o(i.xQueueGenericSendFromISR)
    xQueueReceive                            0x080042f9   Thumb Code   308  queue.o(i.xQueueReceive)
    xTaskCheckForTimeOut                     0x08004431   Thumb Code   112  tasks.o(i.xTaskCheckForTimeOut)
    xTaskCreate                              0x080044a5   Thumb Code    90  tasks.o(i.xTaskCreate)
    xTaskCreateStatic                        0x080044ff   Thumb Code    86  tasks.o(i.xTaskCreateStatic)
    xTaskGetSchedulerState                   0x08004555   Thumb Code    22  tasks.o(i.xTaskGetSchedulerState)
    xTaskGetTickCount                        0x08004571   Thumb Code     6  tasks.o(i.xTaskGetTickCount)
    xTaskIncrementTick                       0x0800457d   Thumb Code   192  tasks.o(i.xTaskIncrementTick)
    xTaskPriorityDisinherit                  0x08004645   Thumb Code   118  tasks.o(i.xTaskPriorityDisinherit)
    xTaskRemoveFromEventList                 0x080046c5   Thumb Code    98  tasks.o(i.xTaskRemoveFromEventList)
    xTaskResumeAll                           0x08004735   Thumb Code   182  tasks.o(i.xTaskResumeAll)
    xTimerCreate                             0x080047f9   Thumb Code    52  timers.o(i.xTimerCreate)
    xTimerCreateStatic                       0x0800482d   Thumb Code    46  timers.o(i.xTimerCreateStatic)
    xTimerCreateTimerTask                    0x0800485d   Thumb Code    78  timers.o(i.xTimerCreateTimerTask)
    xTimerGenericCommand                     0x080048bd   Thumb Code    98  timers.o(i.xTimerGenericCommand)
    defaultTask_attributes                   0x08004924   Data          36  freertos.o(.constdata)
    LineWalking_Tas_attributes               0x08004948   Data          36  freertos.o(.constdata)
    BUZZER_TASK_attributes                   0x0800496c   Data          36  freertos.o(.constdata)
    EncoderTimer_attributes                  0x08004990   Data          16  freertos.o(.constdata)
    AHBPrescTable                            0x080049b2   Data          16  system_stm32f1xx.o(.constdata)
    APBPrescTable                            0x080049c2   Data           8  system_stm32f1xx.o(.constdata)
    Region$$Table$$Base                      0x08004a78   Number         0  anon$$obj.o(Region$$Table)
    Region$$Table$$Limit                     0x08004a98   Number         0  anon$$obj.o(Region$$Table)
    defaultTaskHandle                        0x20000000   Data           4  freertos.o(.data)
    LineWalking_TasHandle                    0x20000004   Data           4  freertos.o(.data)
    BUZZER_TASKHandle                        0x20000008   Data           4  freertos.o(.data)
    EncoderTimerHandle                       0x2000000c   Data           4  freertos.o(.data)
    lcd                                      0x20000010   Data           8  freertos.o(.data)
    uwTickFreq                               0x20000018   Data           1  stm32f1xx_hal.o(.data)
    uwTickPrio                               0x2000001c   Data           4  stm32f1xx_hal.o(.data)
    uwTick                                   0x20000020   Data           4  stm32f1xx_hal.o(.data)
    SystemCoreClock                          0x20000024   Data           4  system_stm32f1xx.o(.data)
    motor_enable                             0x20000028   Data           1  bsp_motor.o(.data)
    g_Encoder_M1_Now                         0x2000002c   Data           4  bsp_encoder.o(.data)
    g_Encoder_M2_Now                         0x20000030   Data           4  bsp_encoder.o(.data)
    g_Encoder_M3_Now                         0x20000034   Data           4  bsp_encoder.o(.data)
    g_Encoder_M4_Now                         0x20000038   Data           4  bsp_encoder.o(.data)
    g_buzzer_left_branch_trigger             0x2000003d   Data           1  buzzer.o(.data)
    g_buzzer_right_branch_trigger            0x2000003e   Data           1  buzzer.o(.data)
    g_buzzer_crossroad_trigger               0x2000003f   Data           1  buzzer.o(.data)
    g_buzzer_stop_trigger                    0x20000040   Data           1  buzzer.o(.data)
    pxCurrentTCB                             0x2000004c   Data           4  tasks.o(.data)
    left_branch_count                        0x200000d8   Data           4  linewalking.o(.data)
    right_branch_count                       0x200000dc   Data           4  linewalking.o(.data)
    crossroad_count                          0x200000e0   Data           4  linewalking.o(.data)
    all                                      0x200000e4   Data           4  linewalking.o(.data)
    debug_counter                            0x200000ec   Data           4  linewalking.o(.data)
    LineWalkingTaskHandle                    0x200000f0   Data           4  linewalking.o(.data)
    hi2c1                                    0x200000f4   Data          84  i2c.o(.bss)
    htim1                                    0x20000148   Data          72  tim.o(.bss)
    htim2                                    0x20000190   Data          72  tim.o(.bss)
    htim3                                    0x200001d8   Data          72  tim.o(.bss)
    htim4                                    0x20000220   Data          72  tim.o(.bss)
    htim5                                    0x20000268   Data          72  tim.o(.bss)
    htim8                                    0x200002b0   Data          72  tim.o(.bss)
    htim7                                    0x200002f8   Data          72  stm32f1xx_hal_timebase_tim.o(.bss)
    xQueueRegistry                           0x20000340   Data          64  queue.o(.bss)
    __libspace_start                         0x20001c14   Data          96  libspace.o(.bss)
    __temporary_stack_top$libspace           0x20001c74   Data           0  libspace.o(.bss)



==============================================================================

Memory Map of the image

  Image Entry point : 0x08000131

  Load Region LR_IROM1 (Base: 0x08000000, Size: 0x00004b8c, Max: 0x00040000, ABSOLUTE)

    Execution Region ER_IROM1 (Exec base: 0x08000000, Load base: 0x08000000, Size: 0x00004a98, Max: 0x00040000, ABSOLUTE)

    Exec Addr    Load Addr    Size         Type   Attr      Idx    E Section Name        Object

    0x08000000   0x08000000   0x00000130   Data   RO            3    RESET               startup_stm32f103xe.o
    0x08000130   0x08000130   0x00000008   Code   RO         5389  * !!!main             c_w.l(__main.o)
    0x08000138   0x08000138   0x00000034   Code   RO         5559    !!!scatter          c_w.l(__scatter.o)
    0x0800016c   0x0800016c   0x0000001a   Code   RO         5561    !!handler_copy      c_w.l(__scatter_copy.o)
    0x08000186   0x08000186   0x00000002   PAD
    0x08000188   0x08000188   0x0000001c   Code   RO         5563    !!handler_zi        c_w.l(__scatter_zi.o)
    0x080001a4   0x080001a4   0x00000000   Code   RO         5376    .ARM.Collect$$_printf_percent$$00000000  c_w.l(_printf_percent.o)
    0x080001a4   0x080001a4   0x00000006   Code   RO         5374    .ARM.Collect$$_printf_percent$$00000009  c_w.l(_printf_d.o)
    0x080001aa   0x080001aa   0x00000006   Code   RO         5375    .ARM.Collect$$_printf_percent$$0000000A  c_w.l(_printf_u.o)
    0x080001b0   0x080001b0   0x00000004   Code   RO         5398    .ARM.Collect$$_printf_percent$$00000017  c_w.l(_printf_percent_end.o)
    0x080001b4   0x080001b4   0x00000002   Code   RO         5427    .ARM.Collect$$libinit$$00000000  c_w.l(libinit.o)
    0x080001b6   0x080001b6   0x00000000   Code   RO         5434    .ARM.Collect$$libinit$$00000002  c_w.l(libinit2.o)
    0x080001b6   0x080001b6   0x00000000   Code   RO         5436    .ARM.Collect$$libinit$$00000004  c_w.l(libinit2.o)
    0x080001b6   0x080001b6   0x00000000   Code   RO         5439    .ARM.Collect$$libinit$$0000000A  c_w.l(libinit2.o)
    0x080001b6   0x080001b6   0x00000000   Code   RO         5441    .ARM.Collect$$libinit$$0000000C  c_w.l(libinit2.o)
    0x080001b6   0x080001b6   0x00000000   Code   RO         5443    .ARM.Collect$$libinit$$0000000E  c_w.l(libinit2.o)
    0x080001b6   0x080001b6   0x00000000   Code   RO         5446    .ARM.Collect$$libinit$$00000011  c_w.l(libinit2.o)
    0x080001b6   0x080001b6   0x00000000   Code   RO         5448    .ARM.Collect$$libinit$$00000013  c_w.l(libinit2.o)
    0x080001b6   0x080001b6   0x00000000   Code   RO         5450    .ARM.Collect$$libinit$$00000015  c_w.l(libinit2.o)
    0x080001b6   0x080001b6   0x00000000   Code   RO         5452    .ARM.Collect$$libinit$$00000017  c_w.l(libinit2.o)
    0x080001b6   0x080001b6   0x00000000   Code   RO         5454    .ARM.Collect$$libinit$$00000019  c_w.l(libinit2.o)
    0x080001b6   0x080001b6   0x00000000   Code   RO         5456    .ARM.Collect$$libinit$$0000001B  c_w.l(libinit2.o)
    0x080001b6   0x080001b6   0x00000000   Code   RO         5458    .ARM.Collect$$libinit$$0000001D  c_w.l(libinit2.o)
    0x080001b6   0x080001b6   0x00000000   Code   RO         5460    .ARM.Collect$$libinit$$0000001F  c_w.l(libinit2.o)
    0x080001b6   0x080001b6   0x00000000   Code   RO         5462    .ARM.Collect$$libinit$$00000021  c_w.l(libinit2.o)
    0x080001b6   0x080001b6   0x00000000   Code   RO         5464    .ARM.Collect$$libinit$$00000023  c_w.l(libinit2.o)
    0x080001b6   0x080001b6   0x00000000   Code   RO         5466    .ARM.Collect$$libinit$$00000025  c_w.l(libinit2.o)
    0x080001b6   0x080001b6   0x00000000   Code   RO         5470    .ARM.Collect$$libinit$$0000002C  c_w.l(libinit2.o)
    0x080001b6   0x080001b6   0x00000000   Code   RO         5472    .ARM.Collect$$libinit$$0000002E  c_w.l(libinit2.o)
    0x080001b6   0x080001b6   0x00000000   Code   RO         5474    .ARM.Collect$$libinit$$00000030  c_w.l(libinit2.o)
    0x080001b6   0x080001b6   0x00000000   Code   RO         5476    .ARM.Collect$$libinit$$00000032  c_w.l(libinit2.o)
    0x080001b6   0x080001b6   0x00000002   Code   RO         5477    .ARM.Collect$$libinit$$00000033  c_w.l(libinit2.o)
    0x080001b8   0x080001b8   0x00000002   Code   RO         5497    .ARM.Collect$$libshutdown$$00000000  c_w.l(libshutdown.o)
    0x080001ba   0x080001ba   0x00000000   Code   RO         5510    .ARM.Collect$$libshutdown$$00000002  c_w.l(libshutdown2.o)
    0x080001ba   0x080001ba   0x00000000   Code   RO         5512    .ARM.Collect$$libshutdown$$00000004  c_w.l(libshutdown2.o)
    0x080001ba   0x080001ba   0x00000000   Code   RO         5514    .ARM.Collect$$libshutdown$$00000006  c_w.l(libshutdown2.o)
    0x080001ba   0x080001ba   0x00000000   Code   RO         5517    .ARM.Collect$$libshutdown$$00000009  c_w.l(libshutdown2.o)
    0x080001ba   0x080001ba   0x00000000   Code   RO         5520    .ARM.Collect$$libshutdown$$0000000C  c_w.l(libshutdown2.o)
    0x080001ba   0x080001ba   0x00000000   Code   RO         5522    .ARM.Collect$$libshutdown$$0000000E  c_w.l(libshutdown2.o)
    0x080001ba   0x080001ba   0x00000000   Code   RO         5525    .ARM.Collect$$libshutdown$$00000011  c_w.l(libshutdown2.o)
    0x080001ba   0x080001ba   0x00000002   Code   RO         5526    .ARM.Collect$$libshutdown$$00000012  c_w.l(libshutdown2.o)
    0x080001bc   0x080001bc   0x00000000   Code   RO         5391    .ARM.Collect$$rtentry$$00000000  c_w.l(__rtentry.o)
    0x080001bc   0x080001bc   0x00000000   Code   RO         5402    .ARM.Collect$$rtentry$$00000002  c_w.l(__rtentry2.o)
    0x080001bc   0x080001bc   0x00000006   Code   RO         5414    .ARM.Collect$$rtentry$$00000004  c_w.l(__rtentry4.o)
    0x080001c2   0x080001c2   0x00000000   Code   RO         5404    .ARM.Collect$$rtentry$$00000009  c_w.l(__rtentry2.o)
    0x080001c2   0x080001c2   0x00000004   Code   RO         5405    .ARM.Collect$$rtentry$$0000000A  c_w.l(__rtentry2.o)
    0x080001c6   0x080001c6   0x00000000   Code   RO         5407    .ARM.Collect$$rtentry$$0000000C  c_w.l(__rtentry2.o)
    0x080001c6   0x080001c6   0x00000008   Code   RO         5408    .ARM.Collect$$rtentry$$0000000D  c_w.l(__rtentry2.o)
    0x080001ce   0x080001ce   0x00000002   Code   RO         5431    .ARM.Collect$$rtexit$$00000000  c_w.l(rtexit.o)
    0x080001d0   0x080001d0   0x00000000   Code   RO         5479    .ARM.Collect$$rtexit$$00000002  c_w.l(rtexit2.o)
    0x080001d0   0x080001d0   0x00000004   Code   RO         5480    .ARM.Collect$$rtexit$$00000003  c_w.l(rtexit2.o)
    0x080001d4   0x080001d4   0x00000006   Code   RO         5481    .ARM.Collect$$rtexit$$00000004  c_w.l(rtexit2.o)
    0x080001da   0x080001da   0x00000002   PAD
    0x080001dc   0x080001dc   0x00000096   Code   RO         5161    .emb_text           port.o
    0x08000272   0x08000272   0x00000002   PAD
    0x08000274   0x08000274   0x00000040   Code   RO            4    .text               startup_stm32f103xe.o
    0x080002b4   0x080002b4   0x00000028   Code   RO         5348    .text               c_w.l(noretval__2sprintf.o)
    0x080002dc   0x080002dc   0x00000078   Code   RO         5352    .text               c_w.l(_printf_dec.o)
    0x08000354   0x08000354   0x000000b8   Code   RO         5357    .text               c_w.l(__printf_ss.o)
    0x0800040c   0x0800040c   0x0000008a   Code   RO         5377    .text               c_w.l(rt_memcpy_v6.o)
    0x08000496   0x08000496   0x00000064   Code   RO         5379    .text               c_w.l(rt_memcpy_w.o)
    0x080004fa   0x080004fa   0x00000010   Code   RO         5383    .text               c_w.l(aeabi_memset.o)
    0x0800050a   0x0800050a   0x0000004e   Code   RO         5385    .text               c_w.l(rt_memclr_w.o)
    0x08000558   0x08000558   0x00000006   Code   RO         5387    .text               c_w.l(heapauxi.o)
    0x0800055e   0x0800055e   0x000000b2   Code   RO         5392    .text               c_w.l(_printf_intcommon.o)
    0x08000610   0x08000610   0x00000030   Code   RO         5394    .text               c_w.l(_printf_char_common.o)
    0x08000640   0x08000640   0x0000000a   Code   RO         5396    .text               c_w.l(_sputc.o)
    0x0800064a   0x0800064a   0x00000044   Code   RO         5399    .text               c_w.l(rt_memclr.o)
    0x0800068e   0x0800068e   0x0000004a   Code   RO         5418    .text               c_w.l(sys_stackheap_outer.o)
    0x080006d8   0x080006d8   0x00000012   Code   RO         5420    .text               c_w.l(exit.o)
    0x080006ea   0x080006ea   0x00000002   PAD
    0x080006ec   0x080006ec   0x00000008   Code   RO         5428    .text               c_w.l(libspace.o)
    0x080006f4   0x080006f4   0x0000000c   Code   RO         5489    .text               c_w.l(sys_exit.o)
    0x08000700   0x08000700   0x00000002   Code   RO         5500    .text               c_w.l(use_no_semi.o)
    0x08000702   0x08000702   0x00000000   Code   RO         5502    .text               c_w.l(indicate_semi.o)
    0x08000702   0x08000702   0x00000002   Code   RO          426    i.BusFault_Handler  stm32f1xx_it.o
    0x08000704   0x08000704   0x00000010   Code   RO         3424    i.Buzzer_Init       buzzer.o
    0x08000714   0x08000714   0x00000020   Code   RO         3425    i.Buzzer_LongBeep   buzzer.o
    0x08000734   0x08000734   0x00000018   Code   RO         3426    i.Buzzer_SetState   buzzer.o
    0x0800074c   0x0800074c   0x00000020   Code   RO         3427    i.Buzzer_ShortBeep  buzzer.o
    0x0800076c   0x0800076c   0x00000024   Code   RO         3428    i.Buzzer_Task_Init  buzzer.o
    0x08000790   0x08000790   0x00000002   Code   RO          427    i.DebugMon_Handler  stm32f1xx_it.o
    0x08000792   0x08000792   0x00000004   Code   RO          219    i.EncoderTimerCallback  freertos.o
    0x08000796   0x08000796   0x00000002   PAD
    0x08000798   0x08000798   0x00000054   Code   RO         3064    i.Encoder_Init      bsp_encoder.o
    0x080007ec   0x080007ec   0x00000044   Code   RO         3065    i.Encoder_Read_CNT  bsp_encoder.o
    0x08000830   0x08000830   0x0000003c   Code   RO         3066    i.Encoder_Update_Count  bsp_encoder.o
    0x0800086c   0x0800086c   0x00000004   Code   RO           13    i.Error_Handler     main.o
    0x08000870   0x08000870   0x000000c0   Code   RO         5241    i.ExecuteMotion     linewalking.o
    0x08000930   0x08000930   0x00000038   Code   RO         5244    i.GetLineWalking    linewalking.o
    0x08000968   0x08000968   0x00000024   Code   RO         1569    i.HAL_Delay         stm32f1xx_hal.o
    0x0800098c   0x0800098c   0x000001f8   Code   RO         1879    i.HAL_GPIO_Init     stm32f1xx_hal_gpio.o
    0x08000b84   0x08000b84   0x0000000a   Code   RO         1881    i.HAL_GPIO_ReadPin  stm32f1xx_hal_gpio.o
    0x08000b8e   0x08000b8e   0x0000000a   Code   RO         1883    i.HAL_GPIO_WritePin  stm32f1xx_hal_gpio.o
    0x08000b98   0x08000b98   0x0000000c   Code   RO         1573    i.HAL_GetTick       stm32f1xx_hal.o
    0x08000ba4   0x08000ba4   0x00000188   Code   RO         2550    i.HAL_I2C_Init      stm32f1xx_hal_i2c.o
    0x08000d2c   0x08000d2c   0x0000012c   Code   RO         2563    i.HAL_I2C_Master_Transmit  stm32f1xx_hal_i2c.o
    0x08000e58   0x08000e58   0x00000070   Code   RO          295    i.HAL_I2C_MspInit   i2c.o
    0x08000ec8   0x08000ec8   0x00000010   Code   RO         1579    i.HAL_IncTick       stm32f1xx_hal.o
    0x08000ed8   0x08000ed8   0x00000024   Code   RO         1580    i.HAL_Init          stm32f1xx_hal.o
    0x08000efc   0x08000efc   0x00000098   Code   RO          514    i.HAL_InitTick      stm32f1xx_hal_timebase_tim.o
    0x08000f94   0x08000f94   0x00000048   Code   RO          490    i.HAL_MspInit       stm32f1xx_hal_msp.o
    0x08000fdc   0x08000fdc   0x0000001a   Code   RO         2039    i.HAL_NVIC_EnableIRQ  stm32f1xx_hal_cortex.o
    0x08000ff6   0x08000ff6   0x00000002   PAD
    0x08000ff8   0x08000ff8   0x00000040   Code   RO         2045    i.HAL_NVIC_SetPriority  stm32f1xx_hal_cortex.o
    0x08001038   0x08001038   0x00000024   Code   RO         2046    i.HAL_NVIC_SetPriorityGrouping  stm32f1xx_hal_cortex.o
    0x0800105c   0x0800105c   0x0000012c   Code   RO         1737    i.HAL_RCC_ClockConfig  stm32f1xx_hal_rcc.o
    0x08001188   0x08001188   0x00000040   Code   RO         1741    i.HAL_RCC_GetClockConfig  stm32f1xx_hal_rcc.o
    0x080011c8   0x080011c8   0x00000020   Code   RO         1744    i.HAL_RCC_GetPCLK1Freq  stm32f1xx_hal_rcc.o
    0x080011e8   0x080011e8   0x0000004c   Code   RO         1746    i.HAL_RCC_GetSysClockFreq  stm32f1xx_hal_rcc.o
    0x08001234   0x08001234   0x00000320   Code   RO         1749    i.HAL_RCC_OscConfig  stm32f1xx_hal_rcc.o
    0x08001554   0x08001554   0x00000002   Code   RO         1295    i.HAL_TIMEx_BreakCallback  stm32f1xx_hal_tim_ex.o
    0x08001556   0x08001556   0x00000002   Code   RO         1296    i.HAL_TIMEx_CommutCallback  stm32f1xx_hal_tim_ex.o
    0x08001558   0x08001558   0x00000054   Code   RO         1298    i.HAL_TIMEx_ConfigBreakDeadTime  stm32f1xx_hal_tim_ex.o
    0x080015ac   0x080015ac   0x0000007c   Code   RO         1314    i.HAL_TIMEx_MasterConfigSynchronization  stm32f1xx_hal_tim_ex.o
    0x08001628   0x08001628   0x0000005a   Code   RO          591    i.HAL_TIM_Base_Init  stm32f1xx_hal_tim.o
    0x08001682   0x08001682   0x00000002   PAD
    0x08001684   0x08001684   0x00000040   Code   RO          337    i.HAL_TIM_Base_MspInit  tim.o
    0x080016c4   0x080016c4   0x0000006c   Code   RO          596    i.HAL_TIM_Base_Start_IT  stm32f1xx_hal_tim.o
    0x08001730   0x08001730   0x000000dc   Code   RO          600    i.HAL_TIM_ConfigClockSource  stm32f1xx_hal_tim.o
    0x0800180c   0x0800180c   0x000000a4   Code   RO          612    i.HAL_TIM_Encoder_Init  stm32f1xx_hal_tim.o
    0x080018b0   0x080018b0   0x0000012c   Code   RO          339    i.HAL_TIM_Encoder_MspInit  tim.o
    0x080019dc   0x080019dc   0x0000008e   Code   RO          615    i.HAL_TIM_Encoder_Start  stm32f1xx_hal_tim.o
    0x08001a6a   0x08001a6a   0x00000002   Code   RO          625    i.HAL_TIM_IC_CaptureCallback  stm32f1xx_hal_tim.o
    0x08001a6c   0x08001a6c   0x00000130   Code   RO          639    i.HAL_TIM_IRQHandler  stm32f1xx_hal_tim.o
    0x08001b9c   0x08001b9c   0x0000007c   Code   RO          340    i.HAL_TIM_MspPostInit  tim.o
    0x08001c18   0x08001c18   0x00000002   Code   RO          642    i.HAL_TIM_OC_DelayElapsedCallback  stm32f1xx_hal_tim.o
    0x08001c1a   0x08001c1a   0x000000cc   Code   RO          663    i.HAL_TIM_PWM_ConfigChannel  stm32f1xx_hal_tim.o
    0x08001ce6   0x08001ce6   0x0000005a   Code   RO          666    i.HAL_TIM_PWM_Init  stm32f1xx_hal_tim.o
    0x08001d40   0x08001d40   0x00000002   Code   RO          668    i.HAL_TIM_PWM_MspInit  stm32f1xx_hal_tim.o
    0x08001d42   0x08001d42   0x00000002   Code   RO          669    i.HAL_TIM_PWM_PulseFinishedCallback  stm32f1xx_hal_tim.o
    0x08001d44   0x08001d44   0x000000b4   Code   RO          671    i.HAL_TIM_PWM_Start  stm32f1xx_hal_tim.o
    0x08001df8   0x08001df8   0x00000014   Code   RO           14    i.HAL_TIM_PeriodElapsedCallback  main.o
    0x08001e0c   0x08001e0c   0x00000002   Code   RO          682    i.HAL_TIM_TriggerCallback  stm32f1xx_hal_tim.o
    0x08001e0e   0x08001e0e   0x00000002   Code   RO          428    i.HardFault_Handler  stm32f1xx_it.o
    0x08001e10   0x08001e10   0x0000002e   Code   RO         2593    i.I2C_IsAcknowledgeFailed  stm32f1xx_hal_i2c.o
    0x08001e3e   0x08001e3e   0x00000002   PAD
    0x08001e40   0x08001e40   0x0000009c   Code   RO         2597    i.I2C_MasterRequestWrite  stm32f1xx_hal_i2c.o
    0x08001edc   0x08001edc   0x00000056   Code   RO         2608    i.I2C_WaitOnBTFFlagUntilTimeout  stm32f1xx_hal_i2c.o
    0x08001f32   0x08001f32   0x00000002   PAD
    0x08001f34   0x08001f34   0x00000090   Code   RO         2609    i.I2C_WaitOnFlagUntilTimeout  stm32f1xx_hal_i2c.o
    0x08001fc4   0x08001fc4   0x000000bc   Code   RO         2610    i.I2C_WaitOnMasterAddressFlagUntilTimeout  stm32f1xx_hal_i2c.o
    0x08002080   0x08002080   0x00000056   Code   RO         2612    i.I2C_WaitOnTXEFlagUntilTimeout  stm32f1xx_hal_i2c.o
    0x080020d6   0x080020d6   0x0000000a   Code   RO         3121    i.LCD_Backlight     liquidcrystal_i2c.o
    0x080020e0   0x080020e0   0x0000009a   Code   RO         3122    i.LCD_Begin         liquidcrystal_i2c.o
    0x0800217a   0x0800217a   0x00000012   Code   RO         3124    i.LCD_Clear         liquidcrystal_i2c.o
    0x0800218c   0x0800218c   0x00000006   Code   RO         3125    i.LCD_Command       liquidcrystal_i2c.o
    0x08002192   0x08002192   0x00000010   Code   RO         3128    i.LCD_Display       liquidcrystal_i2c.o
    0x080021a2   0x080021a2   0x00000012   Code   RO         3129    i.LCD_Home          liquidcrystal_i2c.o
    0x080021b4   0x080021b4   0x00000016   Code   RO         3130    i.LCD_Init          liquidcrystal_i2c.o
    0x080021ca   0x080021ca   0x00000018   Code   RO         3137    i.LCD_Print         liquidcrystal_i2c.o
    0x080021e2   0x080021e2   0x00000002   PAD
    0x080021e4   0x080021e4   0x0000002c   Code   RO         3143    i.LCD_SetCursor     liquidcrystal_i2c.o
    0x08002210   0x08002210   0x00000006   Code   RO         3144    i.LCD_Write         liquidcrystal_i2c.o
    0x08002216   0x08002216   0x00000002   PAD
    0x08002218   0x08002218   0x00000034   Code   RO         5247    i.LineWalking_Task_Init  linewalking.o
    0x0800224c   0x0800224c   0x00000064   Code   RO          220    i.MX_FREERTOS_Init  freertos.o
    0x080022b0   0x080022b0   0x000000a4   Code   RO          195    i.MX_GPIO_Init      gpio.o
    0x08002354   0x08002354   0x00000040   Code   RO          296    i.MX_I2C1_Init      i2c.o
    0x08002394   0x08002394   0x000000fc   Code   RO          341    i.MX_TIM1_Init      tim.o
    0x08002490   0x08002490   0x0000006c   Code   RO          342    i.MX_TIM2_Init      tim.o
    0x080024fc   0x080024fc   0x0000006c   Code   RO          343    i.MX_TIM3_Init      tim.o
    0x08002568   0x08002568   0x0000006c   Code   RO          344    i.MX_TIM4_Init      tim.o
    0x080025d4   0x080025d4   0x0000006c   Code   RO          345    i.MX_TIM5_Init      tim.o
    0x08002640   0x08002640   0x000000fc   Code   RO          346    i.MX_TIM8_Init      tim.o
    0x0800273c   0x0800273c   0x00000002   Code   RO          429    i.MemManage_Handler  stm32f1xx_it.o
    0x0800273e   0x0800273e   0x00000002   PAD
    0x08002740   0x08002740   0x00000070   Code   RO         3015    i.Motor_PWM_Init    bsp_motor.o
    0x080027b0   0x080027b0   0x00000088   Code   RO         3016    i.Motor_Set_Pwm     bsp_motor.o
    0x08002838   0x08002838   0x00000002   Code   RO          430    i.NMI_Handler       stm32f1xx_it.o
    0x0800283a   0x0800283a   0x00000002   PAD
    0x0800283c   0x0800283c   0x00000104   Code   RO         5248    i.ProcessLineWalking  linewalking.o
    0x08002940   0x08002940   0x00000044   Code   RO         5249    i.ReadStartButton   linewalking.o
    0x08002984   0x08002984   0x00000048   Code   RO         5250    i.ResetAllState     linewalking.o
    0x080029cc   0x080029cc   0x00000070   Code   RO         3429    i.StartBuzzerTask   buzzer.o
    0x08002a3c   0x08002a3c   0x000000c8   Code   RO          221    i.StartDefaultTask  freertos.o
    0x08002b04   0x08002b04   0x00000068   Code   RO         5253    i.StartLineWalkingTask  linewalking.o
    0x08002b6c   0x08002b6c   0x00000008   Code   RO          222    i.StartTask02       freertos.o
    0x08002b74   0x08002b74   0x00000008   Code   RO          223    i.StartTask03       freertos.o
    0x08002b7c   0x08002b7c   0x0000001a   Code   RO         4593    i.SysTick_Handler   cmsis_os2.o
    0x08002b96   0x08002b96   0x0000005e   Code   RO           15    i.SystemClock_Config  main.o
    0x08002bf4   0x08002bf4   0x00000002   Code   RO         2977    i.SystemInit        system_stm32f1xx.o
    0x08002bf6   0x08002bf6   0x00000002   PAD
    0x08002bf8   0x08002bf8   0x0000000c   Code   RO          431    i.TIM7_IRQHandler   stm32f1xx_it.o
    0x08002c04   0x08002c04   0x0000009c   Code   RO          684    i.TIM_Base_SetConfig  stm32f1xx_hal_tim.o
    0x08002ca0   0x08002ca0   0x0000001a   Code   RO          685    i.TIM_CCxChannelCmd  stm32f1xx_hal_tim.o
    0x08002cba   0x08002cba   0x00000014   Code   RO          695    i.TIM_ETR_SetConfig  stm32f1xx_hal_tim.o
    0x08002cce   0x08002cce   0x00000010   Code   RO          696    i.TIM_ITRx_SetConfig  stm32f1xx_hal_tim.o
    0x08002cde   0x08002cde   0x00000002   PAD
    0x08002ce0   0x08002ce0   0x00000060   Code   RO          697    i.TIM_OC1_SetConfig  stm32f1xx_hal_tim.o
    0x08002d40   0x08002d40   0x0000006c   Code   RO          698    i.TIM_OC2_SetConfig  stm32f1xx_hal_tim.o
    0x08002dac   0x08002dac   0x00000068   Code   RO          699    i.TIM_OC3_SetConfig  stm32f1xx_hal_tim.o
    0x08002e14   0x08002e14   0x00000050   Code   RO          700    i.TIM_OC4_SetConfig  stm32f1xx_hal_tim.o
    0x08002e64   0x08002e64   0x00000022   Code   RO          702    i.TIM_TI1_ConfigInputStage  stm32f1xx_hal_tim.o
    0x08002e86   0x08002e86   0x00000024   Code   RO          704    i.TIM_TI2_ConfigInputStage  stm32f1xx_hal_tim.o
    0x08002eaa   0x08002eaa   0x00000018   Code   RO         4594    i.TimerCallback     cmsis_os2.o
    0x08002ec2   0x08002ec2   0x00000002   Code   RO          432    i.UsageFault_Handler  stm32f1xx_it.o
    0x08002ec4   0x08002ec4   0x0000002e   Code   RO         3145    i._Z10write4bitsP17LiquidCrystal_I2Ch  liquidcrystal_i2c.o
    0x08002ef2   0x08002ef2   0x00000002   PAD
    0x08002ef4   0x08002ef4   0x00000024   Code   RO         3146    i._Z13expanderWriteP17LiquidCrystal_I2Ch  liquidcrystal_i2c.o
    0x08002f18   0x08002f18   0x00000026   Code   RO         3147    i._Z4sendP17LiquidCrystal_I2Chh  liquidcrystal_i2c.o
    0x08002f3e   0x08002f3e   0x00000020   Code   RO         2052    i.__NVIC_SetPriority  stm32f1xx_hal_cortex.o
    0x08002f5e   0x08002f5e   0x0000003e   Code   RO           16    i.main              main.o
    0x08002f9c   0x08002f9c   0x0000001a   Code   RO         4595    i.osDelay           cmsis_os2.o
    0x08002fb6   0x08002fb6   0x00000002   PAD
    0x08002fb8   0x08002fb8   0x00000024   Code   RO         4609    i.osKernelInitialize  cmsis_os2.o
    0x08002fdc   0x08002fdc   0x00000038   Code   RO         4612    i.osKernelStart     cmsis_os2.o
    0x08003014   0x08003014   0x0000008a   Code   RO         4654    i.osThreadNew       cmsis_os2.o
    0x0800309e   0x0800309e   0x00000002   PAD
    0x080030a0   0x080030a0   0x00000078   Code   RO         4663    i.osTimerNew        cmsis_os2.o
    0x08003118   0x08003118   0x00000032   Code   RO         4664    i.osTimerStart      cmsis_os2.o
    0x0800314a   0x0800314a   0x00000002   PAD
    0x0800314c   0x0800314c   0x0000005c   Code   RO         4054    i.prvAddCurrentTaskToDelayedList  tasks.o
    0x080031a8   0x080031a8   0x000000d0   Code   RO         4055    i.prvAddNewTaskToReadyList  tasks.o
    0x08003278   0x08003278   0x00000058   Code   RO         4419    i.prvCheckForValidListAndQueue  timers.o
    0x080032d0   0x080032d0   0x00000026   Code   RO         3651    i.prvCopyDataFromQueue  queue.o
    0x080032f6   0x080032f6   0x0000006c   Code   RO         3652    i.prvCopyDataToQueue  queue.o
    0x08003362   0x08003362   0x00000034   Code   RO         4056    i.prvDeleteTCB      tasks.o
    0x08003396   0x08003396   0x00000002   PAD
    0x08003398   0x08003398   0x0000004c   Code   RO         5106    i.prvHeapInit       heap_4.o
    0x080033e4   0x080033e4   0x00000060   Code   RO         4057    i.prvIdleTask       tasks.o
    0x08003444   0x08003444   0x00000022   Code   RO         3654    i.prvInitialiseNewQueue  queue.o
    0x08003466   0x08003466   0x00000002   PAD
    0x08003468   0x08003468   0x000000b0   Code   RO         4058    i.prvInitialiseNewTask  tasks.o
    0x08003518   0x08003518   0x0000004e   Code   RO         4420    i.prvInitialiseNewTimer  timers.o
    0x08003566   0x08003566   0x00000002   PAD
    0x08003568   0x08003568   0x0000004c   Code   RO         5107    i.prvInsertBlockIntoFreeList  heap_4.o
    0x080035b4   0x080035b4   0x00000038   Code   RO         4421    i.prvInsertTimerInActiveList  timers.o
    0x080035ec   0x080035ec   0x0000001c   Code   RO         3655    i.prvIsQueueEmpty   queue.o
    0x08003608   0x08003608   0x000000fc   Code   RO         4422    i.prvProcessReceivedCommands  timers.o
    0x08003704   0x08003704   0x000000c0   Code   RO         4423    i.prvProcessTimerOrBlockTask  timers.o
    0x080037c4   0x080037c4   0x00000020   Code   RO         4060    i.prvResetNextTaskUnblockTime  tasks.o
    0x080037e4   0x080037e4   0x00000028   Code   RO         4424    i.prvSampleTimeNow  timers.o
    0x0800380c   0x0800380c   0x0000006c   Code   RO         4425    i.prvSwitchTimerLists  timers.o
    0x08003878   0x08003878   0x00000028   Code   RO         5162    i.prvTaskExitError  port.o
    0x080038a0   0x080038a0   0x00000024   Code   RO         4426    i.prvTimerTask      timers.o
    0x080038c4   0x080038c4   0x0000006a   Code   RO         3656    i.prvUnlockQueue    queue.o
    0x0800392e   0x0800392e   0x00000002   PAD
    0x08003930   0x08003930   0x000000dc   Code   RO         5108    i.pvPortMalloc      heap_4.o
    0x08003a0c   0x08003a0c   0x00000024   Code   RO         4427    i.pvTimerGetTimerID  timers.o
    0x08003a30   0x08003a30   0x00000024   Code   RO         5163    i.pxPortInitialiseStack  port.o
    0x08003a54   0x08003a54   0x00000026   Code   RO         3611    i.uxListRemove      list.o
    0x08003a7a   0x08003a7a   0x00000002   PAD
    0x08003a7c   0x08003a7c   0x00000014   Code   RO         4666    i.vApplicationGetIdleTaskMemory  cmsis_os2.o
    0x08003a90   0x08003a90   0x00000018   Code   RO         4667    i.vApplicationGetTimerTaskMemory  cmsis_os2.o
    0x08003aa8   0x08003aa8   0x00000016   Code   RO         3612    i.vListInitialise   list.o
    0x08003abe   0x08003abe   0x00000006   Code   RO         3613    i.vListInitialiseItem  list.o
    0x08003ac4   0x08003ac4   0x00000030   Code   RO         3614    i.vListInsert       list.o
    0x08003af4   0x08003af4   0x00000018   Code   RO         3615    i.vListInsertEnd    list.o
    0x08003b0c   0x08003b0c   0x00000040   Code   RO         5165    i.vPortEnterCritical  port.o
    0x08003b4c   0x08003b4c   0x00000028   Code   RO         5166    i.vPortExitCritical  port.o
    0x08003b74   0x08003b74   0x00000064   Code   RO         5109    i.vPortFree         heap_4.o
    0x08003bd8   0x08003bd8   0x00000024   Code   RO         5167    i.vPortSetupTimerInterrupt  port.o
    0x08003bfc   0x08003bfc   0x00000054   Code   RO         5168    i.vPortValidateInterruptPriority  port.o
    0x08003c50   0x08003c50   0x00000028   Code   RO         3662    i.vQueueAddToRegistry  queue.o
    0x08003c78   0x08003c78   0x00000044   Code   RO         3666    i.vQueueWaitForMessageRestricted  queue.o
    0x08003cbc   0x08003cbc   0x0000004c   Code   RO         4073    i.vTaskDelay        tasks.o
    0x08003d08   0x08003d08   0x0000008c   Code   RO         4074    i.vTaskDelayUntil   tasks.o
    0x08003d94   0x08003d94   0x00000010   Code   RO         4078    i.vTaskInternalSetTimeOutState  tasks.o
    0x08003da4   0x08003da4   0x0000000c   Code   RO         4079    i.vTaskMissedYield  tasks.o
    0x08003db0   0x08003db0   0x00000030   Code   RO         4081    i.vTaskPlaceOnEventList  tasks.o
    0x08003de0   0x08003de0   0x00000038   Code   RO         4082    i.vTaskPlaceOnEventListRestricted  tasks.o
    0x08003e18   0x08003e18   0x00000088   Code   RO         4090    i.vTaskStartScheduler  tasks.o
    0x08003ea0   0x08003ea0   0x00000010   Code   RO         4092    i.vTaskSuspendAll   tasks.o
    0x08003eb0   0x08003eb0   0x00000064   Code   RO         4093    i.vTaskSwitchContext  tasks.o
    0x08003f14   0x08003f14   0x000000a8   Code   RO         5169    i.xPortStartScheduler  port.o
    0x08003fbc   0x08003fbc   0x0000002c   Code   RO         5170    i.xPortSysTickHandler  port.o
    0x08003fe8   0x08003fe8   0x00000066   Code   RO         3672    i.xQueueGenericCreateStatic  queue.o
    0x0800404e   0x0800404e   0x00000002   PAD
    0x08004050   0x08004050   0x00000088   Code   RO         3673    i.xQueueGenericReset  queue.o
    0x080040d8   0x080040d8   0x00000160   Code   RO         3674    i.xQueueGenericSend  queue.o
    0x08004238   0x08004238   0x000000be   Code   RO         3675    i.xQueueGenericSendFromISR  queue.o
    0x080042f6   0x080042f6   0x00000002   PAD
    0x080042f8   0x080042f8   0x00000138   Code   RO         3684    i.xQueueReceive     queue.o
    0x08004430   0x08004430   0x00000074   Code   RO         4095    i.xTaskCheckForTimeOut  tasks.o
    0x080044a4   0x080044a4   0x0000005a   Code   RO         4096    i.xTaskCreate       tasks.o
    0x080044fe   0x080044fe   0x00000056   Code   RO         4097    i.xTaskCreateStatic  tasks.o
    0x08004554   0x08004554   0x0000001c   Code   RO         4101    i.xTaskGetSchedulerState  tasks.o
    0x08004570   0x08004570   0x0000000c   Code   RO         4102    i.xTaskGetTickCount  tasks.o
    0x0800457c   0x0800457c   0x000000c8   Code   RO         4104    i.xTaskIncrementTick  tasks.o
    0x08004644   0x08004644   0x00000080   Code   RO         4107    i.xTaskPriorityDisinherit  tasks.o
    0x080046c4   0x080046c4   0x00000070   Code   RO         4109    i.xTaskRemoveFromEventList  tasks.o
    0x08004734   0x08004734   0x000000c4   Code   RO         4110    i.xTaskResumeAll    tasks.o
    0x080047f8   0x080047f8   0x00000034   Code   RO         4433    i.xTimerCreate      timers.o
    0x0800482c   0x0800482c   0x0000002e   Code   RO         4434    i.xTimerCreateStatic  timers.o
    0x0800485a   0x0800485a   0x00000002   PAD
    0x0800485c   0x0800485c   0x00000060   Code   RO         4435    i.xTimerCreateTimerTask  timers.o
    0x080048bc   0x080048bc   0x00000068   Code   RO         4436    i.xTimerGenericCommand  timers.o
    0x08004924   0x08004924   0x0000007c   Data   RO          224    .constdata          freertos.o
    0x080049a0   0x080049a0   0x00000012   Data   RO         1750    .constdata          stm32f1xx_hal_rcc.o
    0x080049b2   0x080049b2   0x00000010   Data   RO         2978    .constdata          system_stm32f1xx.o
    0x080049c2   0x080049c2   0x00000008   Data   RO         2979    .constdata          system_stm32f1xx.o
    0x080049ca   0x080049ca   0x00000002   PAD
    0x080049cc   0x080049cc   0x00000010   Data   RO         3176    .constdata          liquidcrystal_i2c.o
    0x080049dc   0x080049dc   0x00000024   Data   RO         3430    .constdata          buzzer.o
    0x08004a00   0x08004a00   0x00000024   Data   RO         5254    .constdata          linewalking.o
    0x08004a24   0x08004a24   0x00000038   Data   RO          225    .conststring        freertos.o
    0x08004a5c   0x08004a5c   0x0000000b   Data   RO         3431    .conststring        buzzer.o
    0x08004a67   0x08004a67   0x00000001   PAD
    0x08004a68   0x08004a68   0x00000010   Data   RO         5255    .conststring        linewalking.o
    0x08004a78   0x08004a78   0x00000020   Data   RO         5557    Region$$Table       anon$$obj.o


    Execution Region RW_IRAM1 (Exec base: 0x20000000, Load base: 0x08004a98, Size: 0x00002278, Max: 0x0000c000, ABSOLUTE)

    Exec Addr    Load Addr    Size         Type   Attr      Idx    E Section Name        Object

    0x20000000   0x08004a98   0x00000018   Data   RW          226    .data               freertos.o
    0x20000018   0x08004ab0   0x0000000c   Data   RW         1587    .data               stm32f1xx_hal.o
    0x20000024   0x08004abc   0x00000004   Data   RW         2980    .data               system_stm32f1xx.o
    0x20000028   0x08004ac0   0x00000001   Data   RW         3018    .data               bsp_motor.o
    0x20000029   0x08004ac1   0x00000003   PAD
    0x2000002c   0x08004ac4   0x00000010   Data   RW         3067    .data               bsp_encoder.o
    0x2000003c   0x08004ad4   0x00000010   Data   RW         3432    .data               buzzer.o
    0x2000004c   0x08004ae4   0x0000003c   Data   RW         4113    .data               tasks.o
    0x20000088   0x08004b20   0x00000014   Data   RW         4444    .data               timers.o
    0x2000009c   0x08004b34   0x00000004   Data   RW         4669    .data               cmsis_os2.o
    0x200000a0   0x08004b38   0x00000020   Data   RW         5115    .data               heap_4.o
    0x200000c0   0x08004b58   0x0000000c   Data   RW         5171    .data               port.o
    0x200000cc   0x08004b64   0x00000028   Data   RW         5256    .data               linewalking.o
    0x200000f4        -       0x00000054   Zero   RW          297    .bss                i2c.o
    0x20000148        -       0x000001b0   Zero   RW          347    .bss                tim.o
    0x200002f8        -       0x00000048   Zero   RW          517    .bss                stm32f1xx_hal_timebase_tim.o
    0x20000340        -       0x00000040   Zero   RW         3688    .bss                queue.o
    0x20000380        -       0x000004c4   Zero   RW         4112    .bss                tasks.o
    0x20000844        -       0x00000118   Zero   RW         4443    .bss                timers.o
    0x2000095c        -       0x000006b8   Zero   RW         4668    .bss                cmsis_os2.o
    0x20001014        -       0x00000c00   Zero   RW         5114    .bss                heap_4.o
    0x20001c14        -       0x00000060   Zero   RW         5429    .bss                c_w.l(libspace.o)
    0x20001c74   0x08004b8c   0x00000004   PAD
    0x20001c78        -       0x00000200   Zero   RW            2    HEAP                startup_stm32f103xe.o
    0x20001e78        -       0x00000400   Zero   RW            1    STACK               startup_stm32f103xe.o


==============================================================================

Image component sizes


      Code (inc. data)   RO Data    RW Data    ZI Data      Debug   Object Name

       212         42          0         16          0       1843   bsp_encoder.o
       248         22          0          1          0       1672   bsp_motor.o
       252         34         47         16          0       3902   buzzer.o
       520         26          0          4       1720      60675   cmsis_os2.o
         0          0          0          0          0      21916   event_groups.o
       320         90        180         24          0       4657   freertos.o
       164         14          0          0          0        895   gpio.o
       472         24          0         32       3072       4563   heap_4.o
       176         30          0          0         84       1529   i2c.o
       804         62         52         40          0       6726   linewalking.o
       438         10         16          0          0      12982   liquidcrystal_i2c.o
       138          0          0          0          0       3202   list.o
       180          6          0          0          0     497772   main.o
       662         70          0         12          0      10333   port.o
      1514         20          0          0         64      16560   queue.o
        64         26        304          0       1536        776   startup_stm32f103xe.o
       100         18          0         12          0       5618   stm32f1xx_hal.o
       158         14          0          0          0      28022   stm32f1xx_hal_cortex.o
       524         42          0          0          0       3399   stm32f1xx_hal_gpio.o
      1398         32          0          0          0       8805   stm32f1xx_hal_i2c.o
        72         10          0          0          0        802   stm32f1xx_hal_msp.o
      1272         82         18          0          0       4982   stm32f1xx_hal_rcc.o
      2188         98          0          0          0      17421   stm32f1xx_hal_tim.o
       212         20          0          0          0       3029   stm32f1xx_hal_tim_ex.o
       152         20          0          0         72       1379   stm32f1xx_hal_timebase_tim.o
        24          6          0          0          0       2791   stm32f1xx_it.o
         0          0          0          0          0        396   stream_buffer.o
         2          0         24          4          0       1019   system_stm32f1xx.o
      2224        176          0         60       1220      26406   tasks.o
      1424        114          0          0        432       6431   tim.o
      1184         80          0         20        280      35091   timers.o

    ----------------------------------------------------------------------
     17146       1188        676        244       8480     795594   Object Totals
         0          0         32          0          0          0   (incl. Generated)
        48          0          3          3          0          0   (incl. Padding)

    ----------------------------------------------------------------------

      Code (inc. data)   RO Data    RW Data    ZI Data      Debug   Library Member Name

         8          0          0          0          0         68   __main.o
       184          0          0          0          0         84   __printf_ss.o
         0          0          0          0          0          0   __rtentry.o
        12          0          0          0          0          0   __rtentry2.o
         6          0          0          0          0          0   __rtentry4.o
        52          8          0          0          0          0   __scatter.o
        26          0          0          0          0          0   __scatter_copy.o
        28          0          0          0          0          0   __scatter_zi.o
        48          6          0          0          0         96   _printf_char_common.o
         6          0          0          0          0          0   _printf_d.o
       120         16          0          0          0         92   _printf_dec.o
       178          0          0          0          0         88   _printf_intcommon.o
         0          0          0          0          0          0   _printf_percent.o
         4          0          0          0          0          0   _printf_percent_end.o
         6          0          0          0          0          0   _printf_u.o
        10          0          0          0          0         68   _sputc.o
        16          0          0          0          0         68   aeabi_memset.o
        18          0          0          0          0         80   exit.o
         6          0          0          0          0        152   heapauxi.o
         0          0          0          0          0          0   indicate_semi.o
         2          0          0          0          0          0   libinit.o
         2          0          0          0          0          0   libinit2.o
         2          0          0          0          0          0   libshutdown.o
         2          0          0          0          0          0   libshutdown2.o
         8          4          0          0         96         68   libspace.o
        40          6          0          0          0         84   noretval__2sprintf.o
        68          0          0          0          0         68   rt_memclr.o
        78          0          0          0          0         80   rt_memclr_w.o
       138          0          0          0          0         68   rt_memcpy_v6.o
       100          0          0          0          0         80   rt_memcpy_w.o
         2          0          0          0          0          0   rtexit.o
        10          0          0          0          0          0   rtexit2.o
        12          4          0          0          0         68   sys_exit.o
        74          0          0          0          0         80   sys_stackheap_outer.o
         2          0          0          0          0         68   use_no_semi.o

    ----------------------------------------------------------------------
      1274         44          0          0        100       1460   Library Totals
         6          0          0          0          4          0   (incl. Padding)

    ----------------------------------------------------------------------

      Code (inc. data)   RO Data    RW Data    ZI Data      Debug   Library Name

      1268         44          0          0         96       1460   c_w.l

    ----------------------------------------------------------------------
      1274         44          0          0        100       1460   Library Totals

    ----------------------------------------------------------------------

==============================================================================


      Code (inc. data)   RO Data    RW Data    ZI Data      Debug   

     18420       1232        676        244       8580     786650   Grand Totals
     18420       1232        676        244       8580     786650   ELF Image Totals
     18420       1232        676        244          0          0   ROM Totals

==============================================================================

    Total RO  Size (Code + RO Data)                19096 (  18.65kB)
    Total RW  Size (RW Data + ZI Data)              8824 (   8.62kB)
    Total ROM Size (Code + RO Data + RW Data)      19340 (  18.89kB)

==============================================================================

