Component: Arm Compiler for Embedded 6.22 Tool: armlink [5ee90200]

==============================================================================

Section Cross References

    startup_stm32f407xx.o(STACK) refers (Special) to heapauxi.o(.text) for __use_two_region_memory
    startup_stm32f407xx.o(HEAP) refers (Special) to heapauxi.o(.text) for __use_two_region_memory
    startup_stm32f407xx.o(RESET) refers (Special) to heapauxi.o(.text) for __use_two_region_memory
    startup_stm32f407xx.o(RESET) refers to startup_stm32f407xx.o(STACK) for __initial_sp
    startup_stm32f407xx.o(RESET) refers to startup_stm32f407xx.o(.text) for Reset_Handler
    startup_stm32f407xx.o(RESET) refers to stm32f4xx_it.o(.text.NMI_Handler) for NMI_Handler
    startup_stm32f407xx.o(RESET) refers to stm32f4xx_it.o(.text.HardFault_Handler) for HardFault_Handler
    startup_stm32f407xx.o(RESET) refers to stm32f4xx_it.o(.text.MemManage_Handler) for MemManage_Handler
    startup_stm32f407xx.o(RESET) refers to stm32f4xx_it.o(.text.BusFault_Handler) for BusFault_Handler
    startup_stm32f407xx.o(RESET) refers to stm32f4xx_it.o(.text.UsageFault_Handler) for UsageFault_Handler
    startup_stm32f407xx.o(RESET) refers to port.o(.text.SVC_Handler) for SVC_Handler
    startup_stm32f407xx.o(RESET) refers to stm32f4xx_it.o(.text.DebugMon_Handler) for DebugMon_Handler
    startup_stm32f407xx.o(RESET) refers to port.o(.text.PendSV_Handler) for PendSV_Handler
    startup_stm32f407xx.o(RESET) refers to stm32f4xx_it.o(.text.SysTick_Handler) for SysTick_Handler
    startup_stm32f407xx.o(RESET) refers to stm32f4xx_it.o(.text.DMA1_Stream1_IRQHandler) for DMA1_Stream1_IRQHandler
    startup_stm32f407xx.o(RESET) refers to stm32f4xx_it.o(.text.CAN1_RX0_IRQHandler) for CAN1_RX0_IRQHandler
    startup_stm32f407xx.o(RESET) refers to stm32f4xx_it.o(.text.CAN1_RX1_IRQHandler) for CAN1_RX1_IRQHandler
    startup_stm32f407xx.o(RESET) refers to stm32f4xx_it.o(.text.CAN1_SCE_IRQHandler) for CAN1_SCE_IRQHandler
    startup_stm32f407xx.o(RESET) refers to stm32f4xx_it.o(.text.TIM3_IRQHandler) for TIM3_IRQHandler
    startup_stm32f407xx.o(RESET) refers to stm32f4xx_it.o(.text.USART1_IRQHandler) for USART1_IRQHandler
    startup_stm32f407xx.o(RESET) refers to stm32f4xx_it.o(.text.USART3_IRQHandler) for USART3_IRQHandler
    startup_stm32f407xx.o(RESET) refers to stm32f4xx_it.o(.text.DMA2_Stream1_IRQHandler) for DMA2_Stream1_IRQHandler
    startup_stm32f407xx.o(RESET) refers to stm32f4xx_it.o(.text.DMA2_Stream2_IRQHandler) for DMA2_Stream2_IRQHandler
    startup_stm32f407xx.o(RESET) refers to stm32f4xx_it.o(.text.DMA2_Stream7_IRQHandler) for DMA2_Stream7_IRQHandler
    startup_stm32f407xx.o(RESET) refers to stm32f4xx_it.o(.text.USART6_IRQHandler) for USART6_IRQHandler
    startup_stm32f407xx.o(.text) refers (Special) to heapauxi.o(.text) for __use_two_region_memory
    startup_stm32f407xx.o(.text) refers to system_stm32f4xx.o(.text.SystemInit) for SystemInit
    startup_stm32f407xx.o(.text) refers to __main.o(!!!main) for __main
    startup_stm32f407xx.o(.text) refers to startup_stm32f407xx.o(HEAP) for Heap_Mem
    startup_stm32f407xx.o(.text) refers to startup_stm32f407xx.o(STACK) for Stack_Mem
    yuantai.o(.text.imageFileInfo) refers to yuantai.o(.rodata.imageFileTable) for imageFileTable
    yuantai.o(.ARM.exidx.text.imageFileInfo) refers to yuantai.o(.text.imageFileInfo) for [Anonymous Symbol]
    yuantai.o(.rodata.imageFileTable) refers to yuantai.o(.rodata.imageFileData) for [Anonymous Symbol]
    main.o(.text.HAL_UART_RxCpltCallback) refers to usart.o(.bss.huart6) for huart6
    main.o(.text.HAL_UART_RxCpltCallback) refers to main.o(.bss.imu_rx_buffer) for imu_rx_buffer
    main.o(.text.HAL_UART_RxCpltCallback) refers to main.o(.bss.imu) for imu
    main.o(.text.HAL_UART_RxCpltCallback) refers to main.o(.text._ZN3BSP3IMU10HI12_float10DataUpdateEPh) for BSP::IMU::HI12_float::DataUpdate(unsigned char*)
    main.o(.text.HAL_UART_RxCpltCallback) refers to stm32f4xx_hal_uart.o(.text.HAL_UART_Receive_DMA) for HAL_UART_Receive_DMA
    main.o(.ARM.exidx.text.HAL_UART_RxCpltCallback) refers to main.o(.text.HAL_UART_RxCpltCallback) for [Anonymous Symbol]
    main.o(.text._Z15CAN1_RxCallbackRN3HAL3CAN5FrameE) refers to main.o(.bss.gimbal_motor) for gimbal_motor
    main.o(.text._Z15CAN1_RxCallbackRN3HAL3CAN5FrameE) refers to main.o(.text._ZN3BSP5Motor3Dji12DjiMotorBaseILh2EE5ParseERKN3HAL3CAN5FrameE) for BSP::Motor::Dji::DjiMotorBase<(unsigned char)2>::Parse(HAL::CAN::Frame const&)
    main.o(.ARM.exidx.text._Z15CAN1_RxCallbackRN3HAL3CAN5FrameE) refers to main.o(.text._Z15CAN1_RxCallbackRN3HAL3CAN5FrameE) for [Anonymous Symbol]
    main.o(.text.HAL_CAN_RxFifo0MsgPendingCallback) refers to can_bus.o(.text._ZN3HAL3CAN20get_can_bus_instanceEv) for HAL::CAN::get_can_bus_instance()
    main.o(.text.HAL_CAN_RxFifo0MsgPendingCallback) refers to main.o(.bss.gimbal_motor) for gimbal_motor
[...]
    HAL_TIM_PeriodElapsedCallback            0x08003d79   Thumb Code   696  main.o(.text.HAL_TIM_PeriodElapsedCallback)
    HAL_TIM_TriggerCallback                  0x08004055   Thumb Code     2  stm32f4xx_hal_tim.o(.text.HAL_TIM_TriggerCallback)
    HAL_UARTEx_ReceiveToIdle_DMA             0x08004059   Thumb Code   494  stm32f4xx_hal_uart.o(.text.HAL_UARTEx_ReceiveToIdle_DMA)
    HAL_UARTEx_RxEventCallback               0x08004249   Thumb Code   140  yaokongqi.o(.text.HAL_UARTEx_RxEventCallback)
    HAL_UART_ErrorCallback                   0x080042d5   Thumb Code     2  stm32f4xx_hal_uart.o(.text.HAL_UART_ErrorCallback)
    HAL_UART_IRQHandler                      0x080042d9   Thumb Code  1428  stm32f4xx_hal_uart.o(.text.HAL_UART_IRQHandler)
    HAL_UART_Init                            0x0800486d   Thumb Code    96  stm32f4xx_hal_uart.o(.text.HAL_UART_Init)
    HAL_UART_MspInit                         0x080048cd   Thumb Code   590  usart.o(.text.HAL_UART_MspInit)
    HAL_UART_Receive_DMA                     0x08004b1d   Thumb Code   384  stm32f4xx_hal_uart.o(.text.HAL_UART_Receive_DMA)
    HAL_UART_RxCpltCallback                  0x08004c9d   Thumb Code    58  main.o(.text.HAL_UART_RxCpltCallback)
    HAL_UART_RxHalfCpltCallback              0x08004cd9   Thumb Code     2  stm32f4xx_hal_uart.o(.text.HAL_UART_RxHalfCpltCallback)
    HAL_UART_Transmit_DMA                    0x08004cdd   Thumb Code   212  stm32f4xx_hal_uart.o(.text.HAL_UART_Transmit_DMA)
    HAL_UART_TxCpltCallback                  0x08004db1   Thumb Code     2  stm32f4xx_hal_uart.o(.text.HAL_UART_TxCpltCallback)
    HAL_UART_TxHalfCpltCallback              0x08004db5   Thumb Code     2  stm32f4xx_hal_uart.o(.text.HAL_UART_TxHalfCpltCallback)
    HardFault_Handler                        0x08004db9   Thumb Code     2  stm32f4xx_it.o(.text.HardFault_Handler)
    MX_CAN1_Init                             0x08004dbd   Thumb Code    64  can.o(.text.MX_CAN1_Init)
    MX_CAN2_Init                             0x08004dfd   Thumb Code    54  can.o(.text.MX_CAN2_Init)
    MX_DMA_Init                              0x08004e35   Thumb Code   124  dma.o(.text.MX_DMA_Init)
    MX_GPIO_Init                             0x08004eb1   Thumb Code   116  gpio.o(.text.MX_GPIO_Init)
    MX_TIM3_Init                             0x08004f25   Thumb Code   118  tim.o(.text.MX_TIM3_Init)
    MX_TIM4_Init                             0x08004f9d   Thumb Code   114  tim.o(.text.MX_TIM4_Init)
    MX_USART1_UART_Init                      0x08005011   Thumb Code    60  usart.o(.text.MX_USART1_UART_Init)
    MX_USART3_UART_Init                      0x0800504d   Thumb Code    60  usart.o(.text.MX_USART3_UART_Init)
    MX_USART6_UART_Init                      0x08005089   Thumb Code    60  usart.o(.text.MX_USART6_UART_Init)
    MemManage_Handler                        0x080050c5   Thumb Code     2  stm32f4xx_it.o(.text.MemManage_Handler)
    NMI_Handler                              0x080050c9   Thumb Code     2  stm32f4xx_it.o(.text.NMI_Handler)
    PendSV_Handler                           0x080050d1   Thumb Code   100  port.o(.text.PendSV_Handler)
    SVC_Handler                              0x08005141   Thumb Code    36  port.o(.text.SVC_Handler)
    SysTick_Handler                          0x08005165   Thumb Code    24  stm32f4xx_it.o(.text.SysTick_Handler)
    SystemInit                               0x0800517d   Thumb Code    18  system_stm32f4xx.o(.text.SystemInit)
    TIM3_IRQHandler                          0x08005191   Thumb Code    12  stm32f4xx_it.o(.text.TIM3_IRQHandler)
    TIM_Base_SetConfig                       0x0800519d   Thumb Code   314  stm32f4xx_hal_tim.o(.text.TIM_Base_SetConfig)
    USART1_IRQHandler                        0x08005879   Thumb Code    12  stm32f4xx_it.o(.text.USART1_IRQHandler)
    USART3_IRQHandler                        0x08005885   Thumb Code    12  stm32f4xx_it.o(.text.USART3_IRQHandler)
    USART6_IRQHandler                        0x08005891   Thumb Code    12  stm32f4xx_it.o(.text.USART6_IRQHandler)
    UsageFault_Handler                       0x0800589d   Thumb Code     2  stm32f4xx_it.o(.text.UsageFault_Handler)
    SystemClock_Config()                     0x08005a65   Thumb Code   166  main.o(.text._Z18SystemClock_Configv)
    ALG::PID::PID::UpDate(float, float)      0x08005b81   Thumb Code   306  pid.o(.text._ZN3ALG3PID3PID6UpDateEff)
    ALG::PID::PID::PID(float, float, float, float, float, float) 0x08005cb5   Thumb Code    26  pid.o(.text._ZN3ALG3PID3PIDC2Effffff)
    ALG::PID::PID::PID__sub_object(float, float, float, float, float, float) 0x08005cb5   Thumb Code    26  pid.o(.text._ZN3ALG3PID3PIDC2Effffff)
    BSP::WATCH_STATE::StateWatch::UpdateLastTime() 0x08005cd1   Thumb Code    12  state_watch.o(.text._ZN3BSP11WATCH_STATE10StateWatch14UpdateLastTimeEv)
    BSP::IMU::HI12_float::DataUpdate(unsigned char*) 0x08005cdd   Thumb Code   262  main.o(.text._ZN3BSP3IMU10HI12_float10DataUpdateEPh)
    BSP::IMU::HI12_float::~HI12_float__deallocating() 0x08005de5   Thumb Code     6  main.o(.text._ZN3BSP3IMU10HI12_floatD0Ev)
    BSP::IMU::HI12Base::crc(unsigned char*)  0x08005ded   Thumb Code   844  main.o(.text._ZN3BSP3IMU8HI12Base3crcEPh)
    BSP::IMU::HI12Base::~HI12Base__sub_object() 0x08006139   Thumb Code     2  main.o(.text._ZN3BSP3IMU8HI12BaseD2Ev)
    BSP::Motor::Dji::DjiMotorBase<(unsigned char)2>::Parse(HAL::CAN::Frame const&) 0x0800613d   Thumb Code   138  main.o(.text._ZN3BSP5Motor3Dji12DjiMotorBaseILh2EE5ParseERKN3HAL3CAN5FrameE)
    BSP::Motor::Dji::DjiMotorBase<(unsigned char)2>::Configure(unsigned int) 0x080061c9   Thumb Code   472  main.o(.text._ZN3BSP5Motor3Dji12DjiMotorBaseILh2EE9ConfigureEj)
    HAL::CAN::get_can_bus_instance()         0x080063c9   Thumb Code     4  can_bus.o(.text._ZN3HAL3CAN20get_can_bus_instanceEv)
    HAL::CAN::CanBus::get_device(HAL::CAN::CanDeviceId) 0x080063cd   Thumb Code    32  can_bus_impl.o(.text._ZN3HAL3CAN6CanBus10get_deviceENS0_11CanDeviceIdE)
    HAL::CAN::CanBus::instance()             0x080063ed   Thumb Code   148  can_bus_impl.o(.text._ZN3HAL3CAN6CanBus8instanceEv)
    HAL::CAN::CanBus::CanBus()               0x08006481   Thumb Code    78  can_bus_impl.o(.text._ZN3HAL3CAN6CanBusC2Ev)
    HAL::CAN::CanBus::CanBus__sub_object()   0x08006481   Thumb Code    78  can_bus_impl.o(.text._ZN3HAL3CAN6CanBusC2Ev)
    HAL::CAN::CanBus::~CanBus__deallocating() 0x080064d1   Thumb Code    72  can_bus_impl.o(.text._ZN3HAL3CAN6CanBusD0Ev)
    HAL::CAN::CanBus::~CanBus__sub_object()  0x08006519   Thumb Code    64  can_bus_impl.o(.text._ZN3HAL3CAN6CanBusD2Ev)
    HAL::CAN::CanDevice::register_rx_callback(void (*)(HAL::CAN::Frame const&)) 0x08006559   Thumb Code   172  can_device_impl.o(.text._ZN3HAL3CAN9CanDevice20register_rx_callbackEPFvRKNS0_5FrameEE)
    HAL::CAN::CanDevice::trigger_rx_callbacks(HAL::CAN::Frame const&) 0x08006605   Thumb Code    38  can_device_impl.o(.text._ZN3HAL3CAN9CanDevice20trigger_rx_callbacksERKNS0_5FrameE)
    HAL::CAN::CanDevice::init()              0x0800662d   Thumb Code    48  can_device_impl.o(.text._ZN3HAL3CAN9CanDevice4initEv)
    HAL::CAN::CanDevice::send(HAL::CAN::Frame const&) 0x0800665d   Thumb Code    86  can_device_impl.o(.text._ZN3HAL3CAN9CanDevice4sendERKNS0_5FrameE)
    HAL::CAN::CanDevice::start()             0x080066b5   Thumb Code    44  can_device_impl.o(.text._ZN3HAL3CAN9CanDevice5startEv)
    HAL::CAN::CanDevice::receive(HAL::CAN::Frame&) 0x080066e1   Thumb Code   102  can_device_impl.o(.text._ZN3HAL3CAN9CanDevice7receiveERNS0_5FrameE)
    HAL::CAN::CanDevice::CanDevice(CAN_HandleTypeDef*, unsigned int, unsigned int) 0x08006749   Thumb Code    40  can_device_impl.o(.text._ZN3HAL3CAN9CanDeviceC2EP17CAN_HandleTypeDefjj)
    HAL::CAN::CanDevice::CanDevice__sub_object(CAN_HandleTypeDef*, unsigned int, unsigned int) 0x08006749   Thumb Code    40  can_device_impl.o(.text._ZN3HAL3CAN9CanDeviceC2EP17CAN_HandleTypeDefjj)
    HAL::CAN::CanDevice::~CanDevice__deallocating() 0x08006771   Thumb Code    44  can_device_impl.o(.text._ZN3HAL3CAN9CanDeviceD0Ev)
    HAL::CAN::CanDevice::~CanDevice__sub_object() 0x0800679d   Thumb Code    44  can_device_impl.o(.text._ZN3HAL3CAN9CanDeviceD2Ev)
    HAL::CAN::CanBus::has_device(HAL::CAN::CanDeviceId) const 0x080067c9   Thumb Code    22  can_bus_impl.o(.text._ZNK3HAL3CAN6CanBus10has_deviceENS0_11CanDeviceIdE)
    HAL::CAN::CanDevice::get_handle() const  0x080067e1   Thumb Code     4  can_device_impl.o(.text._ZNK3HAL3CAN9CanDevice10get_handleEv)
    std::__2::vector<void (*)(HAL::CAN::Frame const&), std::__2::allocator<void (*)(HAL::CAN::Frame const&)>>::__throw_length_error[abi:nn190000]() const 0x080067e5   Thumb Code     8  can_device_impl.o(.text._ZNKSt3__26vectorIPFvRKN3HAL3CAN5FrameEENS_9allocatorIS7_EEE20__throw_length_errorB8nn190000Ev)
    std::__2::__throw_length_error[abi:nn190000](char const*) 0x080067f5   Thumb Code    14  can_device_impl.o(.text._ZNSt3__220__throw_length_errorB8nn190000EPKc)
    std::__2::__libcpp_verbose_abort(char const*, ...) 0x08006803   Thumb Code    30  verbose_abort.cpp.o(.text._ZNSt3__222__libcpp_verbose_abortEPKcz)
    std::get_new_handler()                   0x08006821   Thumb Code    12  cxa_handlers.cpp.o(.text._ZSt15get_new_handlerv)
    std::__throw_bad_alloc()                 0x0800682d   Thumb Code     8  new_helpers.cpp.o(.text._ZSt17__throw_bad_allocv)
    std::__throw_bad_array_new_length[abi:nn190000]() 0x08006865   Thumb Code     8  can_device_impl.o(.text._ZSt28__throw_bad_array_new_lengthB8nn190000v)
    operator delete(void*)                   0x080068a5   Thumb Code     4  new.cpp.o(.text._ZdlPv)
    operator delete(void*, unsigned int)     0x080068a9   Thumb Code     4  new.cpp.o(.text._ZdlPvj)
    abort_message                            0x080068ad   Thumb Code     4  abort_message.cpp.o(.text.abort_message)
    main                                     0x080068b1   Thumb Code    86  main.o(.text.main)
    osKernelStart                            0x08006909   Thumb Code    10  cmsis_os.o(.text.osKernelStart)
    pxPortInitialiseStack                    0x08006bf5   Thumb Code    36  port.o(.text.pxPortInitialiseStack)
    __cxa_guard_acquire                      0x08006c19   Thumb Code    44  cxa_guard.cpp.o(.text.unlikely.__cxa_guard_acquire)
    __cxa_guard_release                      0x08006c45   Thumb Code     8  cxa_guard.cpp.o(.text.unlikely.__cxa_guard_release)
    uxListRemove                             0x08006c4d   Thumb Code    34  list.o(.text.uxListRemove)
    vApplicationGetIdleTaskMemory            0x08006c71   Thumb Code    26  freertos.o(.text.vApplicationGetIdleTaskMemory)
    vListInitialise                          0x08006c8d   Thumb Code    22  list.o(.text.vListInitialise)
    vListInitialiseItem                      0x08006ca5   Thumb Code     6  list.o(.text.vListInitialiseItem)
    vListInsertEnd                           0x08006cad   Thumb Code    26  list.o(.text.vListInsertEnd)
    vPortEnterCritical                       0x08006cdd   Thumb Code    70  port.o(.text.vPortEnterCritical)
    vPortExitCritical                        0x08006d25   Thumb Code    46  port.o(.text.vPortExitCritical)
    vPortFree                                0x08006d55   Thumb Code   212  heap_4.o(.text.vPortFree)
    vPortSetupTimerInterrupt                 0x08006e29   Thumb Code    52  port.o(.text.vPortSetupTimerInterrupt)
    vTaskStartScheduler                      0x08006e5d   Thumb Code   196  tasks.o(.text.vTaskStartScheduler)
    vTaskSuspendAll                          0x08006f29   Thumb Code    16  tasks.o(.text.vTaskSuspendAll)
    vTaskSwitchContext                       0x08006f39   Thumb Code   110  tasks.o(.text.vTaskSwitchContext)
    xPortStartScheduler                      0x08006fa9   Thumb Code   392  port.o(.text.xPortStartScheduler)
    xPortSysTickHandler                      0x08007131   Thumb Code    46  port.o(.text.xPortSysTickHandler)
    xTaskGetSchedulerState                   0x08007161   Thumb Code    30  tasks.o(.text.xTaskGetSchedulerState)
    xTaskIncrementTick                       0x08007181   Thumb Code   262  tasks.o(.text.xTaskIncrementTick)
    xTaskResumeAll                           0x08007289   Thumb Code   234  tasks.o(.text.xTaskResumeAll)
    _btod_d2e                                0x08007373   Thumb Code    62  btod.o(CL$$btod_d2e)
    _d2e_denorm_low                          0x080073b1   Thumb Code    70  btod.o(CL$$btod_d2e_denorm_low)
    _d2e_norm_op1                            0x080073f7   Thumb Code    96  btod.o(CL$$btod_d2e_norm_op1)
    __btod_div_common                        0x08007459   Thumb Code   696  btod.o(CL$$btod_div_common)
    _e2e                                     0x08007791   Thumb Code   220  btod.o(CL$$btod_e2e)
    _btod_ediv                               0x0800786d   Thumb Code    42  btod.o(CL$$btod_ediv)
    _btod_emul                               0x08007897   Thumb Code    42  btod.o(CL$$btod_emul)
    __btod_mult_common                       0x080078c1   Thumb Code   580  btod.o(CL$$btod_mult_common)
    operator new(unsigned int)               0x08007b05   Thumb Code    14  new.cpp.o(__lcxx_override)
    __lcxx_override$$Base                    0x08007b04   Number         0  new.cpp.o(__lcxx_override)
    operator new[](unsigned int)             0x08007b13   Thumb Code     4  new.cpp.o(__lcxx_override)
    operator new(unsigned int, std::align_val_t) 0x08007b17   Thumb Code    14  new.cpp.o(__lcxx_override)
    operator new[](unsigned int, std::align_val_t) 0x08007b25   Thumb Code     4  new.cpp.o(__lcxx_override)
    __ARM_fpclassify                         0x08007b29   Thumb Code    48  fpclassify.o(i.__ARM_fpclassify)
    __lcxx_override$$Limit                   0x08007b28   Number         0  new.cpp.o(__lcxx_override)
    __hardfp_floorf                          0x08007b59   Thumb Code    98  floorf.o(i.__hardfp_floorf)
    _is_digit                                0x08007bc9   Thumb Code    14  __printf_wp.o(i._is_digit)
    fputc                                    0x08007bd7   Thumb Code    28  fputc.o(i.fputc)
    _get_lc_numeric                          0x08007bf5   Thumb Code    44  lc_numeric_c.o(locale$$code)
    _get_lc_ctype                            0x08007c21   Thumb Code    44  lc_ctype_c.o(locale$$code)
    __aeabi_d2f                              0x08007c4d   Thumb Code     0  d2f.o(x$fpl$d2f)
    _d2f                                     0x08007c4d   Thumb Code    98  d2f.o(x$fpl$d2f)
    __aeabi_dadd                             0x08007cb1   Thumb Code     0  daddsub_clz.o(x$fpl$dadd)
    _dadd                                    0x08007cb1   Thumb Code   332  daddsub_clz.o(x$fpl$dadd)
    __fpl_dcmp_Inf                           0x08007e01   Thumb Code    24  dcmpi.o(x$fpl$dcmpinf)
    __aeabi_cdcmpeq                          0x08007e19   Thumb Code     0  deqf.o(x$fpl$deqf)
    _dcmpeq                                  0x08007e19   Thumb Code   120  deqf.o(x$fpl$deqf)
    __aeabi_i2d                              0x08007e91   Thumb Code     0  dflt_clz.o(x$fpl$dflt)
    _dflt                                    0x08007e91   Thumb Code    46  dflt_clz.o(x$fpl$dflt)
    __aeabi_ui2d                             0x08007ebf   Thumb Code     0  dflt_clz.o(x$fpl$dfltu)
    _dfltu                                   0x08007ebf   Thumb Code    38  dflt_clz.o(x$fpl$dfltu)
    __aeabi_cdcmpge                          0x08007ee5   Thumb Code     0  dgeqf.o(x$fpl$dgeqf)
    _dcmpge                                  0x08007ee5   Thumb Code   120  dgeqf.o(x$fpl$dgeqf)
    __aeabi_cdcmple                          0x08007f5d   Thumb Code     0  dleqf.o(x$fpl$dleqf)
    _dcmple                                  0x08007f5d   Thumb Code   120  dleqf.o(x$fpl$dleqf)
    __fpl_dcmple_InfNaN                      0x08007fbf   Thumb Code     0  dleqf.o(x$fpl$dleqf)
    __aeabi_dmul                             0x08007fd5   Thumb Code     0  dmul.o(x$fpl$dmul)
    _dmul                                    0x08007fd5   Thumb Code   332  dmul.o(x$fpl$dmul)
    __fpl_dnaninf                            0x08008129   Thumb Code   156  dnaninf.o(x$fpl$dnaninf)
    __fpl_dretinf                            0x080081c5   Thumb Code    12  dretinf.o(x$fpl$dretinf)
    __aeabi_dsub                             0x080081d1   Thumb Code     0  daddsub_clz.o(x$fpl$dsub)
    _dsub                                    0x080081d1   Thumb Code   472  daddsub_clz.o(x$fpl$dsub)
    __aeabi_dcmpeq                           0x080083ad   Thumb Code     0  dcmp.o(x$fpl$fcmp)
    _deq                                     0x080083ad   Thumb Code    14  dcmp.o(x$fpl$fcmp)
    _dneq                                    0x080083bb   Thumb Code    14  dcmp.o(x$fpl$fcmp)
    __aeabi_dcmpgt                           0x080083c9   Thumb Code     0  dcmp.o(x$fpl$fcmp)
    _dgr                                     0x080083c9   Thumb Code    14  dcmp.o(x$fpl$fcmp)
    __aeabi_dcmpge                           0x080083d7   Thumb Code     0  dcmp.o(x$fpl$fcmp)
    _dgeq                                    0x080083d7   Thumb Code    14  dcmp.o(x$fpl$fcmp)
    __aeabi_dcmple                           0x080083e5   Thumb Code     0  dcmp.o(x$fpl$fcmp)
    _dleq                                    0x080083e5   Thumb Code    14  dcmp.o(x$fpl$fcmp)
    __aeabi_dcmplt                           0x080083f3   Thumb Code     0  dcmp.o(x$fpl$fcmp)
    _dls                                     0x080083f3   Thumb Code    14  dcmp.o(x$fpl$fcmp)
    _fp_init                                 0x08008401   Thumb Code    26  fpinit.o(x$fpl$fpinit)
    __fplib_config_fpu_vfp                   0x08008419   Thumb Code     0  fpinit.o(x$fpl$fpinit)
    __fplib_config_pureend_doubles           0x08008419   Thumb Code     0  fpinit.o(x$fpl$fpinit)
    __fpl_fretinf                            0x0800841b   Thumb Code    10  fretinf.o(x$fpl$fretinf)
    _printf_fp_dec                           0x08008425   Thumb Code     4  printf1.o(x$fpl$printf1)
    _printf_fp_hex                           0x08008429   Thumb Code     4  printf2.o(x$fpl$printf2)
    __I$use$fp                               0x0800842c   Number         0  usenofp.o(x$fpl$usenofp)
    __stdin_name                             0x0800846d   Data           4  sys_io_names.o(.constdata)
    __stdout_name                            0x08008471   Data           4  sys_io_names.o(.constdata)
    __stderr_name                            0x08008475   Data           4  sys_io_names.o(.constdata)
    AHBPrescTable                            0x08008534   Data          16  system_stm32f4xx.o(.rodata.AHBPrescTable)
    APBPrescTable                            0x08008544   Data           8  system_stm32f4xx.o(.rodata.APBPrescTable)
    vtable for BSP::IMU::HI12_float          0x0800854c   Data          16  main.o(.rodata._ZTVN3BSP3IMU10HI12_floatE)
    vtable for BSP::Motor::Dji::GM6020<(unsigned char)2> 0x0800855c   Data          12  main.o(.rodata._ZTVN3BSP5Motor3Dji6GM6020ILh2EEE)
    vtable for HAL::CAN::CanBus              0x08008568   Data          24  can_bus_impl.o(.rodata._ZTVN3HAL3CAN6CanBusE)
    vtable for HAL::CAN::CanDevice           0x08008580   Data          44  can_device_impl.o(.rodata._ZTVN3HAL3CAN9CanDeviceE)
    Region$$Table$$Base                      0x0800868c   Number         0  anon$$obj.o(Region$$Table)
    Region$$Table$$Limit                     0x080086ac   Number         0  anon$$obj.o(Region$$Table)
    __ctype                                  0x080086d5   Data           0  lc_ctype_c.o(locale$$data)
    SHT$$INIT_ARRAY$$Base                    0x080087d8   Number         0  main.o(.init_array)
    SHT$$INIT_ARRAY$$Limit                   0x080087dc   Number         0  init_aeabi.o(.init_array)
    __aeabi_stdin                            0x20000000   Data           4  stdio_streams.o(.data)
    __aeabi_stdout                           0x20000004   Data           4  stdio_streams.o(.data)
    __aeabi_stderr                           0x20000008   Data           4  stdio_streams.o(.data)
    uwTickFreq                               0x2000000c   Data           1  stm32f4xx_hal.o(.data..L_MergedGlobals)
    uwTickPrio                               0x20000010   Data           4  stm32f4xx_hal.o(.data..L_MergedGlobals)
    SystemCoreClock                          0x20000014   Data           4  system_stm32f4xx.o(.data.SystemCoreClock)
    __stdin                                  0x20000020   Data          84  stdio_streams.o(.bss)
    __stdout                                 0x20000074   Data          84  stdio_streams.o(.bss)
    __stderr                                 0x200000c8   Data          84  stdio_streams.o(.bss)
    __libspace_start                         0x2000011c   Data          96  libspace.o(.bss)
    __temporary_stack_top$libspace           0x2000017c   Data           0  libspace.o(.bss)
    yaw_increment                            0x2000017c   Data           4  main.o(.bss..L_MergedGlobals)
    pitch_increment                          0x20000180   Data           4  main.o(.bss..L_MergedGlobals)
    current                                  0x20000184   Data           4  main.o(.bss..L_MergedGlobals)
    target_angle                             0x20000188   Data           8  main.o(.bss..L_MergedGlobals)
    target_speed                             0x20000190   Data           8  main.o(.bss..L_MergedGlobals)
    current_angle                            0x20000198   Data           8  main.o(.bss..L_MergedGlobals)
    send_str2                                0x200001a0   Data          32  main.o(.bss..L_MergedGlobals)
    rc_disconnect_flag                       0x200001c0   Data           1  yaokongqi.o(.bss..L_MergedGlobals)
    rc_last_recv_time                        0x200001c4   Data           4  yaokongqi.o(.bss..L_MergedGlobals)
    receivedata                              0x200001c8   Data          18  yaokongqi.o(.bss..L_MergedGlobals)
    data                                     0x200001da   Data          20  yaokongqi.o(.bss..L_MergedGlobals)
    pxCurrentTCB                             0x20000248   Data           4  tasks.o(.bss..L_MergedGlobals)
    __cxa_new_handler                        0x20000314   Data           4  cxa_default_handlers.cpp.o(.bss.__cxa_new_handler)
    gimbal_motor                             0x20000318   Data         336  main.o(.bss.gimbal_motor)
    hcan1                                    0x20000468   Data          40  can.o(.bss.hcan1)
    hcan2                                    0x20000490   Data          40  can.o(.bss.hcan2)
    hdma_usart1_rx                           0x200004b8   Data          96  usart.o(.bss.hdma_usart1_rx)
    hdma_usart1_tx                           0x20000518   Data          96  usart.o(.bss.hdma_usart1_tx)
    hdma_usart3_rx                           0x20000578   Data          96  usart.o(.bss.hdma_usart3_rx)
    hdma_usart6_rx                           0x200005d8   Data          96  usart.o(.bss.hdma_usart6_rx)
    htim3                                    0x20000638   Data          72  tim.o(.bss.htim3)
    htim4                                    0x20000680   Data          72  tim.o(.bss.htim4)
    huart1                                   0x200006c8   Data          72  usart.o(.bss.huart1)
    huart3                                   0x20000710   Data          72  usart.o(.bss.huart3)
    huart6                                   0x20000758   Data          72  usart.o(.bss.huart6)
    imu                                      0x200007a0   Data         108  main.o(.bss.imu)
    imu_rx_buffer                            0x2000080c   Data          64  main.o(.bss.imu_rx_buffer)
    pos_pid                                  0x2000084c   Data         128  main.o(.bss.pos_pid)
    speed_pid                                0x20000958   Data         128  main.o(.bss.speed_pid)
    uwTick                                   0x200009d8   Data           4  stm32f4xx_hal.o(.bss.uwTick)



==============================================================================

Memory Map of the image

  Image Entry point : 0x08000189

  Load Region LR_IROM1 (Base: 0x08000000, Size: 0x00008800, Max: 0x00100000, ABSOLUTE)

    Execution Region ER_IROM1 (Exec base: 0x08000000, Load base: 0x08000000, Size: 0x000087dc, Max: 0x00100000, ABSOLUTE)

    Exec Addr    Load Addr    Size         Type   Attr      Idx    E Section Name        Object

    0x08000000   0x08000000   0x00000188   Data   RO            3    RESET               startup_stm32f407xx.o
    0x08000188   0x08000188   0x00000008   Code   RO         1705  * !!!main             c_w.l(__main.o)
    0x08000190   0x08000190   0x0000005c   Code   RO         2396    !!!scatter          c_w.l(__scatter.o)
    0x080001ec   0x080001ec   0x0000001a   Code   RO         2400    !!handler_copy      c_w.l(__scatter_copy.o)
    0x08000206   0x08000206   0x00000002   PAD
    0x08000208   0x08000208   0x00000002   Code   RO         2397    !!handler_null      c_w.l(__scatter.o)
    0x0800020a   0x0800020a   0x00000002   PAD
    0x0800020c   0x0800020c   0x0000001c   Code   RO         2402    !!handler_zi        c_w.l(__scatter_zi.o)
    0x08000228   0x08000228   0x00000000   Code   RO         2098    .ARM.Collect$$_printf_percent$$00000000  c_w.l(_printf_percent.o)
    0x08000228   0x08000228   0x00000006   Code   RO         2087    .ARM.Collect$$_printf_percent$$00000001  c_w.l(_printf_n.o)
    0x0800022e   0x0800022e   0x00000006   Code   RO         2089    .ARM.Collect$$_printf_percent$$00000002  c_w.l(_printf_p.o)
    0x08000234   0x08000234   0x00000006   Code   RO         2094    .ARM.Collect$$_printf_percent$$00000003  c_w.l(_printf_f.o)
    0x0800023a   0x0800023a   0x00000006   Code   RO         2095    .ARM.Collect$$_printf_percent$$00000004  c_w.l(_printf_e.o)
    0x08000240   0x08000240   0x00000006   Code   RO         2096    .ARM.Collect$$_printf_percent$$00000005  c_w.l(_printf_g.o)
    0x08000246   0x08000246   0x00000006   Code   RO         2097    .ARM.Collect$$_printf_percent$$00000006  c_w.l(_printf_a.o)
    0x0800024c   0x0800024c   0x0000000a   Code   RO         2102    .ARM.Collect$$_printf_percent$$00000007  c_w.l(_printf_ll.o)
    0x08000256   0x08000256   0x00000006   Code   RO         2091    .ARM.Collect$$_printf_percent$$00000008  c_w.l(_printf_i.o)
    0x0800025c   0x0800025c   0x00000006   Code   RO         2092    .ARM.Collect$$_printf_percent$$00000009  c_w.l(_printf_d.o)
    0x08000262   0x08000262   0x00000006   Code   RO         2093    .ARM.Collect$$_printf_percent$$0000000A  c_w.l(_printf_u.o)
    0x08000268   0x08000268   0x00000006   Code   RO         2090    .ARM.Collect$$_printf_percent$$0000000B  c_w.l(_printf_o.o)
    0x0800026e   0x0800026e   0x00000006   Code   RO         2088    .ARM.Collect$$_printf_percent$$0000000C  c_w.l(_printf_x.o)
    0x08000274   0x08000274   0x00000006   Code   RO         2099    .ARM.Collect$$_printf_percent$$0000000D  c_w.l(_printf_lli.o)
    0x0800027a   0x0800027a   0x00000006   Code   RO         2100    .ARM.Collect$$_printf_percent$$0000000E  c_w.l(_printf_lld.o)
    0x08000280   0x08000280   0x00000006   Code   RO         2101    .ARM.Collect$$_printf_percent$$0000000F  c_w.l(_printf_llu.o)
    0x08000286   0x08000286   0x00000006   Code   RO         2106    .ARM.Collect$$_printf_percent$$00000010  c_w.l(_printf_llo.o)
    0x0800028c   0x0800028c   0x00000006   Code   RO         2107    .ARM.Collect$$_printf_percent$$00000011  c_w.l(_printf_llx.o)
    0x08000292   0x08000292   0x0000000a   Code   RO         2103    .ARM.Collect$$_printf_percent$$00000012  c_w.l(_printf_l.o)
    0x0800029c   0x0800029c   0x00000006   Code   RO         2085    .ARM.Collect$$_printf_percent$$00000013  c_w.l(_printf_c.o)
    0x080002a2   0x080002a2   0x00000006   Code   RO         2086    .ARM.Collect$$_printf_percent$$00000014  c_w.l(_printf_s.o)
    0x080002a8   0x080002a8   0x00000006   Code   RO         2104    .ARM.Collect$$_printf_percent$$00000015  c_w.l(_printf_lc.o)
    0x080002ae   0x080002ae   0x00000006   Code   RO         2105    .ARM.Collect$$_printf_percent$$00000016  c_w.l(_printf_ls.o)
    0x080002b4   0x080002b4   0x00000004   Code   RO         2188    .ARM.Collect$$_printf_percent$$00000017  c_w.l(_printf_percent_end.o)
    0x080002b8   0x080002b8   0x00000002   Code   RO         2242    .ARM.Collect$$libinit$$00000000  c_w.l(libinit.o)
    0x080002ba   0x080002ba   0x00000004   Code   RO         1879    .ARM.Collect$$libinit$$00000001  c_w.l(libinit2.o)
    0x080002be   0x080002be   0x00000000   Code   RO         1882    .ARM.Collect$$libinit$$00000004  c_w.l(libinit2.o)
    0x080002be   0x080002be   0x00000000   Code   RO         1884    .ARM.Collect$$libinit$$00000006  c_w.l(libinit2.o)
    0x080002be   0x080002be   0x00000008   Code   RO         1885    .ARM.Collect$$libinit$$00000007  c_w.l(libinit2.o)
    0x080002c6   0x080002c6   0x00000000   Code   RO         1887    .ARM.Collect$$libinit$$0000000C  c_w.l(libinit2.o)
    0x080002c6   0x080002c6   0x00000000   Code   RO         1889    .ARM.Collect$$libinit$$0000000E  c_w.l(libinit2.o)
    0x080002c6   0x080002c6   0x00000000   Code   RO         1891    .ARM.Collect$$libinit$$00000010  c_w.l(libinit2.o)
    0x080002c6   0x080002c6   0x00000006   Code   RO         1892    .ARM.Collect$$libinit$$00000011  c_w.l(libinit2.o)
    0x080002cc   0x080002cc   0x00000000   Code   RO         1894    .ARM.Collect$$libinit$$00000013  c_w.l(libinit2.o)
    0x080002cc   0x080002cc   0x0000000c   Code   RO         1895    .ARM.Collect$$libinit$$00000014  c_w.l(libinit2.o)
    0x080002d8   0x080002d8   0x00000000   Code   RO         1896    .ARM.Collect$$libinit$$00000015  c_w.l(libinit2.o)
    0x080002d8   0x080002d8   0x00000000   Code   RO         1898    .ARM.Collect$$libinit$$00000017  c_w.l(libinit2.o)
    0x080002d8   0x080002d8   0x0000000a   Code   RO         1899    .ARM.Collect$$libinit$$00000018  c_w.l(libinit2.o)
    0x080002e2   0x080002e2   0x00000000   Code   RO         1900    .ARM.Collect$$libinit$$00000019  c_w.l(libinit2.o)
    0x080002e2   0x080002e2   0x00000000   Code   RO         1902    .ARM.Collect$$libinit$$0000001B  c_w.l(libinit2.o)
    0x080002e2   0x080002e2   0x00000000   Code   RO         1904    .ARM.Collect$$libinit$$0000001D  c_w.l(libinit2.o)
    0x080002e2   0x080002e2   0x00000000   Code   RO         1906    .ARM.Collect$$libinit$$0000001F  c_w.l(libinit2.o)
    0x080002e2   0x080002e2   0x00000000   Code   RO         1908    .ARM.Collect$$libinit$$00000021  c_w.l(libinit2.o)
    0x080002e2   0x080002e2   0x00000000   Code   RO         1910    .ARM.Collect$$libinit$$00000023  c_w.l(libinit2.o)
    0x080002e2   0x080002e2   0x00000000   Code   RO         1912    .ARM.Collect$$libinit$$00000025  c_w.l(libinit2.o)
    0x080002e2   0x080002e2   0x00000004   Code   RO         1913    .ARM.Collect$$libinit$$00000026  c_w.l(libinit2.o)
    0x080002e6   0x080002e6   0x00000000   Code   RO         1914    .ARM.Collect$$libinit$$00000027  c_w.l(libinit2.o)
    0x080002e6   0x080002e6   0x00000000   Code   RO         1918    .ARM.Collect$$libinit$$0000002E  c_w.l(libinit2.o)
    0x080002e6   0x080002e6   0x00000000   Code   RO         1920    .ARM.Collect$$libinit$$00000030  c_w.l(libinit2.o)
    0x080002e6   0x080002e6   0x00000000   Code   RO         1922    .ARM.Collect$$libinit$$00000032  c_w.l(libinit2.o)
    0x080002e6   0x080002e6   0x00000004   Code   RO         1923    .ARM.Collect$$libinit$$00000033  c_w.l(libinit2.o)
    0x080002ea   0x080002ea   0x00000000   Code   RO         1924    .ARM.Collect$$libinit$$00000034  c_w.l(libinit2.o)
    0x080002ea   0x080002ea   0x00000002   Code   RO         1925    .ARM.Collect$$libinit$$00000035  c_w.l(libinit2.o)
    0x080002ec   0x080002ec   0x00000002   Code   RO         2393    .ARM.Collect$$libshutdown$$00000000  c_w.l(libshutdown.o)
    0x080002ee   0x080002ee   0x00000006   Code   RO         2243    .ARM.Collect$$libshutdown$$00000001  c_w.l(libshutdown2.o)
    0x080002f4   0x080002f4   0x00000000   Code   RO         2244    .ARM.Collect$$libshutdown$$00000002  c_w.l(libshutdown2.o)
    0x080002f4   0x080002f4   0x00000004   Code   RO         2245    .ARM.Collect$$libshutdown$$00000003  c_w.l(libshutdown2.o)
    0x080002f8   0x080002f8   0x00000000   Code   RO         2246    .ARM.Collect$$libshutdown$$00000004  c_w.l(libshutdown2.o)
    0x080002f8   0x080002f8   0x00000000   Code   RO         2249    .ARM.Collect$$libshutdown$$00000007  c_w.l(libshutdown2.o)
    0x080002f8   0x080002f8   0x00000000   Code   RO         2252    .ARM.Collect$$libshutdown$$0000000A  c_w.l(libshutdown2.o)
    0x080002f8   0x080002f8   0x00000000   Code   RO         2254    .ARM.Collect$$libshutdown$$0000000C  c_w.l(libshutdown2.o)
    0x080002f8   0x080002f8   0x00000000   Code   RO         2257    .ARM.Collect$$libshutdown$$0000000F  c_w.l(libshutdown2.o)
    0x080002f8   0x080002f8   0x00000002   Code   RO         2258    .ARM.Collect$$libshutdown$$00000010  c_w.l(libshutdown2.o)
    0x080002fa   0x080002fa   0x00000000   Code   RO         1790    .ARM.Collect$$rtentry$$00000000  c_w.l(__rtentry.o)
    0x080002fa   0x080002fa   0x00000000   Code   RO         1975    .ARM.Collect$$rtentry$$00000002  c_w.l(__rtentry2.o)
    0x080002fa   0x080002fa   0x00000006   Code   RO         1987    .ARM.Collect$$rtentry$$00000004  c_w.l(__rtentry4.o)
    0x08000300   0x08000300   0x00000000   Code   RO         1977    .ARM.Collect$$rtentry$$00000009  c_w.l(__rtentry2.o)
    0x08000300   0x08000300   0x00000004   Code   RO         1978    .ARM.Collect$$rtentry$$0000000A  c_w.l(__rtentry2.o)
    0x08000304   0x08000304   0x00000000   Code   RO         1980    .ARM.Collect$$rtentry$$0000000C  c_w.l(__rtentry2.o)
    0x08000304   0x08000304   0x00000008   Code   RO         1981    .ARM.Collect$$rtentry$$0000000D  c_w.l(__rtentry2.o)
    0x0800030c   0x0800030c   0x00000002   Code   RO         2263    .ARM.Collect$$rtexit$$00000000  c_w.l(rtexit.o)
    0x0800030e   0x0800030e   0x00000000   Code   RO         2335    .ARM.Collect$$rtexit$$00000002  c_w.l(rtexit2.o)
    0x0800030e   0x0800030e   0x00000004   Code   RO         2336    .ARM.Collect$$rtexit$$00000003  c_w.l(rtexit2.o)
    0x08000312   0x08000312   0x00000006   Code   RO         2337    .ARM.Collect$$rtexit$$00000004  c_w.l(rtexit2.o)
    0x08000318   0x08000318   0x00000040   Code   RO            4    .text               startup_stm32f407xx.o
    0x08000358   0x08000358   0x000000f0   Code   RO         1687    .text               c_w.l(lludivv7m.o)
    0x08000448   0x08000448   0x0000000a   Code   RO         1692    .text               c_w.l(cxa_atexit.o)
    0x08000452   0x08000452   0x00000064   Code   RO         1697    .text               c_w.l(rt_memcpy_w.o)
    0x080004b6   0x080004b6   0x0000004e   Code   RO         1701    .text               c_w.l(rt_memclr_w.o)
    0x08000504   0x08000504   0x00000006   Code   RO         1703    .text               c_w.l(heapauxi.o)
    0x0800050a   0x0800050a   0x00000002   PAD
    0x0800050c   0x0800050c   0x0000002c   Code   RO         1710    .text               c_w.l(init_aeabi.o)
    0x08000538   0x08000538   0x0000005e   Code   RO         1799    .text               c_w.l(h1_alloc.o)
    0x08000596   0x08000596   0x0000004e   Code   RO         1801    .text               c_w.l(h1_free.o)
    0x080005e4   0x080005e4   0x000000ae   Code   RO         1803    .text               c_w.l(h1_memalign.o)
    0x08000692   0x08000692   0x0000000a   Code   RO         1861    .text               c_w.l(vfprintf.o)
    0x0800069c   0x0800069c   0x00000016   Code   RO         1869    .text               c_w.l(abort.o)
    0x080006b2   0x080006b2   0x0000002e   Code   RO         1874    .text               c_w.l(aeabi_atexit.o)
    0x080006e0   0x080006e0   0x0000000c   Code   RO         1968    .text               c_w.l(sys_exit.o)
    0x080006ec   0x080006ec   0x00000008   Code   RO         1994    .text               c_w.l(rt_heap_descriptor_intlibspace.o)
    0x080006f4   0x080006f4   0x00000008   Code   RO         1999    .text               c_w.l(rt_ddtor_pointer_addr_intlibspace.o)
    0x080006fc   0x080006fc   0x00000004   Code   RO         2001    .text               c_w.l(hguard.o)
    0x08000700   0x08000700   0x0000008a   Code   RO         2003    .text               c_w.l(init_alloc.o)
    0x0800078a   0x0800078a   0x0000000c   Code   RO         2007    .text               c_w.l(h1_init.o)
    0x08000796   0x08000796   0x0000004e   Code   RO         2021    .text               c_w.l(_printf_pad.o)
    0x080007e4   0x080007e4   0x00000024   Code   RO         2023    .text               c_w.l(_printf_truncate.o)
    0x08000808   0x08000808   0x00000052   Code   RO         2025    .text               c_w.l(_printf_str.o)
    0x0800085a   0x0800085a   0x00000002   PAD
    0x0800085c   0x0800085c   0x00000078   Code   RO         2027    .text               c_w.l(_printf_dec.o)
    0x080008d4   0x080008d4   0x00000028   Code   RO         2029    .text               c_w.l(_printf_charcount.o)
    0x080008fc   0x080008fc   0x00000024   Code   RO         2031    .text               c_w.l(_printf_char_file.o)
    0x08000920   0x08000920   0x000000bc   Code   RO         2033    .text               c_w.l(_printf_wctomb.o)
    0x080009dc   0x080009dc   0x0000007c   Code   RO         2036    .text               c_w.l(_printf_longlong_dec.o)
    0x08000a58   0x08000a58   0x00000070   Code   RO         2042    .text               c_w.l(_printf_oct_int_ll.o)
    0x08000ac8   0x08000ac8   0x00000094   Code   RO         2062    .text               c_w.l(_printf_hex_int_ll_ptr.o)
    0x08000b5c   0x08000b5c   0x00000188   Code   RO         2082    .text               c_w.l(__printf_flags_ss_wp.o)
    0x08000ce4   0x08000ce4   0x00000138   Code   RO         2108    .text               c_w.l(initio.o)
    0x08000e1c   0x08000e1c   0x00000042   Code   RO         2112    .text               c_w.l(cxa_finalize.o)
    0x08000e5e   0x08000e5e   0x0000000e   Code   RO         2115    .text               c_w.l(defsig_abrt_outer.o)
    0x08000e6c   0x08000e6c   0x00000008   Code   RO         2153    .text               c_w.l(libspace.o)
    0x08000e74   0x08000e74   0x00000002   Code   RO         2156    .text               c_w.l(use_no_semi.o)
    0x08000e76   0x08000e76   0x00000000   Code   RO         2158    .text               c_w.l(indicate_semi.o)
    0x08000e76   0x08000e76   0x0000004a   Code   RO         2159    .text               c_w.l(sys_stackheap_outer.o)
    0x08000ec0   0x08000ec0   0x00000000   Code   RO         2165    .text               c_w.l(maybetermalloc1.o)
    0x08000ec0   0x08000ec0   0x00000034   Code   RO         2167    .text               c_w.l(h1_extend.o)
    0x08000ef4   0x08000ef4   0x0000008a   Code   RO         2171    .text               c_w.l(lludiv10.o)
    0x08000f7e   0x08000f7e   0x000000b2   Code   RO         2173    .text               c_w.l(_printf_intcommon.o)
    0x08001030   0x08001030   0x0000041c   Code   RO         2175    .text               c_w.l(_printf_fp_dec.o)
    0x0800144c   0x0800144c   0x000002fc   Code   RO         2179    .text               c_w.l(_printf_fp_hex.o)
    0x08001748   0x08001748   0x00000030   Code   RO         2182    .text               c_w.l(_printf_char_common.o)
    0x08001778   0x08001778   0x0000002c   Code   RO         2184    .text               c_w.l(_printf_char.o)
    0x080017a4   0x080017a4   0x0000002c   Code   RO         2186    .text               c_w.l(_printf_wchar.o)
    0x080017d0   0x080017d0   0x00000008   Code   RO         2189    .text               c_w.l(ferror.o)
    0x080017d8   0x080017d8   0x00000046   Code   RO         2195    .text               c_w.l(setvbuf.o)
    0x0800181e   0x0800181e   0x00000002   PAD
    0x08001820   0x08001820   0x000000f0   Code   RO         2198    .text               c_w.l(fopen.o)
    0x08001910   0x08001910   0x0000004c   Code   RO         2200    .text               c_w.l(fclose.o)
    0x0800195c   0x0800195c   0x00000048   Code   RO         2210    .text               c_w.l(_c16rtomb.o)
    0x080019a4   0x080019a4   0x00000012   Code   RO         2212    .text               c_w.l(exit.o)
    0x080019b6   0x080019b6   0x0000000a   Code   RO         2214    .text               c_w.l(defsig_exit.o)
    0x080019c0   0x080019c0   0x00000030   Code   RO         2216    .text               c_w.l(defsig_abrt_inner.o)
    0x080019f0   0x080019f0   0x0000000e   Code   RO         2222    .text               c_w.l(defsig_rtred_outer.o)
    0x080019fe   0x080019fe   0x0000000e   Code   RO         2226    .text               c_w.l(defsig_rtmem_outer.o)
    0x08001a0c   0x08001a0c   0x00000066   Code   RO         2259    .text               c_w.l(sys_io.o)
    0x08001a72   0x08001a72   0x00000002   PAD
    0x08001a74   0x08001a74   0x00000010   Code   RO         2265    .text               c_w.l(rt_ctype_table.o)
    0x08001a84   0x08001a84   0x00000008   Code   RO         2270    .text               c_w.l(rt_locale_intlibspace.o)
    0x08001a8c   0x08001a8c   0x00000080   Code   RO         2274    .text               c_w.l(_printf_fp_infnan.o)
    0x08001b0c   0x08001b0c   0x000000e4   Code   RO         2278    .text               c_w.l(bigflt0.o)
    0x08001bf0   0x08001bf0   0x000001e2   Code   RO         2305    .text               c_w.l(flsbuf.o)
    0x08001dd2   0x08001dd2   0x00000002   PAD
    0x08001dd4   0x08001dd4   0x000000f8   Code   RO         2307    .text               c_w.l(fseek.o)
    0x08001ecc   0x08001ecc   0x00000108   Code   RO         2309    .text               c_w.l(stdio.o)
    0x08001fd4   0x08001fd4   0x00000032   Code   RO         2316    .text               c_w.l(defsig_general.o)
    0x08002006   0x08002006   0x00000002   PAD
    0x08002008   0x08002008   0x00000034   Code   RO         2320    .text               c_w.l(defsig_rtred_inner.o)
    0x0800203c   0x0800203c   0x00000050   Code   RO         2322    .text               c_w.l(defsig_rtmem_inner.o)
    0x0800208c   0x0800208c   0x0000000e   Code   RO         2330    .text               c_w.l(sys_wrch.o)
    0x0800209a   0x0800209a   0x00000042   Code   RO         2349    .text               c_w.l(ftell.o)
    0x080020dc   0x080020dc   0x0000003e   Code   RO         2362    .text               c_w.l(strlen.o)
    0x0800211a   0x0800211a   0x00000006   PAD
    0x08002120   0x08002120   0x0000007c   Code   RO         2364    .text               c_w.l(strcmpv7em.o)
    0x0800219c   0x0800219c   0x00000008   Code   RO         2369    .text               c_w.l(rt_errno_addr_intlibspace.o)
    0x080021a4   0x080021a4   0x00000002   Code   RO          181    .text.BusFault_Handler  stm32f4xx_it.o
    0x080021a6   0x080021a6   0x00000002   PAD
    0x080021a8   0x080021a8   0x0000000c   Code   RO          191    .text.CAN1_RX0_IRQHandler  stm32f4xx_it.o
    0x080021b4   0x080021b4   0x0000000c   Code   RO          193    .text.CAN1_RX1_IRQHandler  stm32f4xx_it.o
    0x080021c0   0x080021c0   0x0000000c   Code   RO          195    .text.CAN1_SCE_IRQHandler  stm32f4xx_it.o
    0x080021cc   0x080021cc   0x0000000c   Code   RO          189    .text.DMA1_Stream1_IRQHandler  stm32f4xx_it.o
    0x080021d8   0x080021d8   0x0000000c   Code   RO          203    .text.DMA2_Stream1_IRQHandler  stm32f4xx_it.o
    0x080021e4   0x080021e4   0x0000000c   Code   RO          205    .text.DMA2_Stream2_IRQHandler  stm32f4xx_it.o
    0x080021f0   0x080021f0   0x0000000c   Code   RO          207    .text.DMA2_Stream7_IRQHandler  stm32f4xx_it.o
    0x080021fc   0x080021fc   0x00000002   Code   RO          185    .text.DebugMon_Handler  stm32f4xx_it.o
    0x080021fe   0x080021fe   0x00000002   PAD
    0x08002200   0x08002200   0x00000002   Code   RO           38    .text.Error_Handler  main.o
    0x08002202   0x08002202   0x00000002   PAD
    0x08002204   0x08002204   0x0000002e   Code   RO          261    .text.HAL_CAN_ActivateNotification  stm32f4xx_hal_can.o
    0x08002232   0x08002232   0x00000002   PAD
    0x08002234   0x08002234   0x000000a4   Code   RO          247    .text.HAL_CAN_AddTxMessage  stm32f4xx_hal_can.o
    0x080022d8   0x080022d8   0x000000de   Code   RO          237    .text.HAL_CAN_ConfigFilter  stm32f4xx_hal_can.o
    0x080023b6   0x080023b6   0x00000002   PAD
    0x080023b8   0x080023b8   0x00000002   Code   RO          291    .text.HAL_CAN_ErrorCallback  stm32f4xx_hal_can.o
    0x080023ba   0x080023ba   0x00000002   PAD
    0x080023bc   0x080023bc   0x00000020   Code   RO          259    .text.HAL_CAN_GetRxFifoFillLevel  stm32f4xx_hal_can.o
    0x080023dc   0x080023dc   0x0000012e   Code   RO          257    .text.HAL_CAN_GetRxMessage  stm32f4xx_hal_can.o
    0x0800250a   0x0800250a   0x00000002   PAD
    0x0800250c   0x0800250c   0x00000028   Code   RO          251    .text.HAL_CAN_GetTxMailboxesFreeLevel  stm32f4xx_hal_can.o
    0x08002534   0x08002534   0x0000025e   Code   RO          265    .text.HAL_CAN_IRQHandler  stm32f4xx_hal_can.o
    0x08002792   0x08002792   0x00000002   PAD
    0x08002794   0x08002794   0x000000f4   Code   RO          227    .text.HAL_CAN_Init  stm32f4xx_hal_can.o
    0x08002888   0x08002888   0x00000150   Code   RO          108    .text.HAL_CAN_MspInit  can.o
    0x080029d8   0x080029d8   0x00000002   Code   RO          279    .text.HAL_CAN_RxFifo0FullCallback  stm32f4xx_hal_can.o
    0x080029da   0x080029da   0x00000002   PAD
    0x080029dc   0x080029dc   0x00000036   Code   RO           28    .text.HAL_CAN_RxFifo0MsgPendingCallback  main.o
    0x08002a12   0x08002a12   0x00000002   PAD
    0x08002a14   0x08002a14   0x00000002   Code   RO          283    .text.HAL_CAN_RxFifo1FullCallback  stm32f4xx_hal_can.o
    0x08002a16   0x08002a16   0x00000002   PAD
    0x08002a18   0x08002a18   0x00000002   Code   RO          285    .text.HAL_CAN_RxFifo1MsgPendingCallback  stm32f4xx_hal_can.o
    0x08002a1a   0x08002a1a   0x00000002   PAD
    0x08002a1c   0x08002a1c   0x00000002   Code   RO          287    .text.HAL_CAN_SleepCallback  stm32f4xx_hal_can.o
    0x08002a1e   0x08002a1e   0x00000002   PAD
    0x08002a20   0x08002a20   0x0000005a   Code   RO          239    .text.HAL_CAN_Start  stm32f4xx_hal_can.o
    0x08002a7a   0x08002a7a   0x00000002   PAD
    0x08002a7c   0x08002a7c   0x00000002   Code   RO          269    .text.HAL_CAN_TxMailbox0AbortCallback  stm32f4xx_hal_can.o
    0x08002a7e   0x08002a7e   0x00000002   PAD
    0x08002a80   0x08002a80   0x00000002   Code   RO          267    .text.HAL_CAN_TxMailbox0CompleteCallback  stm32f4xx_hal_can.o
    0x08002a82   0x08002a82   0x00000002   PAD
    0x08002a84   0x08002a84   0x00000002   Code   RO          273    .text.HAL_CAN_TxMailbox1AbortCallback  stm32f4xx_hal_can.o
    0x08002a86   0x08002a86   0x00000002   PAD
    0x08002a88   0x08002a88   0x00000002   Code   RO          271    .text.HAL_CAN_TxMailbox1CompleteCallback  stm32f4xx_hal_can.o
    0x08002a8a   0x08002a8a   0x00000002   PAD
    0x08002a8c   0x08002a8c   0x00000002   Code   RO          277    .text.HAL_CAN_TxMailbox2AbortCallback  stm32f4xx_hal_can.o
    0x08002a8e   0x08002a8e   0x00000002   PAD
    0x08002a90   0x08002a90   0x00000002   Code   RO          275    .text.HAL_CAN_TxMailbox2CompleteCallback  stm32f4xx_hal_can.o
    0x08002a92   0x08002a92   0x00000002   PAD
    0x08002a94   0x08002a94   0x00000002   Code   RO          289    .text.HAL_CAN_WakeUpFromRxMsgCallback  stm32f4xx_hal_can.o
    0x08002a96   0x08002a96   0x00000002   PAD
    0x08002a98   0x08002a98   0x0000008e   Code   RO          463    .text.HAL_DMA_Abort  stm32f4xx_hal_dma.o
    0x08002b26   0x08002b26   0x00000002   PAD
    0x08002b28   0x08002b28   0x00000024   Code   RO          465    .text.HAL_DMA_Abort_IT  stm32f4xx_hal_dma.o
    0x08002b4c   0x08002b4c   0x000001c4   Code   RO          469    .text.HAL_DMA_IRQHandler  stm32f4xx_hal_dma.o
    0x08002d10   0x08002d10   0x00000162   Code   RO          455    .text.HAL_DMA_Init  stm32f4xx_hal_dma.o
    0x08002e72   0x08002e72   0x00000002   PAD
    0x08002e74   0x08002e74   0x000000a2   Code   RO          461    .text.HAL_DMA_Start_IT  stm32f4xx_hal_dma.o
    0x08002f16   0x08002f16   0x00000002   PAD
    0x08002f18   0x08002f18   0x0000019e   Code   RO          417    .text.HAL_GPIO_Init  stm32f4xx_hal_gpio.o
    0x080030b6   0x080030b6   0x00000002   PAD
    0x080030b8   0x080030b8   0x0000000c   Code   RO          614    .text.HAL_GetTick   stm32f4xx_hal.o
    0x080030c4   0x080030c4   0x0000001a   Code   RO          612    .text.HAL_IncTick   stm32f4xx_hal.o
    0x080030de   0x080030de   0x00000002   PAD
    0x080030e0   0x080030e0   0x00000036   Code   RO          602    .text.HAL_Init      stm32f4xx_hal.o
    0x08003116   0x08003116   0x00000002   PAD
    0x08003118   0x08003118   0x00000048   Code   RO          604    .text.HAL_InitTick  stm32f4xx_hal.o
    0x08003160   0x08003160   0x00000042   Code   RO          218    .text.HAL_MspInit   stm32f4xx_hal_msp.o
    0x080031a2   0x080031a2   0x00000002   PAD
    0x080031a4   0x080031a4   0x00000022   Code   RO          554    .text.HAL_NVIC_EnableIRQ  stm32f4xx_hal_cortex.o
    0x080031c6   0x080031c6   0x00000002   PAD
    0x080031c8   0x080031c8   0x00000056   Code   RO          552    .text.HAL_NVIC_SetPriority  stm32f4xx_hal_cortex.o
    0x0800321e   0x0800321e   0x00000002   PAD
    0x08003220   0x08003220   0x00000020   Code   RO          550    .text.HAL_NVIC_SetPriorityGrouping  stm32f4xx_hal_cortex.o
    0x08003240   0x08003240   0x00000164   Code   RO          311    .text.HAL_RCC_ClockConfig  stm32f4xx_hal_rcc.o
    0x080033a4   0x080033a4   0x00000026   Code   RO          323    .text.HAL_RCC_GetPCLK1Freq  stm32f4xx_hal_rcc.o
    0x080033ca   0x080033ca   0x00000002   PAD
    0x080033cc   0x080033cc   0x00000026   Code   RO          325    .text.HAL_RCC_GetPCLK2Freq  stm32f4xx_hal_rcc.o
    0x080033f2   0x080033f2   0x00000002   PAD
    0x080033f4   0x080033f4   0x0000006a   Code   RO          313    .text.HAL_RCC_GetSysClockFreq  stm32f4xx_hal_rcc.o
    0x0800345e   0x0800345e   0x00000002   PAD
    0x08003460   0x08003460   0x000003ac   Code   RO          309    .text.HAL_RCC_OscConfig  stm32f4xx_hal_rcc.o
    0x0800380c   0x0800380c   0x0000002c   Code   RO          562    .text.HAL_SYSTICK_Config  stm32f4xx_hal_cortex.o
    0x08003838   0x08003838   0x00000002   Code   RO          997    .text.HAL_TIMEx_BreakCallback  stm32f4xx_hal_tim_ex.o
    0x0800383a   0x0800383a   0x00000002   PAD
    0x0800383c   0x0800383c   0x00000002   Code   RO          993    .text.HAL_TIMEx_CommutCallback  stm32f4xx_hal_tim_ex.o
    0x0800383e   0x0800383e   0x00000002   PAD
    0x08003840   0x08003840   0x000000ba   Code   RO          987    .text.HAL_TIMEx_MasterConfigSynchronization  stm32f4xx_hal_tim_ex.o
    0x080038fa   0x080038fa   0x00000002   PAD
    0x080038fc   0x080038fc   0x0000005a   Code   RO          692    .text.HAL_TIM_Base_Init  stm32f4xx_hal_tim.o
    0x08003956   0x08003956   0x00000002   PAD
    0x08003958   0x08003958   0x00000076   Code   RO          136    .text.HAL_TIM_Base_MspInit  tim.o
    0x080039ce   0x080039ce   0x00000002   PAD
    0x080039d0   0x080039d0   0x000000aa   Code   RO          706    .text.HAL_TIM_Base_Start_IT  stm32f4xx_hal_tim.o
    0x08003a7a   0x08003a7a   0x00000002   PAD
    0x08003a7c   0x08003a7c   0x000001a0   Code   RO          872    .text.HAL_TIM_ConfigClockSource  stm32f4xx_hal_tim.o
    0x08003c1c   0x08003c1c   0x00000002   Code   RO          828    .text.HAL_TIM_IC_CaptureCallback  stm32f4xx_hal_tim.o
    0x08003c1e   0x08003c1e   0x00000002   PAD
    0x08003c20   0x08003c20   0x0000014e   Code   RO          826    .text.HAL_TIM_IRQHandler  stm32f4xx_hal_tim.o
    0x08003d6e   0x08003d6e   0x00000002   PAD
    0x08003d70   0x08003d70   0x00000002   Code   RO          830    .text.HAL_TIM_OC_DelayElapsedCallback  stm32f4xx_hal_tim.o
    0x08003d72   0x08003d72   0x00000002   PAD
    0x08003d74   0x08003d74   0x00000002   Code   RO          832    .text.HAL_TIM_PWM_PulseFinishedCallback  stm32f4xx_hal_tim.o
    0x08003d76   0x08003d76   0x00000002   PAD
    0x08003d78   0x08003d78   0x000002dc   Code   RO           30    .text.HAL_TIM_PeriodElapsedCallback  main.o
    0x08004054   0x08004054   0x00000002   Code   RO          836    .text.HAL_TIM_TriggerCallback  stm32f4xx_hal_tim.o
    0x08004056   0x08004056   0x00000002   PAD
    0x08004058   0x08004058   0x000001ee   Code   RO         1059    .text.HAL_UARTEx_ReceiveToIdle_DMA  stm32f4xx_hal_uart.o
    0x08004246   0x08004246   0x00000002   PAD
    0x08004248   0x08004248   0x0000008c   Code   RO         1153    .text.HAL_UARTEx_RxEventCallback  yaokongqi.o
    0x080042d4   0x080042d4   0x00000002   Code   RO         1095    .text.HAL_UART_ErrorCallback  stm32f4xx_hal_uart.o
    0x080042d6   0x080042d6   0x00000002   PAD
    0x080042d8   0x080042d8   0x00000594   Code   RO         1089    .text.HAL_UART_IRQHandler  stm32f4xx_hal_uart.o
    0x0800486c   0x0800486c   0x00000060   Code   RO         1011    .text.HAL_UART_Init  stm32f4xx_hal_uart.o
    0x080048cc   0x080048cc   0x0000024e   Code   RO          156    .text.HAL_UART_MspInit  usart.o
    0x08004b1a   0x08004b1a   0x00000002   PAD
    0x08004b1c   0x08004b1c   0x00000180   Code   RO         1045    .text.HAL_UART_Receive_DMA  stm32f4xx_hal_uart.o
    0x08004c9c   0x08004c9c   0x0000003a   Code   RO           24    .text.HAL_UART_RxCpltCallback  main.o
    0x08004cd6   0x08004cd6   0x00000002   PAD
    0x08004cd8   0x08004cd8   0x00000002   Code   RO         1105    .text.HAL_UART_RxHalfCpltCallback  stm32f4xx_hal_uart.o
    0x08004cda   0x08004cda   0x00000002   PAD
    0x08004cdc   0x08004cdc   0x000000d4   Code   RO         1037    .text.HAL_UART_Transmit_DMA  stm32f4xx_hal_uart.o
    0x08004db0   0x08004db0   0x00000002   Code   RO         1099    .text.HAL_UART_TxCpltCallback  stm32f4xx_hal_uart.o
    0x08004db2   0x08004db2   0x00000002   PAD
    0x08004db4   0x08004db4   0x00000002   Code   RO         1101    .text.HAL_UART_TxHalfCpltCallback  stm32f4xx_hal_uart.o
    0x08004db6   0x08004db6   0x00000002   PAD
    0x08004db8   0x08004db8   0x00000002   Code   RO          177    .text.HardFault_Handler  stm32f4xx_it.o
    0x08004dba   0x08004dba   0x00000002   PAD
    0x08004dbc   0x08004dbc   0x00000040   Code   RO          104    .text.MX_CAN1_Init  can.o
    0x08004dfc   0x08004dfc   0x00000036   Code   RO          106    .text.MX_CAN2_Init  can.o
    0x08004e32   0x08004e32   0x00000002   PAD
    0x08004e34   0x08004e34   0x0000007c   Code   RO          123    .text.MX_DMA_Init   dma.o
    0x08004eb0   0x08004eb0   0x00000074   Code   RO           78    .text.MX_GPIO_Init  gpio.o
    0x08004f24   0x08004f24   0x00000076   Code   RO          132    .text.MX_TIM3_Init  tim.o
    0x08004f9a   0x08004f9a   0x00000002   PAD
    0x08004f9c   0x08004f9c   0x00000072   Code   RO          134    .text.MX_TIM4_Init  tim.o
    0x0800500e   0x0800500e   0x00000002   PAD
    0x08005010   0x08005010   0x0000003c   Code   RO          150    .text.MX_USART1_UART_Init  usart.o
    0x0800504c   0x0800504c   0x0000003c   Code   RO          152    .text.MX_USART3_UART_Init  usart.o
    0x08005088   0x08005088   0x0000003c   Code   RO          154    .text.MX_USART6_UART_Init  usart.o
    0x080050c4   0x080050c4   0x00000002   Code   RO          179    .text.MemManage_Handler  stm32f4xx_it.o
    0x080050c6   0x080050c6   0x00000002   PAD
    0x080050c8   0x080050c8   0x00000002   Code   RO          175    .text.NMI_Handler   stm32f4xx_it.o
    0x080050ca   0x080050ca   0x00000006   PAD
    0x080050d0   0x080050d0   0x00000064   Code   RO         1670    .text.PendSV_Handler  port.o
    0x08005134   0x08005134   0x0000000c   PAD
    0x08005140   0x08005140   0x00000024   Code   RO         1654    .text.SVC_Handler   port.o
    0x08005164   0x08005164   0x00000018   Code   RO          187    .text.SysTick_Handler  stm32f4xx_it.o
    0x0800517c   0x0800517c   0x00000012   Code   RO         1133    .text.SystemInit    system_stm32f4xx.o
    0x0800518e   0x0800518e   0x00000002   PAD
    0x08005190   0x08005190   0x0000000c   Code   RO          197    .text.TIM3_IRQHandler  stm32f4xx_it.o
    0x0800519c   0x0800519c   0x0000013a   Code   RO          696    .text.TIM_Base_SetConfig  stm32f4xx_hal_tim.o
    0x080052d6   0x080052d6   0x00000002   PAD
    0x080052d8   0x080052d8   0x0000000a   Code   RO         1093    .text.UART_DMAAbortOnError  stm32f4xx_hal_uart.o
    0x080052e2   0x080052e2   0x00000002   PAD
    0x080052e4   0x080052e4   0x0000017c   Code   RO         1043    .text.UART_DMAError  stm32f4xx_hal_uart.o
    0x08005460   0x08005460   0x0000015e   Code   RO         1121    .text.UART_DMAReceiveCplt  stm32f4xx_hal_uart.o
    0x080055be   0x080055be   0x00000002   PAD
    0x080055c0   0x080055c0   0x00000018   Code   RO         1123    .text.UART_DMARxHalfCplt  stm32f4xx_hal_uart.o
    0x080055d8   0x080055d8   0x000000b0   Code   RO         1039    .text.UART_DMATransmitCplt  stm32f4xx_hal_uart.o
    0x08005688   0x08005688   0x00000006   Code   RO         1041    .text.UART_DMATxHalfCplt  stm32f4xx_hal_uart.o
    0x0800568e   0x0800568e   0x00000002   PAD
    0x08005690   0x08005690   0x000000fe   Code   RO         1091    .text.UART_Receive_IT  stm32f4xx_hal_uart.o
    0x0800578e   0x0800578e   0x00000002   PAD
    0x08005790   0x08005790   0x000000e6   Code   RO         1015    .text.UART_SetConfig  stm32f4xx_hal_uart.o
    0x08005876   0x08005876   0x00000002   PAD
    0x08005878   0x08005878   0x0000000c   Code   RO          199    .text.USART1_IRQHandler  stm32f4xx_it.o
    0x08005884   0x08005884   0x0000000c   Code   RO          201    .text.USART3_IRQHandler  stm32f4xx_it.o
    0x08005890   0x08005890   0x0000000c   Code   RO          209    .text.USART6_IRQHandler  stm32f4xx_it.o
    0x0800589c   0x0800589c   0x00000002   Code   RO          183    .text.UsageFault_Handler  stm32f4xx_it.o
    0x0800589e   0x0800589e   0x00000002   PAD
    0x080058a0   0x080058a0   0x000001c4   Code   RO           40    .text._GLOBAL__sub_I_main.c  main.o
    0x08005a64   0x08005a64   0x000000a6   Code   RO           36    .text._Z18SystemClock_Configv  main.o
    0x08005b0a   0x08005b0a   0x00000002   PAD
    0x08005b0c   0x08005b0c   0x00000026   Code   RO         1734    .text._ZL17operator_new_implj  libcpp_w.l(new.cpp.o)
    0x08005b32   0x08005b32   0x00000002   PAD
    0x08005b34   0x08005b34   0x0000004a   Code   RO         1752    .text._ZL25operator_new_aligned_impljSt11align_val_t  libcpp_w.l(new.cpp.o)
    0x08005b7e   0x08005b7e   0x00000002   PAD
    0x08005b80   0x08005b80   0x00000132   Code   RO         1254    .text._ZN3ALG3PID3PID6UpDateEff  pid.o
    0x08005cb2   0x08005cb2   0x00000002   PAD
    0x08005cb4   0x08005cb4   0x0000001a   Code   RO         1252    .text._ZN3ALG3PID3PIDC2Effffff  pid.o
    0x08005cce   0x08005cce   0x00000002   PAD
    0x08005cd0   0x08005cd0   0x0000000c   Code   RO         1176    .text._ZN3BSP11WATCH_STATE10StateWatch14UpdateLastTimeEv  state_watch.o
    0x08005cdc   0x08005cdc   0x00000106   Code   RO           65    .text._ZN3BSP3IMU10HI12_float10DataUpdateEPh  main.o
    0x08005de2   0x08005de2   0x00000002   PAD
    0x08005de4   0x08005de4   0x00000006   Code   RO           69    .text._ZN3BSP3IMU10HI12_floatD0Ev  main.o
    0x08005dea   0x08005dea   0x00000002   PAD
    0x08005dec   0x08005dec   0x0000034c   Code   RO           71    .text._ZN3BSP3IMU8HI12Base3crcEPh  main.o
    0x08006138   0x08006138   0x00000002   Code   RO           63    .text._ZN3BSP3IMU8HI12BaseD2Ev  main.o
    0x0800613a   0x0800613a   0x00000002   PAD
    0x0800613c   0x0800613c   0x0000008a   Code   RO           67    .text._ZN3BSP5Motor3Dji12DjiMotorBaseILh2EE5ParseERKN3HAL3CAN5FrameE  main.o
    0x080061c6   0x080061c6   0x00000002   PAD
    0x080061c8   0x080061c8   0x00000200   Code   RO           73    .text._ZN3BSP5Motor3Dji12DjiMotorBaseILh2EE9ConfigureEj  main.o
    0x080063c8   0x080063c8   0x00000004   Code   RO         1166    .text._ZN3HAL3CAN20get_can_bus_instanceEv  can_bus.o
    0x080063cc   0x080063cc   0x00000020   Code   RO         1196    .text._ZN3HAL3CAN6CanBus10get_deviceENS0_11CanDeviceIdE  can_bus_impl.o
    0x080063ec   0x080063ec   0x00000094   Code   RO         1188    .text._ZN3HAL3CAN6CanBus8instanceEv  can_bus_impl.o
    0x08006480   0x08006480   0x0000004e   Code   RO         1192    .text._ZN3HAL3CAN6CanBusC2Ev  can_bus_impl.o
    0x080064ce   0x080064ce   0x00000002   PAD
    0x080064d0   0x080064d0   0x00000048   Code   RO         1211    .text._ZN3HAL3CAN6CanBusD0Ev  can_bus_impl.o
    0x08006518   0x08006518   0x00000040   Code   RO         1209    .text._ZN3HAL3CAN6CanBusD2Ev  can_bus_impl.o
    0x08006558   0x08006558   0x000000ac   Code   RO         1228    .text._ZN3HAL3CAN9CanDevice20register_rx_callbackEPFvRKNS0_5FrameEE  can_device_impl.o
    0x08006604   0x08006604   0x00000026   Code   RO         1230    .text._ZN3HAL3CAN9CanDevice20trigger_rx_callbacksERKNS0_5FrameE  can_device_impl.o
    0x0800662a   0x0800662a   0x00000002   PAD
    0x0800662c   0x0800662c   0x00000030   Code   RO         1216    .text._ZN3HAL3CAN9CanDevice4initEv  can_device_impl.o
    0x0800665c   0x0800665c   0x00000056   Code   RO         1222    .text._ZN3HAL3CAN9CanDevice4sendERKNS0_5FrameE  can_device_impl.o
    0x080066b2   0x080066b2   0x00000002   PAD
    0x080066b4   0x080066b4   0x0000002c   Code   RO         1220    .text._ZN3HAL3CAN9CanDevice5startEv  can_device_impl.o
    0x080066e0   0x080066e0   0x00000066   Code   RO         1224    .text._ZN3HAL3CAN9CanDevice7receiveERNS0_5FrameE  can_device_impl.o
    0x08006746   0x08006746   0x00000002   PAD
    0x08006748   0x08006748   0x00000028   Code   RO         1214    .text._ZN3HAL3CAN9CanDeviceC2EP17CAN_HandleTypeDefjj  can_device_impl.o
    0x08006770   0x08006770   0x0000002c   Code   RO         1243    .text._ZN3HAL3CAN9CanDeviceD0Ev  can_device_impl.o
    0x0800679c   0x0800679c   0x0000002c   Code   RO         1241    .text._ZN3HAL3CAN9CanDeviceD2Ev  can_device_impl.o
    0x080067c8   0x080067c8   0x00000016   Code   RO         1198    .text._ZNK3HAL3CAN6CanBus10has_deviceENS0_11CanDeviceIdE  can_bus_impl.o
    0x080067de   0x080067de   0x00000002   PAD
    0x080067e0   0x080067e0   0x00000004   Code   RO         1226    .text._ZNK3HAL3CAN9CanDevice10get_handleEv  can_device_impl.o
    0x080067e4   0x080067e4   0x00000010   Code   RO         1245    .text._ZNKSt3__26vectorIPFvRKN3HAL3CAN5FrameEENS_9allocatorIS7_EEE20__throw_length_errorB8nn190000Ev  can_device_impl.o
    0x080067f4   0x080067f4   0x0000000e   Code   RO         1247    .text._ZNSt3__220__throw_length_errorB8nn190000EPKc  can_device_impl.o
    0x08006802   0x08006802   0x0000001e   Code   RO         1772    .text._ZNSt3__222__libcpp_verbose_abortEPKcz  libcpp_w.l(verbose_abort.cpp.o)
    0x08006820   0x08006820   0x0000000c   Code   RO         1965    .text._ZSt15get_new_handlerv  libcppabi_w.l(cxa_handlers.cpp.o)
    0x0800682c   0x0800682c   0x00000038   Code   RO         1944    .text._ZSt17__throw_bad_allocv  libcpp_w.l(new_helpers.cpp.o)
    0x08006864   0x08006864   0x00000040   Code   RO         1249    .text._ZSt28__throw_bad_array_new_lengthB8nn190000v  can_device_impl.o
    0x080068a4   0x080068a4   0x00000004   Code   RO         1740    .text._ZdlPv        libcpp_w.l(new.cpp.o)
    0x080068a8   0x080068a8   0x00000004   Code   RO         1744    .text._ZdlPvj       libcpp_w.l(new.cpp.o)
    0x080068ac   0x080068ac   0x00000004   Code   RO         1949    .text.abort_message  libcppabi_w.l(abort_message.cpp.o)
    0x080068b0   0x080068b0   0x00000056   Code   RO           34    .text.main          main.o
    0x08006906   0x08006906   0x00000002   PAD
    0x08006908   0x08006908   0x0000000a   Code   RO         1514    .text.osKernelStart  cmsis_os.o
    0x08006912   0x08006912   0x00000002   PAD
    0x08006914   0x08006914   0x000000fc   Code   RO         1412    .text.prvAddNewTaskToReadyList  tasks.o
    0x08006a10   0x08006a10   0x00000086   Code   RO         1442    .text.prvIdleTask   tasks.o
    0x08006a96   0x08006a96   0x00000002   PAD
    0x08006a98   0x08006a98   0x000000f4   Code   RO         1410    .text.prvInitialiseNewTask  tasks.o
    0x08006b8c   0x08006b8c   0x00000028   Code   RO         1662    .text.prvPortStartFirstTask  port.o
    0x08006bb4   0x08006bb4   0x0000003e   Code   RO         1652    .text.prvTaskExitError  port.o
    0x08006bf2   0x08006bf2   0x00000002   PAD
    0x08006bf4   0x08006bf4   0x00000024   Code   RO         1650    .text.pxPortInitialiseStack  port.o
    0x08006c18   0x08006c18   0x0000002c   Code   RO         1776    .text.unlikely.__cxa_guard_acquire  libcppabi_w.l(cxa_guard.cpp.o)
    0x08006c44   0x08006c44   0x00000008   Code   RO         1778    .text.unlikely.__cxa_guard_release  libcppabi_w.l(cxa_guard.cpp.o)
    0x08006c4c   0x08006c4c   0x00000022   Code   RO         1301    .text.uxListRemove  list.o
    0x08006c6e   0x08006c6e   0x00000002   PAD
    0x08006c70   0x08006c70   0x0000001a   Code   RO           86    .text.vApplicationGetIdleTaskMemory  freertos.o
    0x08006c8a   0x08006c8a   0x00000002   PAD
    0x08006c8c   0x08006c8c   0x00000016   Code   RO         1293    .text.vListInitialise  list.o
    0x08006ca2   0x08006ca2   0x00000002   PAD
    0x08006ca4   0x08006ca4   0x00000006   Code   RO         1295    .text.vListInitialiseItem  list.o
    0x08006caa   0x08006caa   0x00000002   PAD
    0x08006cac   0x08006cac   0x0000001a   Code   RO         1297    .text.vListInsertEnd  list.o
    0x08006cc6   0x08006cc6   0x00000002   PAD
    0x08006cc8   0x08006cc8   0x00000014   Code   RO         1660    .text.vPortEnableVFP  port.o
    0x08006cdc   0x08006cdc   0x00000046   Code   RO         1666    .text.vPortEnterCritical  port.o
    0x08006d22   0x08006d22   0x00000002   PAD
    0x08006d24   0x08006d24   0x0000002e   Code   RO         1668    .text.vPortExitCritical  port.o
    0x08006d52   0x08006d52   0x00000002   PAD
    0x08006d54   0x08006d54   0x000000d4   Code   RO         1630    .text.vPortFree     heap_4.o
    0x08006e28   0x08006e28   0x00000034   Code   RO         1658    .text.vPortSetupTimerInterrupt  port.o
    0x08006e5c   0x08006e5c   0x000000cc   Code   RO         1440    .text.vTaskStartScheduler  tasks.o
    0x08006f28   0x08006f28   0x00000010   Code   RO         1420    .text.vTaskSuspendAll  tasks.o
    0x08006f38   0x08006f38   0x0000006e   Code   RO         1434    .text.vTaskSwitchContext  tasks.o
    0x08006fa6   0x08006fa6   0x00000002   PAD
    0x08006fa8   0x08006fa8   0x00000188   Code   RO         1656    .text.xPortStartScheduler  port.o
    0x08007130   0x08007130   0x0000002e   Code   RO         1672    .text.xPortSysTickHandler  port.o
    0x0800715e   0x0800715e   0x00000002   PAD
    0x08007160   0x08007160   0x0000001e   Code   RO         1476    .text.xTaskGetSchedulerState  tasks.o
    0x0800717e   0x0800717e   0x00000002   PAD
    0x08007180   0x08007180   0x00000106   Code   RO         1446    .text.xTaskIncrementTick  tasks.o
    0x08007286   0x08007286   0x00000002   PAD
    0x08007288   0x08007288   0x000000ea   Code   RO         1424    .text.xTaskResumeAll  tasks.o
    0x08007372   0x08007372   0x0000003e   Code   RO         2281    CL$$btod_d2e        c_w.l(btod.o)
    0x080073b0   0x080073b0   0x00000046   Code   RO         2283    CL$$btod_d2e_denorm_low  c_w.l(btod.o)
    0x080073f6   0x080073f6   0x00000060   Code   RO         2282    CL$$btod_d2e_norm_op1  c_w.l(btod.o)
    0x08007456   0x08007456   0x00000002   PAD
    0x08007458   0x08007458   0x00000338   Code   RO         2291    CL$$btod_div_common  c_w.l(btod.o)
    0x08007790   0x08007790   0x000000dc   Code   RO         2288    CL$$btod_e2e        c_w.l(btod.o)
    0x0800786c   0x0800786c   0x0000002a   Code   RO         2285    CL$$btod_ediv       c_w.l(btod.o)
    0x08007896   0x08007896   0x0000002a   Code   RO         2284    CL$$btod_emul       c_w.l(btod.o)
    0x080078c0   0x080078c0   0x00000244   Code   RO         2290    CL$$btod_mult_common  c_w.l(btod.o)
    0x08007b04   0x08007b04   0x00000024   Code   RO         1732    __lcxx_override     libcpp_w.l(new.cpp.o)
    0x08007b28   0x08007b28   0x00000030   Code   RO         2328    i.__ARM_fpclassify  m_wm.l(fpclassify.o)
    0x08007b58   0x08007b58   0x00000070   Code   RO         1784    i.__hardfp_floorf   m_wm.l(floorf.o)
    0x08007bc8   0x08007bc8   0x0000000e   Code   RO         2075    i._is_digit         c_w.l(__printf_wp.o)
    0x08007bd6   0x08007bd6   0x0000001c   Code   RO         2192    i.fputc             c_w.l(fputc.o)
    0x08007bf2   0x08007bf2   0x00000002   PAD
    0x08007bf4   0x08007bf4   0x0000002c   Code   RO         2312    locale$$code        c_w.l(lc_numeric_c.o)
    0x08007c20   0x08007c20   0x0000002c   Code   RO         2356    locale$$code        c_w.l(lc_ctype_c.o)
    0x08007c4c   0x08007c4c   0x00000062   Code   RO         1713    x$fpl$d2f           fz_wm.l(d2f.o)
    0x08007cae   0x08007cae   0x00000002   PAD
    0x08007cb0   0x08007cb0   0x00000150   Code   RO         1715    x$fpl$dadd          fz_wm.l(daddsub_clz.o)
    0x08007e00   0x08007e00   0x00000018   Code   RO         2123    x$fpl$dcmpinf       fz_wm.l(dcmpi.o)
    0x08007e18   0x08007e18   0x00000078   Code   RO         1930    x$fpl$deqf          fz_wm.l(deqf.o)
    0x08007e90   0x08007e90   0x0000002e   Code   RO         1724    x$fpl$dflt          fz_wm.l(dflt_clz.o)
    0x08007ebe   0x08007ebe   0x00000026   Code   RO         1723    x$fpl$dfltu         fz_wm.l(dflt_clz.o)
    0x08007ee4   0x08007ee4   0x00000078   Code   RO         1932    x$fpl$dgeqf         fz_wm.l(dgeqf.o)
    0x08007f5c   0x08007f5c   0x00000078   Code   RO         1934    x$fpl$dleqf         fz_wm.l(dleqf.o)
    0x08007fd4   0x08007fd4   0x00000154   Code   RO         1729    x$fpl$dmul          fz_wm.l(dmul.o)
    0x08008128   0x08008128   0x0000009c   Code   RO         1936    x$fpl$dnaninf       fz_wm.l(dnaninf.o)
    0x080081c4   0x080081c4   0x0000000c   Code   RO         1938    x$fpl$dretinf       fz_wm.l(dretinf.o)
    0x080081d0   0x080081d0   0x000001dc   Code   RO         1717    x$fpl$dsub          fz_wm.l(daddsub_clz.o)
    0x080083ac   0x080083ac   0x00000054   Code   RO         1721    x$fpl$fcmp          fz_wm.l(dcmp.o)
    0x08008400   0x08008400   0x0000001a   Code   RO         2125    x$fpl$fpinit        fz_wm.l(fpinit.o)
    0x0800841a   0x0800841a   0x0000000a   Code   RO         1940    x$fpl$fretinf       fz_wm.l(fretinf.o)
    0x08008424   0x08008424   0x00000004   Code   RO         2127    x$fpl$printf1       fz_wm.l(printf1.o)
    0x08008428   0x08008428   0x00000004   Code   RO         2129    x$fpl$printf2       fz_wm.l(printf2.o)
    0x0800842c   0x0800842c   0x00000000   Code   RO         1942    x$fpl$usenofp       fz_wm.l(usenofp.o)
    0x0800842c   0x0800842c   0x00000008   Data   RO         2034    .constdata          c_w.l(_printf_wctomb.o)
    0x08008434   0x08008434   0x00000028   Data   RO         2063    .constdata          c_w.l(_printf_hex_int_ll_ptr.o)
    0x0800845c   0x0800845c   0x00000011   Data   RO         2083    .constdata          c_w.l(__printf_flags_ss_wp.o)
    0x0800846d   0x0800846d   0x00000004   Data   RO         2148    .constdata          c_w.l(sys_io_names.o)
    0x08008471   0x08008471   0x00000004   Data   RO         2149    .constdata          c_w.l(sys_io_names.o)
    0x08008475   0x08008475   0x00000004   Data   RO         2150    .constdata          c_w.l(sys_io_names.o)
    0x08008479   0x08008479   0x00000026   Data   RO         2180    .constdata          c_w.l(_printf_fp_hex.o)
    0x0800849f   0x0800849f   0x00000001   PAD
    0x080084a0   0x080084a0   0x00000094   Data   RO         2279    .constdata          c_w.l(bigflt0.o)
    0x08008534   0x08008534   0x00000010   Data   RO         1138    .rodata.AHBPrescTable  system_stm32f4xx.o
    0x08008544   0x08008544   0x00000008   Data   RO         1139    .rodata.APBPrescTable  system_stm32f4xx.o
    0x0800854c   0x0800854c   0x00000010   Data   RO           75    .rodata._ZTVN3BSP3IMU10HI12_floatE  main.o
    0x0800855c   0x0800855c   0x0000000c   Data   RO           76    .rodata._ZTVN3BSP5Motor3Dji6GM6020ILh2EEE  main.o
    0x08008568   0x08008568   0x00000018   Data   RO         1200    .rodata._ZTVN3HAL3CAN6CanBusE  can_bus_impl.o
    0x08008580   0x08008580   0x0000002c   Data   RO         1232    .rodata._ZTVN3HAL3CAN9CanDeviceE  can_device_impl.o
    0x080085ac   0x080085ac   0x00000008   Data   RO          479    .rodata.cst8        stm32f4xx_hal_dma.o
    0x080085b4   0x080085b4   0x00000042   Data   RO         1233    .rodata.str1.1      can_device_impl.o
    0x080085f6   0x080085f6   0x00000093   Data   RO         1782    .rodata.str1.1      libcppabi_w.l(cxa_guard.cpp.o)
    0x08008689   0x08008689   0x00000003   PAD
    0x0800868c   0x0800868c   0x00000020   Data   RO         2395    Region$$Table       anon$$obj.o
    0x080086ac   0x080086ac   0x0000001c   Data   RO         2311    locale$$data        c_w.l(lc_numeric_c.o)
    0x080086c8   0x080086c8   0x00000110   Data   RO         2355    locale$$data        c_w.l(lc_ctype_c.o)
    0x080087d8   0x080087d8   0x00000004   Data   RO           53    .init_array         main.o
    0x080087dc   0x080087d8   0x00000000   Data   RO         1708    .init_array         c_w.l(init_aeabi.o)


    Execution Region RW_IRAM1 (Exec base: 0x20000000, Load base: 0x080087e0, Size: 0x00001230, Max: 0x0001c000, ABSOLUTE)

    Exec Addr    Load Addr    Size         Type   Attr      Idx    E Section Name        Object

    0x20000000   0x080087e0   0x00000004   Data   RW         1866    .data               c_w.l(stdio_streams.o)
    0x20000004   0x080087e4   0x00000004   Data   RW         1867    .data               c_w.l(stdio_streams.o)
    0x20000008   0x080087e8   0x00000004   Data   RW         1868    .data               c_w.l(stdio_streams.o)
    0x2000000c   0x080087ec   0x00000008   Data   RW          657    .data..L_MergedGlobals  stm32f4xx_hal.o
    0x20000014   0x080087f4   0x00000004   Data   RW         1137    .data.SystemCoreClock  system_stm32f4xx.o
    0x20000018   0x080087f8   0x00000004   Data   RW         1676    .data.uxCriticalNesting  port.o
    0x2000001c   0x080087fc   0x00000004   PAD
    0x20000020        -       0x00000054   Zero   RW         1863    .bss                c_w.l(stdio_streams.o)
    0x20000074        -       0x00000054   Zero   RW         1864    .bss                c_w.l(stdio_streams.o)
    0x200000c8        -       0x00000054   Zero   RW         1865    .bss                c_w.l(stdio_streams.o)
    0x2000011c        -       0x00000060   Zero   RW         2154    .bss                c_w.l(libspace.o)
    0x2000017c        -       0x00000044   Zero   RW           55    .bss..L_MergedGlobals  main.o
    0x200001c0        -       0x0000002e   Zero   RW         1157    .bss..L_MergedGlobals  yaokongqi.o
    0x200001ee   0x080087fc   0x00000002   PAD
    0x200001f0        -       0x00000058   Zero   RW         1201    .bss..L_MergedGlobals  can_bus_impl.o
    0x20000248        -       0x00000078   Zero   RW         1503    .bss..L_MergedGlobals  tasks.o
    0x200002c0        -       0x00000020   Zero   RW         1641    .bss..L_MergedGlobals  heap_4.o
    0x200002e0        -       0x00000008   Zero   RW         1677    .bss..L_MergedGlobals  port.o
    0x200002e8        -       0x00000028   Zero   RW         1504    .bss..L_MergedGlobals.2  tasks.o
    0x20000310        -       0x00000004   Zero   RW          114    .bss.HAL_RCC_CAN1_CLK_ENABLED  can.o
    0x20000314        -       0x00000004   Zero   RW         2144    .bss.__cxa_new_handler  libcppabi_w.l(cxa_default_handlers.cpp.o)
    0x20000318        -       0x00000150   Zero   RW           42    .bss.gimbal_motor   main.o
    0x20000468        -       0x00000028   Zero   RW          112    .bss.hcan1          can.o
    0x20000490        -       0x00000028   Zero   RW          113    .bss.hcan2          can.o
    0x200004b8        -       0x00000060   Zero   RW          163    .bss.hdma_usart1_rx  usart.o
    0x20000518        -       0x00000060   Zero   RW          164    .bss.hdma_usart1_tx  usart.o
    0x20000578        -       0x00000060   Zero   RW          165    .bss.hdma_usart3_rx  usart.o
    0x200005d8        -       0x00000060   Zero   RW          166    .bss.hdma_usart6_rx  usart.o
    0x20000638        -       0x00000048   Zero   RW          140    .bss.htim3          tim.o
    0x20000680        -       0x00000048   Zero   RW          141    .bss.htim4          tim.o
    0x200006c8        -       0x00000048   Zero   RW          160    .bss.huart1         usart.o
    0x20000710        -       0x00000048   Zero   RW          161    .bss.huart3         usart.o
    0x20000758        -       0x00000048   Zero   RW          162    .bss.huart6         usart.o
    0x200007a0        -       0x0000006c   Zero   RW           43    .bss.imu            main.o
    0x2000080c        -       0x00000040   Zero   RW           49    .bss.imu_rx_buffer  main.o
    0x2000084c        -       0x00000080   Zero   RW           44    .bss.pos_pid        main.o
    0x200008cc        -       0x0000008c   Zero   RW         1502    .bss.pxReadyTasksLists  tasks.o
    0x20000958        -       0x00000080   Zero   RW           45    .bss.speed_pid      main.o
    0x200009d8        -       0x00000004   Zero   RW          656    .bss.uwTick         stm32f4xx_hal.o
    0x200009dc        -       0x00000200   Zero   RW           93    .bss.xIdleStack     freertos.o
    0x20000bdc        -       0x00000054   Zero   RW           92    .bss.xIdleTaskTCBBuffer  freertos.o
    0x20000c30        -       0x00000200   Zero   RW            2    HEAP                startup_stm32f407xx.o
    0x20000e30        -       0x00000400   Zero   RW            1    STACK               startup_stm32f407xx.o


    Execution Region RW_IRAM2 (Exec base: 0x2001c000, Load base: 0x08008800, Size: 0x00000000, Max: 0x00004000, ABSOLUTE)

    **** No section assigned to this execution region ****


==============================================================================

Image component sizes


      Code (inc. data)   RO Data    RW Data    ZI Data      Debug   Object Name

       454          0          0          0         84       6634   can.o
         4          0          0          0          0      25912   can_bus.o
       416          0         24          0         88      36168   can_bus_impl.o
       716         64        110          0          0      68254   can_device_impl.o
        10          0          0          0          0      24813   cmsis_os.o
       124          0          0          0          0       3476   dma.o
        26          0          0          0        596       3068   freertos.o
       116          0          0          0          0       1478   gpio.o
       212          0          0          0         32       5725   heap_4.o
        88          0          0          0          0       2281   list.o
      3314        100         32          0        832      39194   main.o
       332          0          0          0          0      24531   pid.o
       900         16          0          4          8       4317   port.o
        64         26        392          0       1536        816   startup_stm32f407xx.o
        12          0          0          0          0       5145   state_watch.o
       164          0          0          8          4       7270   stm32f4xx_hal.o
      1770          6          0          0          0      13798   stm32f4xx_hal_can.o
       196          0          0          0          0      10687   stm32f4xx_hal_cortex.o
      1146          6          8          0          0      10499   stm32f4xx_hal_dma.o
       414          0          0          0          0       5317   stm32f4xx_hal_gpio.o
        66          0          0          0          0       3501   stm32f4xx_hal_msp.o
      1478          0          0          0          0       7377   stm32f4xx_hal_rcc.o
      1332          0          0          0          0      57395   stm32f4xx_hal_tim.o
       190          0          0          0          0      21452   stm32f4xx_hal_tim_ex.o
      4052          0          0          0          0      32210   stm32f4xx_hal_uart.o
       168          0          0          0          0       8235   stm32f4xx_it.o
        18          0         24          4          0       2554   system_stm32f4xx.o
      1486          8          0          0        300      28200   tasks.o
       350          0          0          0        144       7713   tim.o
       770          0          0          0        600       7744   usart.o
       140          0          0          0         46       4688   yaokongqi.o

    ----------------------------------------------------------------------
     20728        238        622         16       4276     480452   Object Totals
         0          0         32          0          0          0   (incl. Generated)
       200         12          0          0          6          0   (incl. Padding)

    ----------------------------------------------------------------------

      Code (inc. data)   RO Data    RW Data    ZI Data      Debug   Library Member Name

         8          0          0          0          0         68   __main.o
       392          4         17          0          0         92   __printf_flags_ss_wp.o
        14          0          0          0          0         68   __printf_wp.o
         0          0          0          0          0          0   __rtentry.o
        12          0          0          0          0          0   __rtentry2.o
         6          0          0          0          0          0   __rtentry4.o
        94          8          0          0          0          0   __scatter.o
        26          0          0          0          0          0   __scatter_copy.o
        28          0          0          0          0          0   __scatter_zi.o
        72          0          0          0          0         96   _c16rtomb.o
         6          0          0          0          0          0   _printf_a.o
         6          0          0          0          0          0   _printf_c.o
        44          0          0          0          0        108   _printf_char.o
        48          6          0          0          0         96   _printf_char_common.o
        36          4          0          0          0         80   _printf_char_file.o
        40          0          0          0          0         68   _printf_charcount.o
         6          0          0          0          0          0   _printf_d.o
       120         16          0          0          0         92   _printf_dec.o
         6          0          0          0          0          0   _printf_e.o
         6          0          0          0          0          0   _printf_f.o
      1052          0          0          0          0        148   _printf_fp_dec.o
       764          8         38          0          0        100   _printf_fp_hex.o
       128         16          0          0          0         84   _printf_fp_infnan.o
         6          0          0          0          0          0   _printf_g.o
       148          4         40          0          0        160   _printf_hex_int_ll_ptr.o
         6          0          0          0          0          0   _printf_i.o
       178          0          0          0          0         88   _printf_intcommon.o
        10          0          0          0          0          0   _printf_l.o
         6          0          0          0          0          0   _printf_lc.o
        10          0          0          0          0          0   _printf_ll.o
         6          0          0          0          0          0   _printf_lld.o
         6          0          0          0          0          0   _printf_lli.o
         6          0          0          0          0          0   _printf_llo.o
         6          0          0          0          0          0   _printf_llu.o
         6          0          0          0          0          0   _printf_llx.o
       124         16          0          0          0         92   _printf_longlong_dec.o
         6          0          0          0          0          0   _printf_ls.o
         6          0          0          0          0          0   _printf_n.o
         6          0          0          0          0          0   _printf_o.o
       112          8          0          0          0        124   _printf_oct_int_ll.o
         6          0          0          0          0          0   _printf_p.o
        78          0          0          0          0        108   _printf_pad.o
         0          0          0          0          0          0   _printf_percent.o
         4          0          0          0          0          0   _printf_percent_end.o
         6          0          0          0          0          0   _printf_s.o
        82          0          0          0          0         80   _printf_str.o
        36          0          0          0          0         84   _printf_truncate.o
         6          0          0          0          0          0   _printf_u.o
        44          0          0          0          0        108   _printf_wchar.o
       188          6          8          0          0         92   _printf_wctomb.o
         6          0          0          0          0          0   _printf_x.o
        22          0          0          0          0         80   abort.o
        46          0          0          0          0         84   aeabi_atexit.o
       228          4        148          0          0         96   bigflt0.o
      1936        128          0          0          0        668   btod.o
        10          0          0          0          0         68   cxa_atexit.o
        66          0          0          0          0         84   cxa_finalize.o
        48         34          0          0          0         76   defsig_abrt_inner.o
        14          0          0          0          0         80   defsig_abrt_outer.o
        10          0          0          0          0         68   defsig_exit.o
        50          0          0          0          0         88   defsig_general.o
        80         58          0          0          0         76   defsig_rtmem_inner.o
        14          0          0          0          0         80   defsig_rtmem_outer.o
        52         38          0          0          0         76   defsig_rtred_inner.o
        14          0          0          0          0         80   defsig_rtred_outer.o
        18          0          0          0          0         80   exit.o
        76          0          0          0          0         88   fclose.o
         8          0          0          0          0         68   ferror.o
       482          0          0          0          0         92   flsbuf.o
       240          6          0          0          0        128   fopen.o
        28          0          0          0          0         68   fputc.o
       248          6          0          0          0         84   fseek.o
        66          0          0          0          0         76   ftell.o
        94          0          0          0          0         80   h1_alloc.o
        52          0          0          0          0         68   h1_extend.o
        78          0          0          0          0         80   h1_free.o
        12          0          0          0          0         84   h1_init.o
       174          0          0          0          0         88   h1_memalign.o
         6          0          0          0          0        152   heapauxi.o
         4          0          0          0          0        136   hguard.o
         0          0          0          0          0          0   indicate_semi.o
        44          8          0          0          0         80   init_aeabi.o
       138          0          0          0          0        168   init_alloc.o
       312         46          0          0          0        112   initio.o
        44         10        272          0          0         76   lc_ctype_c.o
        44         10         28          0          0         76   lc_numeric_c.o
         2          0          0          0          0          0   libinit.o
        50          0          0          0          0          0   libinit2.o
         2          0          0          0          0          0   libshutdown.o
        12          0          0          0          0          0   libshutdown2.o
         8          4          0          0         96         68   libspace.o
       138          0          0          0          0         80   lludiv10.o
       240          0          0          0          0        100   lludivv7m.o
         0          0          0          0          0          0   maybetermalloc1.o
        16          4          0          0          0         76   rt_ctype_table.o
         8          4          0          0          0         68   rt_ddtor_pointer_addr_intlibspace.o
         8          4          0          0          0         68   rt_errno_addr_intlibspace.o
         8          4          0          0          0         68   rt_heap_descriptor_intlibspace.o
         8          4          0          0          0         68   rt_locale_intlibspace.o
        78          0          0          0          0         80   rt_memclr_w.o
       100          0          0          0          0         80   rt_memcpy_w.o
         2          0          0          0          0          0   rtexit.o
        10          0          0          0          0          0   rtexit2.o
        70          0          0          0          0         80   setvbuf.o
       264          6          0          0          0        160   stdio.o
         0          0          0         12        252          0   stdio_streams.o
       124          0          0          0          0         88   strcmpv7em.o
        62          0          0          0          0         76   strlen.o
        12          4          0          0          0         68   sys_exit.o
       102          0          0          0          0        240   sys_io.o
         0          0         12          0          0          0   sys_io_names.o
        74          0          0          0          0         80   sys_stackheap_outer.o
        14          0          0          0          0         76   sys_wrch.o
         2          0          0          0          0         68   use_no_semi.o
        10          0          0          0          0         68   vfprintf.o
        98          4          0          0          0        140   d2f.o
       812         16          0          0          0        392   daddsub_clz.o
        84          0          0          0          0        244   dcmp.o
        24          0          0          0          0        116   dcmpi.o
       120          4          0          0          0        140   deqf.o
        84          0          0          0          0        232   dflt_clz.o
       120          4          0          0          0        140   dgeqf.o
       120          4          0          0          0        140   dleqf.o
       340         12          0          0          0        152   dmul.o
       156          4          0          0          0        140   dnaninf.o
        12          0          0          0          0        116   dretinf.o
        26          0          0          0          0        116   fpinit.o
        10          0          0          0          0        116   fretinf.o
         4          0          0          0          0        116   printf1.o
         4          0          0          0          0        116   printf2.o
         0          0          0          0          0          0   usenofp.o
       156          0          0          0          0        412   new.cpp.o
        56         48          0          0          0         36   new_helpers.cpp.o
        30          0          0          0          0         40   verbose_abort.cpp.o
         4          0          0          0          0         36   abort_message.cpp.o
         0          0          0          0          4          0   cxa_default_handlers.cpp.o
        52          0        147          0          0         76   cxa_guard.cpp.o
        12          0          0          0          0        132   cxa_handlers.cpp.o
       112         14          0          0          0        116   floorf.o
        48          0          0          0          0        124   fpclassify.o

    ----------------------------------------------------------------------
     12716        588        714         12        352      10772   Library Totals
        32          0          4          0          0          0   (incl. Padding)

    ----------------------------------------------------------------------

      Code (inc. data)   RO Data    RW Data    ZI Data      Debug   Library Name

     10200        478        563         12        348       7384   c_w.l
      2014         48          0          0          0       2416   fz_wm.l
       242         48          0          0          0        488   libcpp_w.l
        68          0        147          0          4        244   libcppabi_w.l
       160         14          0          0          0        240   m_wm.l

    ----------------------------------------------------------------------
     12716        588        714         12        352      10772   Library Totals

    ----------------------------------------------------------------------

==============================================================================


      Code (inc. data)   RO Data    RW Data    ZI Data      Debug   

     33444        826       1336         28       4628     484784   Grand Totals
     33444        826       1336         28       4628     484784   ELF Image Totals
     33444        826       1336         28          0          0   ROM Totals

==============================================================================

    Total RO  Size (Code + RO Data)                34780 (  33.96kB)
    Total RW  Size (RW Data + ZI Data)              4656 (   4.55kB)
    Total ROM Size (Code + RO Data + RW Data)      34808 (  33.99kB)

==============================================================================

